******************************************************************************
                  TI ARM Linker PC v5.2.5                      
******************************************************************************
>> Linked Mon May 16 15:42:54 2016

OUTPUT FILE NAME:   <TIVAC_ExternalInterrupt.out>
ENTRY POINT SYMBOL: "_c_int00"  address: 000007b5


MEMORY CONFIGURATION

         name            origin    length      used     unused   attr    fill
----------------------  --------  ---------  --------  --------  ----  --------
  FLASH                 00000000   00040000  00000a38  0003f5c8  R  X
  SRAM                  20000000   00008000  00000215  00007deb  RW X


SEGMENT ALLOCATION MAP

run origin  load origin   length   init length attrs members
----------  ----------- ---------- ----------- ----- -------
00000000    00000000    00000a38   00000a38    r-x
  00000000    00000000    0000026c   0000026c    r-- .intvecs
  0000026c    0000026c    0000073c   0000073c    r-x .text
  000009a8    000009a8    00000070   00000070    r-- .const
  00000a18    00000a18    00000020   00000020    r-- .cinit
20000000    20000000    00000215   00000000    rw-
  20000000    20000000    00000200   00000000    rw- .stack
  20000200    20000200    00000015   00000000    rw- .data


SECTION ALLOCATION MAP

 output                                  attributes/
section   page    origin      length       input sections
--------  ----  ----------  ----------   ----------------
.intvecs   0    00000000    0000026c     
                  00000000    0000026c     tm4c1231h6pm_startup_ccs.obj (.intvecs)

.text      0    0000026c    0000073c     
                  0000026c    00000130     driverlib.lib : gpio.obj (.text:GPIOPadConfigSet)
                  0000039c    000000f0                   : sysctl.obj (.text:SysCtlClockSet)
                  0000048c    0000009c     rtsv7M4_T_le_v4SPD16_eabi.lib : memcpy_t2.obj (.text)
                  00000528    0000007a                                   : memset_t2.obj (.text)
                  000005a2    00000002     --HOLE-- [fill = 0]
                  000005a4    00000078     main.obj (.text)
                  0000061c    0000006c     rtsv7M4_T_le_v4SPD16_eabi.lib : autoinit.obj (.text)
                  00000688    0000006a                                   : copy_decompress_rle.obj (.text)
                  000006f2    00000002     --HOLE-- [fill = 0]
                  000006f4    00000068     driverlib.lib : interrupt.obj (.text:IntEnable)
                  0000075c    00000056                   : gpio.obj (.text:GPIOIntTypeSet)
                  000007b2    00000002     --HOLE-- [fill = 0]
                  000007b4    00000050     rtsv7M4_T_le_v4SPD16_eabi.lib : boot.obj (.text)
                  00000804    0000004c                                   : cpy_tbl.obj (.text)
                  00000850    00000044                                   : exit.obj (.text)
                  00000894    00000034     driverlib.lib : sysctl.obj (.text:SysCtlPeripheralEnable)
                  000008c8    0000002a                   : gpio.obj (.text:GPIODirModeSet)
                  000008f2    00000018                   : gpio.obj (.text:GPIOPinTypeGPIOOutput)
                  0000090a    00000002     --HOLE-- [fill = 0]
                  0000090c    00000018     rtsv7M4_T_le_v4SPD16_eabi.lib : args_main.obj (.text)
                  00000924    00000014                                   : _lock.obj (.text)
                  00000938    00000012     driverlib.lib : gpio.obj (.text:GPIOPinTypeGPIOInput)
                  0000094a    00000010                   : interrupt.obj (.text:IntMasterEnable)
                  0000095a    0000000e     rtsv7M4_T_le_v4SPD16_eabi.lib : copy_decompress_none.obj (.text:decompress:none)
                  00000968    0000000c     driverlib.lib : cpu.obj (.text:CPUcpsie)
                  00000974    0000000c                   : gpio.obj (.text:GPIOIntEnable)
                  00000980    0000000c     tm4c1231h6pm_startup_ccs.obj (.text)
                  0000098c    00000006     driverlib.lib : gpio.obj (.text:GPIOIntClear)
                  00000992    00000006                   : gpio.obj (.text:GPIOPinWrite)
                  00000998    00000006                   : sysctl.obj (.text:SysCtlDelay)
                  0000099e    00000006     rtsv7M4_T_le_v4SPD16_eabi.lib : copy_decompress_rle.obj (.text:decompress:rle24)
                  000009a4    00000004                                   : pre_init.obj (.text)

.const     0    000009a8    00000070     
                  000009a8    00000070     driverlib.lib : interrupt.obj (.const)

.cinit     0    00000a18    00000020     
                  00000a18    00000010     (.cinit..data.load) [load image, compression = rle]
                  00000a28    00000008     (__TI_handler_table)
                  00000a30    00000008     (__TI_cinit_table)

.init_array 
*          0    00000000    00000000     UNINITIALIZED

.stack     0    20000000    00000200     UNINITIALIZED
                  20000000    00000200     --HOLE--

.data      0    20000200    00000015     UNINITIALIZED
                  20000200    00000008     rtsv7M4_T_le_v4SPD16_eabi.lib : _lock.obj (.data)
                  20000208    00000008                                   : exit.obj (.data)
                  20000210    00000004                                   : stkdepth_vars.obj (.data)
                  20000214    00000001     main.obj (.data)

.TI.persistent 
*          0    20000200    00000000     UNINITIALIZED


LINKER GENERATED COPY TABLES

__TI_cinit_table @ 00000a30 records: 1, size/record: 8, table size: 8
	.data: load addr=00000a18, load size=00000010 bytes, run addr=20000200, run size=00000015 bytes, compression=rle


LINKER GENERATED HANDLER TABLE

__TI_handler_table @ 00000a28 records: 2, size/record: 4, table size: 8
	index: 0, handler: __TI_decompress_rle24
	index: 1, handler: __TI_decompress_none


GLOBAL SYMBOLS: SORTED ALPHABETICALLY BY Name 

address   name                    
-------   ----                    
00000851  C$$EXIT                 
00000969  CPUcpsie                
000008c9  GPIODirModeSet          
000005ed  GPIOF_Handler           
0000098d  GPIOIntClear            
00000975  GPIOIntEnable           
0000075d  GPIOIntTypeSet          
0000026d  GPIOPadConfigSet        
00000939  GPIOPinTypeGPIOInput    
000008f3  GPIOPinTypeGPIOOutput   
00000993  GPIOPinWrite            
000006f5  IntEnable               
0000094b  IntMasterEnable         
00000981  ResetISR                
UNDEFED   SHT$$INIT_ARRAY$$Base   
UNDEFED   SHT$$INIT_ARRAY$$Limit  
0000039d  SysCtlClockSet          
00000999  SysCtlDelay             
00000895  SysCtlPeripheralEnable  
20000200  __STACK_END             
00000200  __STACK_SIZE            
20000200  __STACK_TOP             
00000a30  __TI_CINIT_Base         
00000a38  __TI_CINIT_Limit        
00000a28  __TI_Handler_Table_Base 
00000a30  __TI_Handler_Table_Limit
0000061d  __TI_auto_init          
20000208  __TI_cleanup_ptr        
0000095b  __TI_decompress_none    
0000099f  __TI_decompress_rle24   
2000020c  __TI_dtors_ptr          
00000000  __TI_static_base__      
00000529  __aeabi_memclr          
00000529  __aeabi_memclr4         
00000529  __aeabi_memclr8         
0000048d  __aeabi_memcpy          
0000048d  __aeabi_memcpy4         
0000048d  __aeabi_memcpy8         
0000052b  __aeabi_memset          
0000052b  __aeabi_memset4         
0000052b  __aeabi_memset8         
ffffffff  __binit__               
ffffffff  __c_args__              
20000000  __stack                 
0000090d  _args_main              
000007b5  _c_int00                
20000200  _lock                   
00000933  _nop                    
0000092b  _register_lock          
00000925  _register_unlock        
000009a5  _system_pre_init        
20000204  _unlock                 
00000855  abort                   
ffffffff  binit                   
00000805  copy_in                 
20000214  counter                 
0000085d  exit                    
00000000  g_pfnVectors            
000005a5  main                    
20000210  main_func_sp            
0000048d  memcpy                  
00000531  memset                  


GLOBAL SYMBOLS: SORTED BY Symbol Address 

address   name                    
-------   ----                    
00000000  __TI_static_base__      
00000000  g_pfnVectors            
00000200  __STACK_SIZE            
0000026d  GPIOPadConfigSet        
0000039d  SysCtlClockSet          
0000048d  __aeabi_memcpy          
0000048d  __aeabi_memcpy4         
0000048d  __aeabi_memcpy8         
0000048d  memcpy                  
00000529  __aeabi_memclr          
00000529  __aeabi_memclr4         
00000529  __aeabi_memclr8         
0000052b  __aeabi_memset          
0000052b  __aeabi_memset4         
0000052b  __aeabi_memset8         
00000531  memset                  
000005a5  main                    
000005ed  GPIOF_Handler           
0000061d  __TI_auto_init          
000006f5  IntEnable               
0000075d  GPIOIntTypeSet          
000007b5  _c_int00                
00000805  copy_in                 
00000851  C$$EXIT                 
00000855  abort                   
0000085d  exit                    
00000895  SysCtlPeripheralEnable  
000008c9  GPIODirModeSet          
000008f3  GPIOPinTypeGPIOOutput   
0000090d  _args_main              
00000925  _register_unlock        
0000092b  _register_lock          
00000933  _nop                    
00000939  GPIOPinTypeGPIOInput    
0000094b  IntMasterEnable         
0000095b  __TI_decompress_none    
00000969  CPUcpsie                
00000975  GPIOIntEnable           
00000981  ResetISR                
0000098d  GPIOIntClear            
00000993  GPIOPinWrite            
00000999  SysCtlDelay             
0000099f  __TI_decompress_rle24   
000009a5  _system_pre_init        
00000a28  __TI_Handler_Table_Base 
00000a30  __TI_CINIT_Base         
00000a30  __TI_Handler_Table_Limit
00000a38  __TI_CINIT_Limit        
20000000  __stack                 
20000200  __STACK_END             
20000200  __STACK_TOP             
20000200  _lock                   
20000204  _unlock                 
20000208  __TI_cleanup_ptr        
2000020c  __TI_dtors_ptr          
20000210  main_func_sp            
20000214  counter                 
ffffffff  __binit__               
ffffffff  __c_args__              
ffffffff  binit                   
UNDEFED   SHT$$INIT_ARRAY$$Base   
UNDEFED   SHT$$INIT_ARRAY$$Limit  

[62 symbols]
