******************************************************************************
                  TI ARM Linker PC v5.2.5                      
******************************************************************************
>> Linked Mon May 16 16:33:25 2016

OUTPUT FILE NAME:   <TIVAC_ExternalInterrupt_LAB3.out>
ENTRY POINT SYMBOL: "_c_int00"  address: 000007fd


MEMORY CONFIGURATION

         name            origin    length      used     unused   attr    fill
----------------------  --------  ---------  --------  --------  ----  --------
  FLASH                 00000000   00040000  00000a90  0003f570  R  X
  SRAM                  20000000   00008000  00000215  00007deb  RW X


SEGMENT ALLOCATION MAP

run origin  load origin   length   init length attrs members
----------  ----------- ---------- ----------- ----- -------
00000000    00000000    00000a98   00000a98    r-x
  00000000    00000000    0000026c   0000026c    r-- .intvecs
  00000270    00000270    00000794   00000794    r-x .text
  00000a04    00000a04    00000070   00000070    r-- .const
  00000a78    00000a78    00000020   00000020    r-- .cinit
20000000    20000000    00000215   00000000    rw-
  20000000    20000000    00000200   00000000    rw- .stack
  20000200    20000200    00000015   00000000    rw- .data


SECTION ALLOCATION MAP

 output                                  attributes/
section   page    origin      length       input sections
--------  ----  ----------  ----------   ----------------
.intvecs   0    00000000    0000026c     
                  00000000    0000026c     tm4c1231h6pm_startup_ccs.obj (.intvecs)

.text      0    00000270    00000794     
                  00000270    00000130     driverlib.lib : gpio.obj (.text:GPIOPadConfigSet)
                  000003a0    000000f0                   : sysctl.obj (.text:SysCtlClockSet)
                  00000490    000000be     main.obj (.text)
                  0000054e    0000009c     rtsv7M4_T_le_v4SPD16_eabi.lib : memcpy_t2.obj (.text)
                  000005ea    0000007a                                   : memset_t2.obj (.text)
                  00000664    0000006c                                   : autoinit.obj (.text)
                  000006d0    0000006a                                   : copy_decompress_rle.obj (.text)
                  0000073a    00000002     --HOLE-- [fill = 0]
                  0000073c    00000068     driverlib.lib : interrupt.obj (.text:IntEnable)
                  000007a4    00000056                   : gpio.obj (.text:GPIOIntTypeSet)
                  000007fa    00000002     --HOLE-- [fill = 0]
                  000007fc    00000050     rtsv7M4_T_le_v4SPD16_eabi.lib : boot.obj (.text)
                  0000084c    0000004c                                   : cpy_tbl.obj (.text)
                  00000898    00000044                                   : exit.obj (.text)
                  000008dc    00000034     driverlib.lib : sysctl.obj (.text:SysCtlPeripheralEnable)
                  00000910    0000002a                   : gpio.obj (.text:GPIODirModeSet)
                  0000093a    00000006                   : gpio.obj (.text:GPIOIntClear)
                  00000940    0000001a     tm4c1231h6pm_startup_ccs.obj (.text)
                  0000095a    00000018     driverlib.lib : gpio.obj (.text:GPIOPinTypeGPIOOutput)
                  00000972    00000002     --HOLE-- [fill = 0]
                  00000974    00000018     rtsv7M4_T_le_v4SPD16_eabi.lib : args_main.obj (.text)
                  0000098c    00000014                                   : _lock.obj (.text)
                  000009a0    00000012     driverlib.lib : gpio.obj (.text:GPIOPinTypeGPIOInput)
                  000009b2    00000010                   : interrupt.obj (.text:IntMasterEnable)
                  000009c2    0000000e     rtsv7M4_T_le_v4SPD16_eabi.lib : copy_decompress_none.obj (.text:decompress:none)
                  000009d0    0000000c     driverlib.lib : cpu.obj (.text:CPUcpsie)
                  000009dc    0000000c                   : gpio.obj (.text:GPIOIntEnable)
                  000009e8    00000006                   : gpio.obj (.text:GPIOPinRead)
                  000009ee    00000006                   : gpio.obj (.text:GPIOPinWrite)
                  000009f4    00000006                   : sysctl.obj (.text:SysCtlDelay)
                  000009fa    00000006     rtsv7M4_T_le_v4SPD16_eabi.lib : copy_decompress_rle.obj (.text:decompress:rle24)
                  00000a00    00000004                                   : pre_init.obj (.text)

.const     0    00000a04    00000070     
                  00000a04    00000070     driverlib.lib : interrupt.obj (.const)

.cinit     0    00000a78    00000020     
                  00000a78    00000010     (.cinit..data.load) [load image, compression = rle]
                  00000a88    00000008     (__TI_handler_table)
                  00000a90    00000008     (__TI_cinit_table)

.init_array 
*          0    00000000    00000000     UNINITIALIZED

.stack     0    20000000    00000200     UNINITIALIZED
                  20000000    00000200     --HOLE--

.data      0    20000200    00000015     UNINITIALIZED
                  20000200    00000008     rtsv7M4_T_le_v4SPD16_eabi.lib : _lock.obj (.data)
                  20000208    00000008                                   : exit.obj (.data)
                  20000210    00000004                                   : stkdepth_vars.obj (.data)
                  20000214    00000001     main.obj (.data)

.TI.persistent 
*          0    20000200    00000000     UNINITIALIZED


LINKER GENERATED COPY TABLES

__TI_cinit_table @ 00000a90 records: 1, size/record: 8, table size: 8
	.data: load addr=00000a78, load size=00000010 bytes, run addr=20000200, run size=00000015 bytes, compression=rle


LINKER GENERATED HANDLER TABLE

__TI_handler_table @ 00000a88 records: 2, size/record: 4, table size: 8
	index: 0, handler: __TI_decompress_rle24
	index: 1, handler: __TI_decompress_none


GLOBAL SYMBOLS: SORTED ALPHABETICALLY BY Name 

address   name                    
-------   ----                    
00000899  C$$EXIT                 
000009d1  CPUcpsie                
00000911  GPIODirModeSet          
00000511  GPIOF_SW1_Handler       
0000093b  GPIOIntClear            
000009dd  GPIOIntEnable           
000007a5  GPIOIntTypeSet          
00000271  GPIOPadConfigSet        
000009e9  GPIOPinRead             
000009a1  GPIOPinTypeGPIOInput    
0000095b  GPIOPinTypeGPIOOutput   
000009ef  GPIOPinWrite            
0000073d  IntEnable               
000009b3  IntMasterEnable         
00000941  ResetISR                
UNDEFED   SHT$$INIT_ARRAY$$Base   
UNDEFED   SHT$$INIT_ARRAY$$Limit  
000003a1  SysCtlClockSet          
000009f5  SysCtlDelay             
000008dd  SysCtlPeripheralEnable  
20000200  __STACK_END             
00000200  __STACK_SIZE            
20000200  __STACK_TOP             
00000a90  __TI_CINIT_Base         
00000a98  __TI_CINIT_Limit        
00000a88  __TI_Handler_Table_Base 
00000a90  __TI_Handler_Table_Limit
00000665  __TI_auto_init          
20000208  __TI_cleanup_ptr        
000009c3  __TI_decompress_none    
000009fb  __TI_decompress_rle24   
2000020c  __TI_dtors_ptr          
00000000  __TI_static_base__      
000005eb  __aeabi_memclr          
000005eb  __aeabi_memclr4         
000005eb  __aeabi_memclr8         
0000054f  __aeabi_memcpy          
0000054f  __aeabi_memcpy4         
0000054f  __aeabi_memcpy8         
000005ed  __aeabi_memset          
000005ed  __aeabi_memset4         
000005ed  __aeabi_memset8         
ffffffff  __binit__               
ffffffff  __c_args__              
20000000  __stack                 
00000975  _args_main              
000007fd  _c_int00                
20000200  _lock                   
0000099b  _nop                    
00000993  _register_lock          
0000098d  _register_unlock        
00000a01  _system_pre_init        
20000204  _unlock                 
0000089d  abort                   
ffffffff  binit                   
0000084d  copy_in                 
20000214  counter                 
000008a5  exit                    
00000000  g_pfnVectors            
00000491  main                    
20000210  main_func_sp            
0000054f  memcpy                  
000005f3  memset                  


GLOBAL SYMBOLS: SORTED BY Symbol Address 

address   name                    
-------   ----                    
00000000  __TI_static_base__      
00000000  g_pfnVectors            
00000200  __STACK_SIZE            
00000271  GPIOPadConfigSet        
000003a1  SysCtlClockSet          
00000491  main                    
00000511  GPIOF_SW1_Handler       
0000054f  __aeabi_memcpy          
0000054f  __aeabi_memcpy4         
0000054f  __aeabi_memcpy8         
0000054f  memcpy                  
000005eb  __aeabi_memclr          
000005eb  __aeabi_memclr4         
000005eb  __aeabi_memclr8         
000005ed  __aeabi_memset          
000005ed  __aeabi_memset4         
000005ed  __aeabi_memset8         
000005f3  memset                  
00000665  __TI_auto_init          
0000073d  IntEnable               
000007a5  GPIOIntTypeSet          
000007fd  _c_int00                
0000084d  copy_in                 
00000899  C$$EXIT                 
0000089d  abort                   
000008a5  exit                    
000008dd  SysCtlPeripheralEnable  
00000911  GPIODirModeSet          
0000093b  GPIOIntClear            
00000941  ResetISR                
0000095b  GPIOPinTypeGPIOOutput   
00000975  _args_main              
0000098d  _register_unlock        
00000993  _register_lock          
0000099b  _nop                    
000009a1  GPIOPinTypeGPIOInput    
000009b3  IntMasterEnable         
000009c3  __TI_decompress_none    
000009d1  CPUcpsie                
000009dd  GPIOIntEnable           
000009e9  GPIOPinRead             
000009ef  GPIOPinWrite            
000009f5  SysCtlDelay             
000009fb  __TI_decompress_rle24   
00000a01  _system_pre_init        
00000a88  __TI_Handler_Table_Base 
00000a90  __TI_CINIT_Base         
00000a90  __TI_Handler_Table_Limit
00000a98  __TI_CINIT_Limit        
20000000  __stack                 
20000200  __STACK_END             
20000200  __STACK_TOP             
20000200  _lock                   
20000204  _unlock                 
20000208  __TI_cleanup_ptr        
2000020c  __TI_dtors_ptr          
20000210  main_func_sp            
20000214  counter                 
ffffffff  __binit__               
ffffffff  __c_args__              
ffffffff  binit                   
UNDEFED   SHT$$INIT_ARRAY$$Base   
UNDEFED   SHT$$INIT_ARRAY$$Limit  

[63 symbols]
