******************************************************************************
                  TI ARM Linker PC v5.2.5                      
******************************************************************************
>> Linked Wed Apr 27 16:47:18 2016

OUTPUT FILE NAME:   <TIVAC_lab2B_GPIO_Output_Bitband.out>
ENTRY POINT SYMBOL: "_c_int00"  address: 0000077d


MEMORY CONFIGURATION

         name            origin    length      used     unused   attr    fill
----------------------  --------  ---------  --------  --------  ----  --------
  FLASH                 00000000   00040000  0000097a  0003f686  R  X
  SRAM                  20000000   00008000  00000214  00007dec  RW X


SEGMENT ALLOCATION MAP

run origin  load origin   length   init length attrs members
----------  ----------- ---------- ----------- ----- -------
00000000    00000000    00000980   00000980    r-x
  00000000    00000000    0000026c   0000026c    r-- .intvecs
  0000026c    0000026c    000006ae   000006ae    r-x .text
  0000091c    0000091c    00000040   00000040    r-- .const
  00000960    00000960    00000020   00000020    r-- .cinit
20000000    20000000    00000214   00000000    rw-
  20000000    20000000    00000200   00000000    rw- .stack
  20000200    20000200    00000014   00000000    rw- .data


SECTION ALLOCATION MAP

 output                                  attributes/
section   page    origin      length       input sections
--------  ----  ----------  ----------   ----------------
.intvecs   0    00000000    0000026c     
                  00000000    0000026c     tm4c123gh6pm_startup_ccs.obj (.intvecs)

.text      0    0000026c    000006ae     
                  0000026c    0000013c     driverlib-cm4f.lib : sysctl.obj (.text:SysCtlClockSet)
                  000003a8    000000c8                        : gpio.obj (.text:GPIOPadConfigSet)
                  00000470    000000c4     main.obj (.text)
                  00000534    0000009c     rtsv7M4_T_le_v4SPD16_eabi.lib : memcpy_t2.obj (.text)
                  000005d0    0000007a                                   : memset_t2.obj (.text)
                  0000064a    00000002     --HOLE-- [fill = 0]
                  0000064c    0000006c                                   : autoinit.obj (.text)
                  000006b8    0000006a                                   : copy_decompress_rle.obj (.text)
                  00000722    00000002     --HOLE-- [fill = 0]
                  00000724    00000058     driverlib-cm4f.lib : sysctl.obj (.text:SysCtlPeripheralEnable)
                  0000077c    00000050     rtsv7M4_T_le_v4SPD16_eabi.lib : boot.obj (.text)
                  000007cc    0000004c                                   : cpy_tbl.obj (.text)
                  00000818    00000044                                   : exit.obj (.text)
                  0000085c    0000002e     driverlib-cm4f.lib : gpio.obj (.text:GPIODirModeSet)
                  0000088a    00000002     --HOLE-- [fill = 0]
                  0000088c    00000018     rtsv7M4_T_le_v4SPD16_eabi.lib : args_main.obj (.text)
                  000008a4    00000014                                   : _lock.obj (.text)
                  000008b8    00000012     driverlib-cm4f.lib : gpio.obj (.text:GPIOPinTypeGPIOInput)
                  000008ca    00000012                        : gpio.obj (.text:GPIOPinTypeGPIOOutput)
                  000008dc    0000000e     rtsv7M4_T_le_v4SPD16_eabi.lib : copy_decompress_none.obj (.text:decompress:none)
                  000008ea    0000000c     tm4c123gh6pm_startup_ccs.obj (.text)
                  000008f6    0000000a     driverlib-cm4f.lib : gpio.obj (.text:GPIOPinRead)
                  00000900    0000000a                        : gpio.obj (.text:GPIOPinWrite)
                  0000090a    00000006                        : sysctl.obj (.text:SysCtlDelay)
                  00000910    00000006     rtsv7M4_T_le_v4SPD16_eabi.lib : copy_decompress_rle.obj (.text:decompress:rle24)
                  00000916    00000004                                   : pre_init.obj (.text)

.const     0    0000091c    00000040     
                  0000091c    00000040     driverlib-cm4f.lib : sysctl.obj (.const)

.cinit     0    00000960    00000020     
                  00000960    0000000f     (.cinit..data.load) [load image, compression = rle]
                  0000096f    00000001     --HOLE-- [fill = 0]
                  00000970    00000008     (__TI_handler_table)
                  00000978    00000008     (__TI_cinit_table)

.init_array 
*          0    00000000    00000000     UNINITIALIZED

.stack     0    20000000    00000200     UNINITIALIZED
                  20000000    00000200     --HOLE--

.data      0    20000200    00000014     UNINITIALIZED
                  20000200    00000008     rtsv7M4_T_le_v4SPD16_eabi.lib : _lock.obj (.data)
                  20000208    00000008                                   : exit.obj (.data)
                  20000210    00000004                                   : stkdepth_vars.obj (.data)

.TI.persistent 
*          0    20000200    00000000     UNINITIALIZED


LINKER GENERATED COPY TABLES

__TI_cinit_table @ 00000978 records: 1, size/record: 8, table size: 8
	.data: load addr=00000960, load size=0000000f bytes, run addr=20000200, run size=00000014 bytes, compression=rle


LINKER GENERATED HANDLER TABLE

__TI_handler_table @ 00000970 records: 2, size/record: 4, table size: 8
	index: 0, handler: __TI_decompress_rle24
	index: 1, handler: __TI_decompress_none


GLOBAL SYMBOLS: SORTED ALPHABETICALLY BY Name 

address   name                    
-------   ----                    
00000819  C$$EXIT                 
0000085d  GPIODirModeSet          
000003a9  GPIOPadConfigSet        
000008f7  GPIOPinRead             
000008b9  GPIOPinTypeGPIOInput    
000008cb  GPIOPinTypeGPIOOutput   
00000901  GPIOPinWrite            
000008eb  ResetISR                
UNDEFED   SHT$$INIT_ARRAY$$Base   
UNDEFED   SHT$$INIT_ARRAY$$Limit  
0000026d  SysCtlClockSet          
0000090b  SysCtlDelay             
00000725  SysCtlPeripheralEnable  
20000200  __STACK_END             
00000200  __STACK_SIZE            
20000200  __STACK_TOP             
00000978  __TI_CINIT_Base         
00000980  __TI_CINIT_Limit        
00000970  __TI_Handler_Table_Base 
00000978  __TI_Handler_Table_Limit
0000064d  __TI_auto_init          
20000208  __TI_cleanup_ptr        
000008dd  __TI_decompress_none    
00000911  __TI_decompress_rle24   
2000020c  __TI_dtors_ptr          
00000000  __TI_static_base__      
000005d1  __aeabi_memclr          
000005d1  __aeabi_memclr4         
000005d1  __aeabi_memclr8         
00000535  __aeabi_memcpy          
00000535  __aeabi_memcpy4         
00000535  __aeabi_memcpy8         
000005d3  __aeabi_memset          
000005d3  __aeabi_memset4         
000005d3  __aeabi_memset8         
ffffffff  __binit__               
ffffffff  __c_args__              
20000000  __stack                 
0000088d  _args_main              
0000077d  _c_int00                
20000200  _lock                   
000008b3  _nop                    
000008ab  _register_lock          
000008a5  _register_unlock        
00000917  _system_pre_init        
20000204  _unlock                 
0000081d  abort                   
ffffffff  binit                   
000007cd  copy_in                 
00000825  exit                    
00000000  g_pfnVectors            
00000471  main                    
20000210  main_func_sp            
00000535  memcpy                  
000005d9  memset                  


GLOBAL SYMBOLS: SORTED BY Symbol Address 

address   name                    
-------   ----                    
00000000  __TI_static_base__      
00000000  g_pfnVectors            
00000200  __STACK_SIZE            
0000026d  SysCtlClockSet          
000003a9  GPIOPadConfigSet        
00000471  main                    
00000535  __aeabi_memcpy          
00000535  __aeabi_memcpy4         
00000535  __aeabi_memcpy8         
00000535  memcpy                  
000005d1  __aeabi_memclr          
000005d1  __aeabi_memclr4         
000005d1  __aeabi_memclr8         
000005d3  __aeabi_memset          
000005d3  __aeabi_memset4         
000005d3  __aeabi_memset8         
000005d9  memset                  
0000064d  __TI_auto_init          
00000725  SysCtlPeripheralEnable  
0000077d  _c_int00                
000007cd  copy_in                 
00000819  C$$EXIT                 
0000081d  abort                   
00000825  exit                    
0000085d  GPIODirModeSet          
0000088d  _args_main              
000008a5  _register_unlock        
000008ab  _register_lock          
000008b3  _nop                    
000008b9  GPIOPinTypeGPIOInput    
000008cb  GPIOPinTypeGPIOOutput   
000008dd  __TI_decompress_none    
000008eb  ResetISR                
000008f7  GPIOPinRead             
00000901  GPIOPinWrite            
0000090b  SysCtlDelay             
00000911  __TI_decompress_rle24   
00000917  _system_pre_init        
00000970  __TI_Handler_Table_Base 
00000978  __TI_CINIT_Base         
00000978  __TI_Handler_Table_Limit
00000980  __TI_CINIT_Limit        
20000000  __stack                 
20000200  __STACK_END             
20000200  __STACK_TOP             
20000200  _lock                   
20000204  _unlock                 
20000208  __TI_cleanup_ptr        
2000020c  __TI_dtors_ptr          
20000210  main_func_sp            
ffffffff  __binit__               
ffffffff  __c_args__              
ffffffff  binit                   
UNDEFED   SHT$$INIT_ARRAY$$Base   
UNDEFED   SHT$$INIT_ARRAY$$Limit  

[55 symbols]
