******************************************************************************
                  TI ARM Linker PC v5.2.5                      
******************************************************************************
>> Linked Sun May 15 12:47:33 2016

OUTPUT FILE NAME:   <TIVAC_C7.out>
ENTRY POINT SYMBOL: "_c_int00"  address: 00000539


MEMORY CONFIGURATION

         name            origin    length      used     unused   attr    fill
----------------------  --------  ---------  --------  --------  ----  --------
  FLASH                 00000000   00040000  00000688  0003f978  R  X
  SRAM                  20000000   00008000  00000214  00007dec  RW X


SEGMENT ALLOCATION MAP

run origin  load origin   length   init length attrs members
----------  ----------- ---------- ----------- ----- -------
00000000    00000000    00000688   00000688    r-x
  00000000    00000000    0000026c   0000026c    r-- .intvecs
  0000026c    0000026c    000003fc   000003fc    r-x .text
  00000668    00000668    00000020   00000020    r-- .cinit
20000000    20000000    00000214   00000000    rw-
  20000000    20000000    00000200   00000000    rw- .stack
  20000200    20000200    00000014   00000000    rw- .data


SECTION ALLOCATION MAP

 output                                  attributes/
section   page    origin      length       input sections
--------  ----  ----------  ----------   ----------------
.intvecs   0    00000000    0000026c     
                  00000000    0000026c     tm4c123gh6pm_startup_ccs.obj (.intvecs)

.text      0    0000026c    000003fc     
                  0000026c    000000dc     main.obj (.text)
                  00000348    0000009c     rtsv7M4_T_le_v4SPD16_eabi.lib : memcpy_t2.obj (.text)
                  000003e4    0000007a                                   : memset_t2.obj (.text)
                  0000045e    00000002     --HOLE-- [fill = 0]
                  00000460    0000006c                                   : autoinit.obj (.text)
                  000004cc    0000006a                                   : copy_decompress_rle.obj (.text)
                  00000536    00000002     --HOLE-- [fill = 0]
                  00000538    00000050                                   : boot.obj (.text)
                  00000588    0000004c                                   : cpy_tbl.obj (.text)
                  000005d4    00000044                                   : exit.obj (.text)
                  00000618    00000018                                   : args_main.obj (.text)
                  00000630    00000014                                   : _lock.obj (.text)
                  00000644    0000000e                                   : copy_decompress_none.obj (.text:decompress:none)
                  00000652    0000000c     tm4c123gh6pm_startup_ccs.obj (.text)
                  0000065e    00000006     rtsv7M4_T_le_v4SPD16_eabi.lib : copy_decompress_rle.obj (.text:decompress:rle24)
                  00000664    00000004                                   : pre_init.obj (.text)

.cinit     0    00000668    00000020     
                  00000668    0000000f     (.cinit..data.load) [load image, compression = rle]
                  00000677    00000001     --HOLE-- [fill = 0]
                  00000678    00000008     (__TI_handler_table)
                  00000680    00000008     (__TI_cinit_table)

.init_array 
*          0    00000000    00000000     UNINITIALIZED

.stack     0    20000000    00000200     UNINITIALIZED
                  20000000    00000200     --HOLE--

.data      0    20000200    00000014     UNINITIALIZED
                  20000200    00000008     rtsv7M4_T_le_v4SPD16_eabi.lib : _lock.obj (.data)
                  20000208    00000008                                   : exit.obj (.data)
                  20000210    00000004                                   : stkdepth_vars.obj (.data)

.TI.persistent 
*          0    20000200    00000000     UNINITIALIZED


LINKER GENERATED COPY TABLES

__TI_cinit_table @ 00000680 records: 1, size/record: 8, table size: 8
	.data: load addr=00000668, load size=0000000f bytes, run addr=20000200, run size=00000014 bytes, compression=rle


LINKER GENERATED HANDLER TABLE

__TI_handler_table @ 00000678 records: 2, size/record: 4, table size: 8
	index: 0, handler: __TI_decompress_rle24
	index: 1, handler: __TI_decompress_none


GLOBAL SYMBOLS: SORTED ALPHABETICALLY BY Name 

address   name                    
-------   ----                    
000005d5  C$$EXIT                 
00000653  ResetISR                
UNDEFED   SHT$$INIT_ARRAY$$Base   
UNDEFED   SHT$$INIT_ARRAY$$Limit  
20000200  __STACK_END             
00000200  __STACK_SIZE            
20000200  __STACK_TOP             
00000680  __TI_CINIT_Base         
00000688  __TI_CINIT_Limit        
00000678  __TI_Handler_Table_Base 
00000680  __TI_Handler_Table_Limit
00000461  __TI_auto_init          
20000208  __TI_cleanup_ptr        
00000645  __TI_decompress_none    
0000065f  __TI_decompress_rle24   
2000020c  __TI_dtors_ptr          
00000000  __TI_static_base__      
000003e5  __aeabi_memclr          
000003e5  __aeabi_memclr4         
000003e5  __aeabi_memclr8         
00000349  __aeabi_memcpy          
00000349  __aeabi_memcpy4         
00000349  __aeabi_memcpy8         
000003e7  __aeabi_memset          
000003e7  __aeabi_memset4         
000003e7  __aeabi_memset8         
ffffffff  __binit__               
ffffffff  __c_args__              
20000000  __stack                 
00000619  _args_main              
00000539  _c_int00                
20000200  _lock                   
0000063f  _nop                    
00000637  _register_lock          
00000631  _register_unlock        
00000665  _system_pre_init        
20000204  _unlock                 
000005d9  abort                   
ffffffff  binit                   
00000589  copy_in                 
000002dd  delay                   
000005e1  exit                    
000002c1  flash_led               
00000000  g_pfnVectors            
00000289  init_system             
0000026d  main                    
20000210  main_func_sp            
00000349  memcpy                  
000003ed  memset                  


GLOBAL SYMBOLS: SORTED BY Symbol Address 

address   name                    
-------   ----                    
00000000  __TI_static_base__      
00000000  g_pfnVectors            
00000200  __STACK_SIZE            
0000026d  main                    
00000289  init_system             
000002c1  flash_led               
000002dd  delay                   
00000349  __aeabi_memcpy          
00000349  __aeabi_memcpy4         
00000349  __aeabi_memcpy8         
00000349  memcpy                  
000003e5  __aeabi_memclr          
000003e5  __aeabi_memclr4         
000003e5  __aeabi_memclr8         
000003e7  __aeabi_memset          
000003e7  __aeabi_memset4         
000003e7  __aeabi_memset8         
000003ed  memset                  
00000461  __TI_auto_init          
00000539  _c_int00                
00000589  copy_in                 
000005d5  C$$EXIT                 
000005d9  abort                   
000005e1  exit                    
00000619  _args_main              
00000631  _register_unlock        
00000637  _register_lock          
0000063f  _nop                    
00000645  __TI_decompress_none    
00000653  ResetISR                
0000065f  __TI_decompress_rle24   
00000665  _system_pre_init        
00000678  __TI_Handler_Table_Base 
00000680  __TI_CINIT_Base         
00000680  __TI_Handler_Table_Limit
00000688  __TI_CINIT_Limit        
20000000  __stack                 
20000200  __STACK_END             
20000200  __STACK_TOP             
20000200  _lock                   
20000204  _unlock                 
20000208  __TI_cleanup_ptr        
2000020c  __TI_dtors_ptr          
20000210  main_func_sp            
ffffffff  __binit__               
ffffffff  __c_args__              
ffffffff  binit                   
UNDEFED   SHT$$INIT_ARRAY$$Base   
UNDEFED   SHT$$INIT_ARRAY$$Limit  

[49 symbols]
