******************************************************************************
                  TI ARM Linker PC v5.2.5                      
******************************************************************************
>> Linked Wed Apr 27 21:07:59 2016

OUTPUT FILE NAME:   <TIVAC_lab3A_Timer_Interrupt.out>
ENTRY POINT SYMBOL: "_c_int00"  address: 000007b1


MEMORY CONFIGURATION

         name            origin    length      used     unused   attr    fill
----------------------  --------  ---------  --------  --------  ----  --------
  FLASH                 00000000   00040000  00000a6c  0003f594  R  X
  SRAM                  20000000   00008000  00000215  00007deb  RW X


SEGMENT ALLOCATION MAP

run origin  load origin   length   init length attrs members
----------  ----------- ---------- ----------- ----- -------
00000000    00000000    00000a70   00000a70    r-x
  00000000    00000000    0000026c   0000026c    r-- .intvecs
  0000026c    0000026c    00000730   00000730    r-x .text
  0000099c    0000099c    000000b0   000000b0    r-- .const
  00000a50    00000a50    00000020   00000020    r-- .cinit
20000000    20000000    00000215   00000000    rw-
  20000000    20000000    00000200   00000000    rw- .stack
  20000200    20000200    00000015   00000000    rw- .data


SECTION ALLOCATION MAP

 output                                  attributes/
section   page    origin      length       input sections
--------  ----  ----------  ----------   ----------------
.intvecs   0    00000000    0000026c     
                  00000000    0000026c     tm4c123gh6pm_startup_ccs.obj (.intvecs)

.text      0    0000026c    00000730     
                  0000026c    0000013c     driverlib-cm4f.lib : sysctl.obj (.text:SysCtlClockSet)
                  000003a8    000000c8                        : gpio.obj (.text:GPIOPadConfigSet)
                  00000470    0000009c     rtsv7M4_T_le_v4SPD16_eabi.lib : memcpy_t2.obj (.text)
                  0000050c    00000094     main.obj (.text)
                  000005a0    0000007a     rtsv7M4_T_le_v4SPD16_eabi.lib : memset_t2.obj (.text)
                  0000061a    00000002     --HOLE-- [fill = 0]
                  0000061c    0000006c                                   : autoinit.obj (.text)
                  00000688    0000006a                                   : copy_decompress_rle.obj (.text)
                  000006f2    00000002     --HOLE-- [fill = 0]
                  000006f4    00000064     driverlib-cm4f.lib : interrupt.obj (.text:IntEnable)
                  00000758    00000058                        : sysctl.obj (.text:SysCtlPeripheralEnable)
                  000007b0    00000050     rtsv7M4_T_le_v4SPD16_eabi.lib : boot.obj (.text)
                  00000800    0000004c                                   : cpy_tbl.obj (.text)
                  0000084c    00000044                                   : exit.obj (.text)
                  00000890    0000002e     driverlib-cm4f.lib : gpio.obj (.text:GPIODirModeSet)
                  000008be    00000002     --HOLE-- [fill = 0]
                  000008c0    00000028                        : timer.obj (.text:TimerConfigure)
                  000008e8    00000018     rtsv7M4_T_le_v4SPD16_eabi.lib : args_main.obj (.text)
                  00000900    00000014                                   : _lock.obj (.text)
                  00000914    00000012     driverlib-cm4f.lib : gpio.obj (.text:GPIOPinTypeGPIOOutput)
                  00000926    00000012                        : timer.obj (.text:TimerLoadSet)
                  00000938    0000000e                        : timer.obj (.text:TimerEnable)
                  00000946    0000000e     rtsv7M4_T_le_v4SPD16_eabi.lib : copy_decompress_none.obj (.text:decompress:none)
                  00000954    0000000c     driverlib-cm4f.lib : cpu.obj (.text:CPUcpsie)
                  00000960    0000000c     tm4c123gh6pm_startup_ccs.obj (.text)
                  0000096c    0000000a     driverlib-cm4f.lib : gpio.obj (.text:GPIOPinWrite)
                  00000976    0000000a                        : interrupt.obj (.text:IntMasterEnable)
                  00000980    00000008                        : timer.obj (.text:TimerIntEnable)
                  00000988    00000006                        : sysctl.obj (.text:SysCtlDelay)
                  0000098e    00000006     rtsv7M4_T_le_v4SPD16_eabi.lib : copy_decompress_rle.obj (.text:decompress:rle24)
                  00000994    00000004     driverlib-cm4f.lib : timer.obj (.text:TimerIntClear)
                  00000998    00000004     rtsv7M4_T_le_v4SPD16_eabi.lib : pre_init.obj (.text)

.const     0    0000099c    000000b0     
                  0000099c    00000070     driverlib-cm4f.lib : interrupt.obj (.const)
                  00000a0c    00000040                        : sysctl.obj (.const)

.cinit     0    00000a50    00000020     
                  00000a50    0000000f     (.cinit..data.load) [load image, compression = rle]
                  00000a5f    00000001     --HOLE-- [fill = 0]
                  00000a60    00000008     (__TI_handler_table)
                  00000a68    00000008     (__TI_cinit_table)

.init_array 
*          0    00000000    00000000     UNINITIALIZED

.stack     0    20000000    00000200     UNINITIALIZED
                  20000000    00000200     --HOLE--

.data      0    20000200    00000015     UNINITIALIZED
                  20000200    00000008     rtsv7M4_T_le_v4SPD16_eabi.lib : _lock.obj (.data)
                  20000208    00000008                                   : exit.obj (.data)
                  20000210    00000004                                   : stkdepth_vars.obj (.data)
                  20000214    00000001     main.obj (.data)

.TI.persistent 
*          0    20000200    00000000     UNINITIALIZED


LINKER GENERATED COPY TABLES

__TI_cinit_table @ 00000a68 records: 1, size/record: 8, table size: 8
	.data: load addr=00000a50, load size=0000000f bytes, run addr=20000200, run size=00000015 bytes, compression=rle


LINKER GENERATED HANDLER TABLE

__TI_handler_table @ 00000a60 records: 2, size/record: 4, table size: 8
	index: 0, handler: __TI_decompress_rle24
	index: 1, handler: __TI_decompress_none


GLOBAL SYMBOLS: SORTED ALPHABETICALLY BY Name 

address   name                    
-------   ----                    
0000084d  C$$EXIT                 
00000955  CPUcpsie                
00000891  GPIODirModeSet          
000003a9  GPIOPadConfigSet        
00000915  GPIOPinTypeGPIOOutput   
0000096d  GPIOPinWrite            
000006f5  IntEnable               
00000977  IntMasterEnable         
00000961  ResetISR                
UNDEFED   SHT$$INIT_ARRAY$$Base   
UNDEFED   SHT$$INIT_ARRAY$$Limit  
0000026d  SysCtlClockSet          
00000989  SysCtlDelay             
00000759  SysCtlPeripheralEnable  
00000557  Timer0IntHandler        
000008c1  TimerConfigure          
00000939  TimerEnable             
00000995  TimerIntClear           
00000981  TimerIntEnable          
00000927  TimerLoadSet            
20000200  __STACK_END             
00000200  __STACK_SIZE            
20000200  __STACK_TOP             
00000a68  __TI_CINIT_Base         
00000a70  __TI_CINIT_Limit        
00000a60  __TI_Handler_Table_Base 
00000a68  __TI_Handler_Table_Limit
0000061d  __TI_auto_init          
20000208  __TI_cleanup_ptr        
00000947  __TI_decompress_none    
0000098f  __TI_decompress_rle24   
2000020c  __TI_dtors_ptr          
00000000  __TI_static_base__      
000005a1  __aeabi_memclr          
000005a1  __aeabi_memclr4         
000005a1  __aeabi_memclr8         
00000471  __aeabi_memcpy          
00000471  __aeabi_memcpy4         
00000471  __aeabi_memcpy8         
000005a3  __aeabi_memset          
000005a3  __aeabi_memset4         
000005a3  __aeabi_memset8         
ffffffff  __binit__               
ffffffff  __c_args__              
20000000  __stack                 
000008e9  _args_main              
000007b1  _c_int00                
20000200  _lock                   
0000090f  _nop                    
00000907  _register_lock          
00000901  _register_unlock        
00000999  _system_pre_init        
20000204  _unlock                 
00000851  abort                   
ffffffff  binit                   
20000214  choice                  
00000801  copy_in                 
00000859  exit                    
00000000  g_pfnVectors            
0000050d  main                    
20000210  main_func_sp            
00000471  memcpy                  
000005a9  memset                  


GLOBAL SYMBOLS: SORTED BY Symbol Address 

address   name                    
-------   ----                    
00000000  __TI_static_base__      
00000000  g_pfnVectors            
00000200  __STACK_SIZE            
0000026d  SysCtlClockSet          
000003a9  GPIOPadConfigSet        
00000471  __aeabi_memcpy          
00000471  __aeabi_memcpy4         
00000471  __aeabi_memcpy8         
00000471  memcpy                  
0000050d  main                    
00000557  Timer0IntHandler        
000005a1  __aeabi_memclr          
000005a1  __aeabi_memclr4         
000005a1  __aeabi_memclr8         
000005a3  __aeabi_memset          
000005a3  __aeabi_memset4         
000005a3  __aeabi_memset8         
000005a9  memset                  
0000061d  __TI_auto_init          
000006f5  IntEnable               
00000759  SysCtlPeripheralEnable  
000007b1  _c_int00                
00000801  copy_in                 
0000084d  C$$EXIT                 
00000851  abort                   
00000859  exit                    
00000891  GPIODirModeSet          
000008c1  TimerConfigure          
000008e9  _args_main              
00000901  _register_unlock        
00000907  _register_lock          
0000090f  _nop                    
00000915  GPIOPinTypeGPIOOutput   
00000927  TimerLoadSet            
00000939  TimerEnable             
00000947  __TI_decompress_none    
00000955  CPUcpsie                
00000961  ResetISR                
0000096d  GPIOPinWrite            
00000977  IntMasterEnable         
00000981  TimerIntEnable          
00000989  SysCtlDelay             
0000098f  __TI_decompress_rle24   
00000995  TimerIntClear           
00000999  _system_pre_init        
00000a60  __TI_Handler_Table_Base 
00000a68  __TI_CINIT_Base         
00000a68  __TI_Handler_Table_Limit
00000a70  __TI_CINIT_Limit        
20000000  __stack                 
20000200  __STACK_END             
20000200  __STACK_TOP             
20000200  _lock                   
20000204  _unlock                 
20000208  __TI_cleanup_ptr        
2000020c  __TI_dtors_ptr          
20000210  main_func_sp            
20000214  choice                  
ffffffff  __binit__               
ffffffff  __c_args__              
ffffffff  binit                   
UNDEFED   SHT$$INIT_ARRAY$$Base   
UNDEFED   SHT$$INIT_ARRAY$$Limit  

[63 symbols]
