******************************************************************************
                  TI ARM Linker PC v5.2.5                      
******************************************************************************
>> Linked Mon May 16 15:16:10 2016

OUTPUT FILE NAME:   <TIVAC_GPIO_LAB1.out>
ENTRY POINT SYMBOL: "_c_int00"  address: 00000731


MEMORY CONFIGURATION

         name            origin    length      used     unused   attr    fill
----------------------  --------  ---------  --------  --------  ----  --------
  FLASH                 00000000   00040000  0000092e  0003f6d2  R  X
  SRAM                  20000000   00008000  00000214  00007dec  RW X


SEGMENT ALLOCATION MAP

run origin  load origin   length   init length attrs members
----------  ----------- ---------- ----------- ----- -------
00000000    00000000    00000930   00000930    r-x
  00000000    00000000    0000026c   0000026c    r-- .intvecs
  0000026c    0000026c    00000662   00000662    r-x .text
  000008d0    000008d0    00000040   00000040    r-- .const
  00000910    00000910    00000020   00000020    r-- .cinit
20000000    20000000    00000214   00000000    rw-
  20000000    20000000    00000200   00000000    rw- .stack
  20000200    20000200    00000014   00000000    rw- .data


SECTION ALLOCATION MAP

 output                                  attributes/
section   page    origin      length       input sections
--------  ----  ----------  ----------   ----------------
.intvecs   0    00000000    0000026c     
                  00000000    0000026c     tm4c123gh6pm_startup_ccs.obj (.intvecs)

.text      0    0000026c    00000662     
                  0000026c    0000013c     driverlib-cm4f.lib : sysctl.obj (.text:SysCtlClockSet)
                  000003a8    000000c8                        : gpio.obj (.text:GPIOPadConfigSet)
                  00000470    0000009c     rtsv7M4_T_le_v4SPD16_eabi.lib : memcpy_t2.obj (.text)
                  0000050c    0000007a                                   : memset_t2.obj (.text)
                  00000586    00000002     --HOLE-- [fill = 0]
                  00000588    00000078     main.obj (.text)
                  00000600    0000006c     rtsv7M4_T_le_v4SPD16_eabi.lib : autoinit.obj (.text)
                  0000066c    0000006a                                   : copy_decompress_rle.obj (.text)
                  000006d6    00000002     --HOLE-- [fill = 0]
                  000006d8    00000058     driverlib-cm4f.lib : sysctl.obj (.text:SysCtlPeripheralEnable)
                  00000730    00000050     rtsv7M4_T_le_v4SPD16_eabi.lib : boot.obj (.text)
                  00000780    0000004c                                   : cpy_tbl.obj (.text)
                  000007cc    00000044                                   : exit.obj (.text)
                  00000810    0000002e     driverlib-cm4f.lib : gpio.obj (.text:GPIODirModeSet)
                  0000083e    00000002     --HOLE-- [fill = 0]
                  00000840    00000018     rtsv7M4_T_le_v4SPD16_eabi.lib : args_main.obj (.text)
                  00000858    00000014                                   : _lock.obj (.text)
                  0000086c    00000012     driverlib-cm4f.lib : gpio.obj (.text:GPIOPinTypeGPIOInput)
                  0000087e    00000012                        : gpio.obj (.text:GPIOPinTypeGPIOOutput)
                  00000890    0000000e     rtsv7M4_T_le_v4SPD16_eabi.lib : copy_decompress_none.obj (.text:decompress:none)
                  0000089e    0000000c     tm4c123gh6pm_startup_ccs.obj (.text)
                  000008aa    0000000a     driverlib-cm4f.lib : gpio.obj (.text:GPIOPinRead)
                  000008b4    0000000a                        : gpio.obj (.text:GPIOPinWrite)
                  000008be    00000006                        : sysctl.obj (.text:SysCtlDelay)
                  000008c4    00000006     rtsv7M4_T_le_v4SPD16_eabi.lib : copy_decompress_rle.obj (.text:decompress:rle24)
                  000008ca    00000004                                   : pre_init.obj (.text)

.const     0    000008d0    00000040     
                  000008d0    00000040     driverlib-cm4f.lib : sysctl.obj (.const)

.cinit     0    00000910    00000020     
                  00000910    0000000f     (.cinit..data.load) [load image, compression = rle]
                  0000091f    00000001     --HOLE-- [fill = 0]
                  00000920    00000008     (__TI_handler_table)
                  00000928    00000008     (__TI_cinit_table)

.init_array 
*          0    00000000    00000000     UNINITIALIZED

.stack     0    20000000    00000200     UNINITIALIZED
                  20000000    00000200     --HOLE--

.data      0    20000200    00000014     UNINITIALIZED
                  20000200    00000008     rtsv7M4_T_le_v4SPD16_eabi.lib : _lock.obj (.data)
                  20000208    00000008                                   : exit.obj (.data)
                  20000210    00000004                                   : stkdepth_vars.obj (.data)

.TI.persistent 
*          0    20000200    00000000     UNINITIALIZED


LINKER GENERATED COPY TABLES

__TI_cinit_table @ 00000928 records: 1, size/record: 8, table size: 8
	.data: load addr=00000910, load size=0000000f bytes, run addr=20000200, run size=00000014 bytes, compression=rle


LINKER GENERATED HANDLER TABLE

__TI_handler_table @ 00000920 records: 2, size/record: 4, table size: 8
	index: 0, handler: __TI_decompress_rle24
	index: 1, handler: __TI_decompress_none


GLOBAL SYMBOLS: SORTED ALPHABETICALLY BY Name 

address   name                    
-------   ----                    
000007cd  C$$EXIT                 
00000811  GPIODirModeSet          
000003a9  GPIOPadConfigSet        
000008ab  GPIOPinRead             
0000086d  GPIOPinTypeGPIOInput    
0000087f  GPIOPinTypeGPIOOutput   
000008b5  GPIOPinWrite            
0000089f  ResetISR                
UNDEFED   SHT$$INIT_ARRAY$$Base   
UNDEFED   SHT$$INIT_ARRAY$$Limit  
0000026d  SysCtlClockSet          
000008bf  SysCtlDelay             
000006d9  SysCtlPeripheralEnable  
20000200  __STACK_END             
00000200  __STACK_SIZE            
20000200  __STACK_TOP             
00000928  __TI_CINIT_Base         
00000930  __TI_CINIT_Limit        
00000920  __TI_Handler_Table_Base 
00000928  __TI_Handler_Table_Limit
00000601  __TI_auto_init          
20000208  __TI_cleanup_ptr        
00000891  __TI_decompress_none    
000008c5  __TI_decompress_rle24   
2000020c  __TI_dtors_ptr          
00000000  __TI_static_base__      
0000050d  __aeabi_memclr          
0000050d  __aeabi_memclr4         
0000050d  __aeabi_memclr8         
00000471  __aeabi_memcpy          
00000471  __aeabi_memcpy4         
00000471  __aeabi_memcpy8         
0000050f  __aeabi_memset          
0000050f  __aeabi_memset4         
0000050f  __aeabi_memset8         
ffffffff  __binit__               
ffffffff  __c_args__              
20000000  __stack                 
00000841  _args_main              
00000731  _c_int00                
20000200  _lock                   
00000867  _nop                    
0000085f  _register_lock          
00000859  _register_unlock        
000008cb  _system_pre_init        
20000204  _unlock                 
000007d1  abort                   
ffffffff  binit                   
00000781  copy_in                 
000007d9  exit                    
00000000  g_pfnVectors            
00000589  main                    
20000210  main_func_sp            
00000471  memcpy                  
00000515  memset                  


GLOBAL SYMBOLS: SORTED BY Symbol Address 

address   name                    
-------   ----                    
00000000  __TI_static_base__      
00000000  g_pfnVectors            
00000200  __STACK_SIZE            
0000026d  SysCtlClockSet          
000003a9  GPIOPadConfigSet        
00000471  __aeabi_memcpy          
00000471  __aeabi_memcpy4         
00000471  __aeabi_memcpy8         
00000471  memcpy                  
0000050d  __aeabi_memclr          
0000050d  __aeabi_memclr4         
0000050d  __aeabi_memclr8         
0000050f  __aeabi_memset          
0000050f  __aeabi_memset4         
0000050f  __aeabi_memset8         
00000515  memset                  
00000589  main                    
00000601  __TI_auto_init          
000006d9  SysCtlPeripheralEnable  
00000731  _c_int00                
00000781  copy_in                 
000007cd  C$$EXIT                 
000007d1  abort                   
000007d9  exit                    
00000811  GPIODirModeSet          
00000841  _args_main              
00000859  _register_unlock        
0000085f  _register_lock          
00000867  _nop                    
0000086d  GPIOPinTypeGPIOInput    
0000087f  GPIOPinTypeGPIOOutput   
00000891  __TI_decompress_none    
0000089f  ResetISR                
000008ab  GPIOPinRead             
000008b5  GPIOPinWrite            
000008bf  SysCtlDelay             
000008c5  __TI_decompress_rle24   
000008cb  _system_pre_init        
00000920  __TI_Handler_Table_Base 
00000928  __TI_CINIT_Base         
00000928  __TI_Handler_Table_Limit
00000930  __TI_CINIT_Limit        
20000000  __stack                 
20000200  __STACK_END             
20000200  __STACK_TOP             
20000200  _lock                   
20000204  _unlock                 
20000208  __TI_cleanup_ptr        
2000020c  __TI_dtors_ptr          
20000210  main_func_sp            
ffffffff  __binit__               
ffffffff  __c_args__              
ffffffff  binit                   
UNDEFED   SHT$$INIT_ARRAY$$Base   
UNDEFED   SHT$$INIT_ARRAY$$Limit  

[55 symbols]
