******************************************************************************
                  TI ARM Linker PC v5.2.5                      
******************************************************************************
>> Linked Fri Apr 08 18:59:20 2016

OUTPUT FILE NAME:   <TIVAC_lab3.out>
ENTRY POINT SYMBOL: "_c_int00"  address: 00000871


MEMORY CONFIGURATION

         name            origin    length      used     unused   attr    fill
----------------------  --------  ---------  --------  --------  ----  --------
  FLASH                 00000000   00040000  00000bec  0003f414  R  X
  SRAM                  20000000   00008000  00000220  00007de0  RW X


SEGMENT ALLOCATION MAP

run origin  load origin   length   init length attrs members
----------  ----------- ---------- ----------- ----- -------
00000000    00000000    00000bf0   00000bf0    r-x
  00000000    00000000    0000026c   0000026c    r-- .intvecs
  0000026c    0000026c    00000890   00000890    r-x .text
  00000afc    00000afc    000000b0   000000b0    r-- .const
  00000bb0    00000bb0    00000040   00000040    r-- .cinit
20000000    20000000    00000220   00000000    rw-
  20000000    20000000    00000200   00000000    rw- .stack
  20000200    20000200    0000001c   00000000    rw- .data
  2000021c    2000021c    00000004   00000000    rw- .bss


SECTION ALLOCATION MAP

 output                                  attributes/
section   page    origin      length       input sections
--------  ----  ----------  ----------   ----------------
.intvecs   0    00000000    0000026c     
                  00000000    0000026c     tm4c123gh6pm_startup_ccs.obj (.intvecs)

.text      0    0000026c    00000890     
                  0000026c    0000013c     driverlib-cm4f.lib : sysctl.obj (.text:SysCtlClockSet)
                  000003a8    000000e8     main.obj (.text)
                  00000490    000000c8     driverlib-cm4f.lib : gpio.obj (.text:GPIOPadConfigSet)
                  00000558    0000009c     rtsv7M4_T_le_v4SPD16_eabi.lib : memcpy_t2.obj (.text)
                  000005f4    0000007a                                   : memset_t2.obj (.text)
                  0000066e    0000006c     driverlib-cm4f.lib : adc.obj (.text:ADCSequenceStepConfigure)
                  000006da    00000002     --HOLE-- [fill = 0]
                  000006dc    0000006c     rtsv7M4_T_le_v4SPD16_eabi.lib : autoinit.obj (.text)
                  00000748    0000006a                                   : copy_decompress_rle.obj (.text)
                  000007b2    00000002     --HOLE-- [fill = 0]
                  000007b4    00000064     driverlib-cm4f.lib : interrupt.obj (.text:IntEnable)
                  00000818    00000058                        : sysctl.obj (.text:SysCtlPeripheralEnable)
                  00000870    00000050     rtsv7M4_T_le_v4SPD16_eabi.lib : boot.obj (.text)
                  000008c0    0000004c                                   : cpy_tbl.obj (.text)
                  0000090c    00000044                                   : exit.obj (.text)
                  00000950    0000002e     driverlib-cm4f.lib : adc.obj (.text:ADCIntStatus)
                  0000097e    0000002e                        : gpio.obj (.text:GPIODirModeSet)
                  000009ac    0000002a                        : adc.obj (.text:ADCSequenceConfigure)
                  000009d6    00000002     --HOLE-- [fill = 0]
                  000009d8    00000028                        : timer.obj (.text:TimerConfigure)
                  00000a00    00000020                        : adc.obj (.text:ADCSequenceDataGet)
                  00000a20    00000018                        : timer.obj (.text:TimerControlTrigger)
                  00000a38    00000018     rtsv7M4_T_le_v4SPD16_eabi.lib : args_main.obj (.text)
                  00000a50    00000014                                   : _lock.obj (.text)
                  00000a64    00000012     driverlib-cm4f.lib : gpio.obj (.text:GPIOPinTypeGPIOOutput)
                  00000a76    00000012                        : timer.obj (.text:TimerLoadSet)
                  00000a88    0000000e                        : adc.obj (.text:ADCSequenceEnable)
                  00000a96    0000000e                        : timer.obj (.text:TimerEnable)
                  00000aa4    0000000e     rtsv7M4_T_le_v4SPD16_eabi.lib : copy_decompress_none.obj (.text:decompress:none)
                  00000ab2    0000000c     driverlib-cm4f.lib : cpu.obj (.text:CPUcpsie)
                  00000abe    0000000c     rtsv7M4_T_le_v4SPD16_eabi.lib : copy_zero_init.obj (.text:decompress:ZI)
                  00000aca    0000000c     tm4c123gh6pm_startup_ccs.obj (.text)
                  00000ad6    0000000a     driverlib-cm4f.lib : interrupt.obj (.text:IntMasterEnable)
                  00000ae0    00000008                        : timer.obj (.text:TimerIntEnable)
                  00000ae8    00000006                        : sysctl.obj (.text:SysCtlDelay)
                  00000aee    00000006     rtsv7M4_T_le_v4SPD16_eabi.lib : copy_decompress_rle.obj (.text:decompress:rle24)
                  00000af4    00000004     driverlib-cm4f.lib : timer.obj (.text:TimerIntClear)
                  00000af8    00000004     rtsv7M4_T_le_v4SPD16_eabi.lib : pre_init.obj (.text)

.const     0    00000afc    000000b0     
                  00000afc    00000070     driverlib-cm4f.lib : interrupt.obj (.const)
                  00000b6c    00000040                        : sysctl.obj (.const)

.cinit     0    00000bb0    00000040     
                  00000bb0    00000016     (.cinit..data.load) [load image, compression = rle]
                  00000bc6    00000002     --HOLE-- [fill = 0]
                  00000bc8    0000000c     (__TI_handler_table)
                  00000bd4    00000004     --HOLE-- [fill = 0]
                  00000bd8    00000008     (.cinit..bss.load) [load image, compression = zero_init]
                  00000be0    00000010     (__TI_cinit_table)

.init_array 
*          0    00000000    00000000     UNINITIALIZED

.stack     0    20000000    00000200     UNINITIALIZED
                  20000000    00000200     --HOLE--

.data      0    20000200    0000001c     UNINITIALIZED
                  20000200    00000008     main.obj (.data)
                  20000208    00000008     rtsv7M4_T_le_v4SPD16_eabi.lib : _lock.obj (.data)
                  20000210    00000008                                   : exit.obj (.data)
                  20000218    00000004                                   : stkdepth_vars.obj (.data)

.bss       0    2000021c    00000004     UNINITIALIZED
                  2000021c    00000004     (.common:ui32Value)

.TI.persistent 
*          0    20000200    00000000     UNINITIALIZED

.TI.noinit 
*          0    2000021c    00000000     UNINITIALIZED


LINKER GENERATED COPY TABLES

__TI_cinit_table @ 00000be0 records: 2, size/record: 8, table size: 16
	.data: load addr=00000bb0, load size=00000016 bytes, run addr=20000200, run size=0000001c bytes, compression=rle
	.bss: load addr=00000bd8, load size=00000008 bytes, run addr=2000021c, run size=00000004 bytes, compression=zero_init


LINKER GENERATED HANDLER TABLE

__TI_handler_table @ 00000bc8 records: 3, size/record: 4, table size: 12
	index: 0, handler: __TI_decompress_rle24
	index: 1, handler: __TI_decompress_none
	index: 2, handler: __TI_zero_init


GLOBAL SYMBOLS: SORTED ALPHABETICALLY BY Name 

address   name                    
-------   ----                    
00000951  ADCIntStatus            
000009ad  ADCSequenceConfigure    
00000a01  ADCSequenceDataGet      
00000a89  ADCSequenceEnable       
0000066f  ADCSequenceStepConfigure
0000090d  C$$EXIT                 
00000ab3  CPUcpsie                
0000097f  GPIODirModeSet          
00000491  GPIOPadConfigSet        
00000a65  GPIOPinTypeGPIOOutput   
000007b5  IntEnable               
00000ad7  IntMasterEnable         
00000acb  ResetISR                
UNDEFED   SHT$$INIT_ARRAY$$Base   
UNDEFED   SHT$$INIT_ARRAY$$Limit  
0000026d  SysCtlClockSet          
00000ae9  SysCtlDelay             
00000819  SysCtlPeripheralEnable  
00000433  Timer0IntHandler        
000009d9  TimerConfigure          
00000a21  TimerControlTrigger     
00000a97  TimerEnable             
00000af5  TimerIntClear           
00000ae1  TimerIntEnable          
00000a77  TimerLoadSet            
20000200  __STACK_END             
00000200  __STACK_SIZE            
20000200  __STACK_TOP             
00000be0  __TI_CINIT_Base         
00000bf0  __TI_CINIT_Limit        
00000bc8  __TI_Handler_Table_Base 
00000bd4  __TI_Handler_Table_Limit
000006dd  __TI_auto_init          
20000210  __TI_cleanup_ptr        
00000aa5  __TI_decompress_none    
00000aef  __TI_decompress_rle24   
20000214  __TI_dtors_ptr          
00000000  __TI_static_base__      
00000abf  __TI_zero_init          
000005f5  __aeabi_memclr          
000005f5  __aeabi_memclr4         
000005f5  __aeabi_memclr8         
00000559  __aeabi_memcpy          
00000559  __aeabi_memcpy4         
00000559  __aeabi_memcpy8         
000005f7  __aeabi_memset          
000005f7  __aeabi_memset4         
000005f7  __aeabi_memset8         
ffffffff  __binit__               
ffffffff  __c_args__              
20000000  __stack                 
00000a39  _args_main              
00000871  _c_int00                
20000208  _lock                   
00000a5f  _nop                    
00000a57  _register_lock          
00000a51  _register_unlock        
00000af9  _system_pre_init        
2000020c  _unlock                 
00000911  abort                   
ffffffff  binit                   
000008c1  copy_in                 
00000919  exit                    
00000000  g_pfnVectors            
000003a9  main                    
20000218  main_func_sp            
00000559  memcpy                  
000005fd  memset                  
2000021c  ui32Value               
20000204  ui32Value_2             
20000200  ui8PinData              


GLOBAL SYMBOLS: SORTED BY Symbol Address 

address   name                    
-------   ----                    
00000000  __TI_static_base__      
00000000  g_pfnVectors            
00000200  __STACK_SIZE            
0000026d  SysCtlClockSet          
000003a9  main                    
00000433  Timer0IntHandler        
00000491  GPIOPadConfigSet        
00000559  __aeabi_memcpy          
00000559  __aeabi_memcpy4         
00000559  __aeabi_memcpy8         
00000559  memcpy                  
000005f5  __aeabi_memclr          
000005f5  __aeabi_memclr4         
000005f5  __aeabi_memclr8         
000005f7  __aeabi_memset          
000005f7  __aeabi_memset4         
000005f7  __aeabi_memset8         
000005fd  memset                  
0000066f  ADCSequenceStepConfigure
000006dd  __TI_auto_init          
000007b5  IntEnable               
00000819  SysCtlPeripheralEnable  
00000871  _c_int00                
000008c1  copy_in                 
0000090d  C$$EXIT                 
00000911  abort                   
00000919  exit                    
00000951  ADCIntStatus            
0000097f  GPIODirModeSet          
000009ad  ADCSequenceConfigure    
000009d9  TimerConfigure          
00000a01  ADCSequenceDataGet      
00000a21  TimerControlTrigger     
00000a39  _args_main              
00000a51  _register_unlock        
00000a57  _register_lock          
00000a5f  _nop                    
00000a65  GPIOPinTypeGPIOOutput   
00000a77  TimerLoadSet            
00000a89  ADCSequenceEnable       
00000a97  TimerEnable             
00000aa5  __TI_decompress_none    
00000ab3  CPUcpsie                
00000abf  __TI_zero_init          
00000acb  ResetISR                
00000ad7  IntMasterEnable         
00000ae1  TimerIntEnable          
00000ae9  SysCtlDelay             
00000aef  __TI_decompress_rle24   
00000af5  TimerIntClear           
00000af9  _system_pre_init        
00000bc8  __TI_Handler_Table_Base 
00000bd4  __TI_Handler_Table_Limit
00000be0  __TI_CINIT_Base         
00000bf0  __TI_CINIT_Limit        
20000000  __stack                 
20000200  __STACK_END             
20000200  __STACK_TOP             
20000200  ui8PinData              
20000204  ui32Value_2             
20000208  _lock                   
2000020c  _unlock                 
20000210  __TI_cleanup_ptr        
20000214  __TI_dtors_ptr          
20000218  main_func_sp            
2000021c  ui32Value               
ffffffff  __binit__               
ffffffff  __c_args__              
ffffffff  binit                   
UNDEFED   SHT$$INIT_ARRAY$$Base   
UNDEFED   SHT$$INIT_ARRAY$$Limit  

[71 symbols]
