******************************************************************************
                  TI ARM Linker PC v5.2.5                      
******************************************************************************
>> Linked Mon May 16 14:00:09 2016

OUTPUT FILE NAME:   <Copy of TIVAC_GPIO_LAB2.out>
ENTRY POINT SYMBOL: "_c_int00"  address: 00000761


MEMORY CONFIGURATION

         name            origin    length      used     unused   attr    fill
----------------------  --------  ---------  --------  --------  ----  --------
  FLASH                 00000000   00040000  00000974  0003f68c  R  X
  SRAM                  20000000   00008000  00000238  00007dc8  RW X


SEGMENT ALLOCATION MAP

run origin  load origin   length   init length attrs members
----------  ----------- ---------- ----------- ----- -------
00000000    00000000    00000978   00000978    r-x
  00000000    00000000    0000026c   0000026c    r-- .intvecs
  0000026c    0000026c    00000688   00000688    r-x .text
  000008f4    000008f4    00000040   00000040    r-- .const
  00000938    00000938    00000040   00000040    r-- .cinit
20000000    20000000    00000238   00000000    rw-
  20000000    20000000    00000200   00000000    rw- .stack
  20000200    20000200    00000038   00000000    rw- .data


SECTION ALLOCATION MAP

 output                                  attributes/
section   page    origin      length       input sections
--------  ----  ----------  ----------   ----------------
.intvecs   0    00000000    0000026c     
                  00000000    0000026c     tm4c123gh6pm_startup_ccs.obj (.intvecs)

.text      0    0000026c    00000688     
                  0000026c    0000013c     driverlib-cm4f.lib : sysctl.obj (.text:SysCtlClockSet)
                  000003a8    000000c8                        : gpio.obj (.text:GPIOPadConfigSet)
                  00000470    000000a8     main.obj (.text)
                  00000518    0000009c     rtsv7M4_T_le_v4SPD16_eabi.lib : memcpy_t2.obj (.text)
                  000005b4    0000007a                                   : memset_t2.obj (.text)
                  0000062e    00000002     --HOLE-- [fill = 0]
                  00000630    0000006c                                   : autoinit.obj (.text)
                  0000069c    0000006a                                   : copy_decompress_rle.obj (.text)
                  00000706    00000002     --HOLE-- [fill = 0]
                  00000708    00000058     driverlib-cm4f.lib : sysctl.obj (.text:SysCtlPeripheralEnable)
                  00000760    00000050     rtsv7M4_T_le_v4SPD16_eabi.lib : boot.obj (.text)
                  000007b0    0000004c                                   : cpy_tbl.obj (.text)
                  000007fc    00000044                                   : exit.obj (.text)
                  00000840    0000002e     driverlib-cm4f.lib : gpio.obj (.text:GPIODirModeSet)
                  0000086e    00000002     --HOLE-- [fill = 0]
                  00000870    00000018     rtsv7M4_T_le_v4SPD16_eabi.lib : args_main.obj (.text)
                  00000888    00000014                                   : _lock.obj (.text)
                  0000089c    00000012     driverlib-cm4f.lib : gpio.obj (.text:GPIOPinTypeGPIOInput)
                  000008ae    00000012                        : gpio.obj (.text:GPIOPinTypeGPIOOutput)
                  000008c0    0000000e     rtsv7M4_T_le_v4SPD16_eabi.lib : copy_decompress_none.obj (.text:decompress:none)
                  000008ce    0000000c     tm4c123gh6pm_startup_ccs.obj (.text)
                  000008da    0000000a     driverlib-cm4f.lib : gpio.obj (.text:GPIOPinWrite)
                  000008e4    00000006                        : sysctl.obj (.text:SysCtlDelay)
                  000008ea    00000006     rtsv7M4_T_le_v4SPD16_eabi.lib : copy_decompress_rle.obj (.text:decompress:rle24)
                  000008f0    00000004                                   : pre_init.obj (.text)

.const     0    000008f4    00000040     
                  000008f4    00000040     driverlib-cm4f.lib : sysctl.obj (.const)

.cinit     0    00000938    00000040     
                  00000938    00000030     (.cinit..data.load) [load image, compression = rle]
                  00000968    00000008     (__TI_handler_table)
                  00000970    00000008     (__TI_cinit_table)

.init_array 
*          0    00000000    00000000     UNINITIALIZED

.stack     0    20000000    00000200     UNINITIALIZED
                  20000000    00000200     --HOLE--

.data      0    20000200    00000038     UNINITIALIZED
                  20000200    00000024     main.obj (.data:Traffic_light)
                  20000224    00000008     rtsv7M4_T_le_v4SPD16_eabi.lib : _lock.obj (.data)
                  2000022c    00000008                                   : exit.obj (.data)
                  20000234    00000004                                   : stkdepth_vars.obj (.data)

.TI.persistent 
*          0    20000200    00000000     UNINITIALIZED


LINKER GENERATED COPY TABLES

__TI_cinit_table @ 00000970 records: 1, size/record: 8, table size: 8
	.data: load addr=00000938, load size=00000030 bytes, run addr=20000200, run size=00000038 bytes, compression=rle


LINKER GENERATED HANDLER TABLE

__TI_handler_table @ 00000968 records: 2, size/record: 4, table size: 8
	index: 0, handler: __TI_decompress_rle24
	index: 1, handler: __TI_decompress_none


GLOBAL SYMBOLS: SORTED ALPHABETICALLY BY Name 

address   name                    
-------   ----                    
000007fd  C$$EXIT                 
00000841  GPIODirModeSet          
000003a9  GPIOPadConfigSet        
0000089d  GPIOPinTypeGPIOInput    
000008af  GPIOPinTypeGPIOOutput   
000008db  GPIOPinWrite            
000008cf  ResetISR                
UNDEFED   SHT$$INIT_ARRAY$$Base   
UNDEFED   SHT$$INIT_ARRAY$$Limit  
0000026d  SysCtlClockSet          
000008e5  SysCtlDelay             
00000709  SysCtlPeripheralEnable  
20000200  Traffic_light           
20000200  __STACK_END             
00000200  __STACK_SIZE            
20000200  __STACK_TOP             
00000970  __TI_CINIT_Base         
00000978  __TI_CINIT_Limit        
00000968  __TI_Handler_Table_Base 
00000970  __TI_Handler_Table_Limit
00000631  __TI_auto_init          
2000022c  __TI_cleanup_ptr        
000008c1  __TI_decompress_none    
000008eb  __TI_decompress_rle24   
20000230  __TI_dtors_ptr          
00000000  __TI_static_base__      
000005b5  __aeabi_memclr          
000005b5  __aeabi_memclr4         
000005b5  __aeabi_memclr8         
00000519  __aeabi_memcpy          
00000519  __aeabi_memcpy4         
00000519  __aeabi_memcpy8         
000005b7  __aeabi_memset          
000005b7  __aeabi_memset4         
000005b7  __aeabi_memset8         
ffffffff  __binit__               
ffffffff  __c_args__              
20000000  __stack                 
00000871  _args_main              
00000761  _c_int00                
20000224  _lock                   
00000897  _nop                    
0000088f  _register_lock          
00000889  _register_unlock        
000008f1  _system_pre_init        
20000228  _unlock                 
00000801  abort                   
ffffffff  binit                   
000007b1  copy_in                 
00000809  exit                    
00000000  g_pfnVectors            
00000471  main                    
20000234  main_func_sp            
00000519  memcpy                  
000005bd  memset                  


GLOBAL SYMBOLS: SORTED BY Symbol Address 

address   name                    
-------   ----                    
00000000  __TI_static_base__      
00000000  g_pfnVectors            
00000200  __STACK_SIZE            
0000026d  SysCtlClockSet          
000003a9  GPIOPadConfigSet        
00000471  main                    
00000519  __aeabi_memcpy          
00000519  __aeabi_memcpy4         
00000519  __aeabi_memcpy8         
00000519  memcpy                  
000005b5  __aeabi_memclr          
000005b5  __aeabi_memclr4         
000005b5  __aeabi_memclr8         
000005b7  __aeabi_memset          
000005b7  __aeabi_memset4         
000005b7  __aeabi_memset8         
000005bd  memset                  
00000631  __TI_auto_init          
00000709  SysCtlPeripheralEnable  
00000761  _c_int00                
000007b1  copy_in                 
000007fd  C$$EXIT                 
00000801  abort                   
00000809  exit                    
00000841  GPIODirModeSet          
00000871  _args_main              
00000889  _register_unlock        
0000088f  _register_lock          
00000897  _nop                    
0000089d  GPIOPinTypeGPIOInput    
000008af  GPIOPinTypeGPIOOutput   
000008c1  __TI_decompress_none    
000008cf  ResetISR                
000008db  GPIOPinWrite            
000008e5  SysCtlDelay             
000008eb  __TI_decompress_rle24   
000008f1  _system_pre_init        
00000968  __TI_Handler_Table_Base 
00000970  __TI_CINIT_Base         
00000970  __TI_Handler_Table_Limit
00000978  __TI_CINIT_Limit        
20000000  __stack                 
20000200  Traffic_light           
20000200  __STACK_END             
20000200  __STACK_TOP             
20000224  _lock                   
20000228  _unlock                 
2000022c  __TI_cleanup_ptr        
20000230  __TI_dtors_ptr          
20000234  main_func_sp            
ffffffff  __binit__               
ffffffff  __c_args__              
ffffffff  binit                   
UNDEFED   SHT$$INIT_ARRAY$$Base   
UNDEFED   SHT$$INIT_ARRAY$$Limit  

[55 symbols]
