******************************************************************************
                  TI ARM Linker PC v5.2.5                      
******************************************************************************
>> Linked Mon May 16 13:34:16 2016

OUTPUT FILE NAME:   <TIVAC_GPIO_LAB1.out>
ENTRY POINT SYMBOL: "_c_int00"  address: 00000725


MEMORY CONFIGURATION

         name            origin    length      used     unused   attr    fill
----------------------  --------  ---------  --------  --------  ----  --------
  FLASH                 00000000   00040000  00000918  0003f6e8  R  X
  SRAM                  20000000   00008000  00000214  00007dec  RW X


SEGMENT ALLOCATION MAP

run origin  load origin   length   init length attrs members
----------  ----------- ---------- ----------- ----- -------
00000000    00000000    00000918   00000918    r-x
  00000000    00000000    0000026c   0000026c    r-- .intvecs
  0000026c    0000026c    0000064c   0000064c    r-x .text
  000008b8    000008b8    00000040   00000040    r-- .const
  000008f8    000008f8    00000020   00000020    r-- .cinit
20000000    20000000    00000214   00000000    rw-
  20000000    20000000    00000200   00000000    rw- .stack
  20000200    20000200    00000014   00000000    rw- .data


SECTION ALLOCATION MAP

 output                                  attributes/
section   page    origin      length       input sections
--------  ----  ----------  ----------   ----------------
.intvecs   0    00000000    0000026c     
                  00000000    0000026c     tm4c123gh6pm_startup_ccs.obj (.intvecs)

.text      0    0000026c    0000064c     
                  0000026c    0000013c     driverlib-cm4f.lib : sysctl.obj (.text:SysCtlClockSet)
                  000003a8    000000c8                        : gpio.obj (.text:GPIOPadConfigSet)
                  00000470    0000009c     rtsv7M4_T_le_v4SPD16_eabi.lib : memcpy_t2.obj (.text)
                  0000050c    0000007a                                   : memset_t2.obj (.text)
                  00000586    00000002     --HOLE-- [fill = 0]
                  00000588    0000006c     main.obj (.text)
                  000005f4    0000006c     rtsv7M4_T_le_v4SPD16_eabi.lib : autoinit.obj (.text)
                  00000660    0000006a                                   : copy_decompress_rle.obj (.text)
                  000006ca    00000002     --HOLE-- [fill = 0]
                  000006cc    00000058     driverlib-cm4f.lib : sysctl.obj (.text:SysCtlPeripheralEnable)
                  00000724    00000050     rtsv7M4_T_le_v4SPD16_eabi.lib : boot.obj (.text)
                  00000774    0000004c                                   : cpy_tbl.obj (.text)
                  000007c0    00000044                                   : exit.obj (.text)
                  00000804    0000002e     driverlib-cm4f.lib : gpio.obj (.text:GPIODirModeSet)
                  00000832    00000002     --HOLE-- [fill = 0]
                  00000834    00000018     rtsv7M4_T_le_v4SPD16_eabi.lib : args_main.obj (.text)
                  0000084c    00000014                                   : _lock.obj (.text)
                  00000860    00000012     driverlib-cm4f.lib : gpio.obj (.text:GPIOPinTypeGPIOInput)
                  00000872    00000012                        : gpio.obj (.text:GPIOPinTypeGPIOOutput)
                  00000884    0000000e     rtsv7M4_T_le_v4SPD16_eabi.lib : copy_decompress_none.obj (.text:decompress:none)
                  00000892    0000000c     tm4c123gh6pm_startup_ccs.obj (.text)
                  0000089e    0000000a     driverlib-cm4f.lib : gpio.obj (.text:GPIOPinWrite)
                  000008a8    00000006                        : sysctl.obj (.text:SysCtlDelay)
                  000008ae    00000006     rtsv7M4_T_le_v4SPD16_eabi.lib : copy_decompress_rle.obj (.text:decompress:rle24)
                  000008b4    00000004                                   : pre_init.obj (.text)

.const     0    000008b8    00000040     
                  000008b8    00000040     driverlib-cm4f.lib : sysctl.obj (.const)

.cinit     0    000008f8    00000020     
                  000008f8    0000000f     (.cinit..data.load) [load image, compression = rle]
                  00000907    00000001     --HOLE-- [fill = 0]
                  00000908    00000008     (__TI_handler_table)
                  00000910    00000008     (__TI_cinit_table)

.init_array 
*          0    00000000    00000000     UNINITIALIZED

.stack     0    20000000    00000200     UNINITIALIZED
                  20000000    00000200     --HOLE--

.data      0    20000200    00000014     UNINITIALIZED
                  20000200    00000008     rtsv7M4_T_le_v4SPD16_eabi.lib : _lock.obj (.data)
                  20000208    00000008                                   : exit.obj (.data)
                  20000210    00000004                                   : stkdepth_vars.obj (.data)

.TI.persistent 
*          0    20000200    00000000     UNINITIALIZED


LINKER GENERATED COPY TABLES

__TI_cinit_table @ 00000910 records: 1, size/record: 8, table size: 8
	.data: load addr=000008f8, load size=0000000f bytes, run addr=20000200, run size=00000014 bytes, compression=rle


LINKER GENERATED HANDLER TABLE

__TI_handler_table @ 00000908 records: 2, size/record: 4, table size: 8
	index: 0, handler: __TI_decompress_rle24
	index: 1, handler: __TI_decompress_none


GLOBAL SYMBOLS: SORTED ALPHABETICALLY BY Name 

address   name                    
-------   ----                    
000007c1  C$$EXIT                 
00000805  GPIODirModeSet          
000003a9  GPIOPadConfigSet        
00000861  GPIOPinTypeGPIOInput    
00000873  GPIOPinTypeGPIOOutput   
0000089f  GPIOPinWrite            
00000893  ResetISR                
UNDEFED   SHT$$INIT_ARRAY$$Base   
UNDEFED   SHT$$INIT_ARRAY$$Limit  
0000026d  SysCtlClockSet          
000008a9  SysCtlDelay             
000006cd  SysCtlPeripheralEnable  
20000200  __STACK_END             
00000200  __STACK_SIZE            
20000200  __STACK_TOP             
00000910  __TI_CINIT_Base         
00000918  __TI_CINIT_Limit        
00000908  __TI_Handler_Table_Base 
00000910  __TI_Handler_Table_Limit
000005f5  __TI_auto_init          
20000208  __TI_cleanup_ptr        
00000885  __TI_decompress_none    
000008af  __TI_decompress_rle24   
2000020c  __TI_dtors_ptr          
00000000  __TI_static_base__      
0000050d  __aeabi_memclr          
0000050d  __aeabi_memclr4         
0000050d  __aeabi_memclr8         
00000471  __aeabi_memcpy          
00000471  __aeabi_memcpy4         
00000471  __aeabi_memcpy8         
0000050f  __aeabi_memset          
0000050f  __aeabi_memset4         
0000050f  __aeabi_memset8         
ffffffff  __binit__               
ffffffff  __c_args__              
20000000  __stack                 
00000835  _args_main              
00000725  _c_int00                
20000200  _lock                   
0000085b  _nop                    
00000853  _register_lock          
0000084d  _register_unlock        
000008b5  _system_pre_init        
20000204  _unlock                 
000007c5  abort                   
ffffffff  binit                   
00000775  copy_in                 
000007cd  exit                    
00000000  g_pfnVectors            
00000589  main                    
20000210  main_func_sp            
00000471  memcpy                  
00000515  memset                  


GLOBAL SYMBOLS: SORTED BY Symbol Address 

address   name                    
-------   ----                    
00000000  __TI_static_base__      
00000000  g_pfnVectors            
00000200  __STACK_SIZE            
0000026d  SysCtlClockSet          
000003a9  GPIOPadConfigSet        
00000471  __aeabi_memcpy          
00000471  __aeabi_memcpy4         
00000471  __aeabi_memcpy8         
00000471  memcpy                  
0000050d  __aeabi_memclr          
0000050d  __aeabi_memclr4         
0000050d  __aeabi_memclr8         
0000050f  __aeabi_memset          
0000050f  __aeabi_memset4         
0000050f  __aeabi_memset8         
00000515  memset                  
00000589  main                    
000005f5  __TI_auto_init          
000006cd  SysCtlPeripheralEnable  
00000725  _c_int00                
00000775  copy_in                 
000007c1  C$$EXIT                 
000007c5  abort                   
000007cd  exit                    
00000805  GPIODirModeSet          
00000835  _args_main              
0000084d  _register_unlock        
00000853  _register_lock          
0000085b  _nop                    
00000861  GPIOPinTypeGPIOInput    
00000873  GPIOPinTypeGPIOOutput   
00000885  __TI_decompress_none    
00000893  ResetISR                
0000089f  GPIOPinWrite            
000008a9  SysCtlDelay             
000008af  __TI_decompress_rle24   
000008b5  _system_pre_init        
00000908  __TI_Handler_Table_Base 
00000910  __TI_CINIT_Base         
00000910  __TI_Handler_Table_Limit
00000918  __TI_CINIT_Limit        
20000000  __stack                 
20000200  __STACK_END             
20000200  __STACK_TOP             
20000200  _lock                   
20000204  _unlock                 
20000208  __TI_cleanup_ptr        
2000020c  __TI_dtors_ptr          
20000210  main_func_sp            
ffffffff  __binit__               
ffffffff  __c_args__              
ffffffff  binit                   
UNDEFED   SHT$$INIT_ARRAY$$Base   
UNDEFED   SHT$$INIT_ARRAY$$Limit  

[54 symbols]
