******************************************************************************
                  TI ARM Linker PC v5.1.6                      
******************************************************************************
>> Linked Fri May 27 02:09:44 2016

OUTPUT FILE NAME:   <TIVAC_LAB6_PWM.out>
ENTRY POINT SYMBOL: "_c_int00"  address: 00000655


MEMORY CONFIGURATION

         name            origin    length      used     unused   attr    fill
----------------------  --------  ---------  --------  --------  ----  --------
  FLASH                 00000000   00040000  00000830  0003f7d0  R  X
  SRAM                  20000000   00008000  00000078  00007f88  RW X


SEGMENT ALLOCATION MAP

run origin  load origin   length   init length attrs members
----------  ----------- ---------- ----------- ----- -------
00000000    00000000    00000830   00000830    r-x
  00000000    00000000    0000026c   0000026c    r-- .intvecs
  0000026c    0000026c    00000538   00000538    r-x .text
  000007a4    000007a4    0000006c   0000006c    r-- .const
  00000810    00000810    00000020   00000020    r-- .cinit
20000000    20000000    00000078   00000000    rw-
  20000000    20000000    00000064   00000000    rw- .stack
  20000064    20000064    00000014   00000000    rw- .data


SECTION ALLOCATION MAP

 output                                  attributes/
section   page    origin      length       input sections
--------  ----  ----------  ----------   ----------------
.intvecs   0    00000000    0000026c     
                  00000000    0000026c     tm4c123gh6pm_startup_ccs.obj (.intvecs)

.init_array 
*          0    00000000    00000000     UNINITIALIZED

.text      0    0000026c    00000538     
                  0000026c    0000014c     main.obj (.text)
                  000003b8    0000010c     driverlib.lib : sysctl.obj (.text:SysCtlClockGet)
                  000004c4    0000009c     rtsv7M4_T_le_v4SPD16_eabi.lib : memcpy_t2.obj (.text)
                  00000560    00000094                                   : auto_init.obj (.text)
                  000005f4    0000005e                                   : copy_decompress_rle.obj (.text)
                  00000652    00000002     --HOLE-- [fill = 0]
                  00000654    00000048                                   : boot.obj (.text)
                  0000069c    00000044                                   : cpy_tbl.obj (.text)
                  000006e0    00000044                                   : exit.obj (.text)
                  00000724    00000022     driverlib.lib : pwm.obj (.text:PWMGenConfigure)
                  00000746    00000002     --HOLE-- [fill = 0]
                  00000748    00000018     rtsv7M4_T_le_v4SPD16_eabi.lib : args_main.obj (.text)
                  00000760    00000014                                   : _lock.obj (.text)
                  00000774    00000010     driverlib.lib : pwm.obj (.text:PWMGenPeriodSet)
                  00000784    0000000e     rtsv7M4_T_le_v4SPD16_eabi.lib : copy_decompress_none.obj (.text:decompress:none)
                  00000792    0000000c     tm4c123gh6pm_startup_ccs.obj (.text)
                  0000079e    00000006     rtsv7M4_T_le_v4SPD16_eabi.lib : copy_decompress_rle.obj (.text:decompress:rle24)

.const     0    000007a4    0000006c     
                  000007a4    0000006c     driverlib.lib : sysctl.obj (.const:g_pui32Xtals)

.cinit     0    00000810    00000020     
                  00000810    0000000f     (.cinit..data.load) [load image, compression = rle]
                  0000081f    00000001     --HOLE-- [fill = 0]
                  00000820    00000008     (__TI_handler_table)
                  00000828    00000008     (__TI_cinit_table)

.stack     0    20000000    00000064     UNINITIALIZED
                  20000000    00000064     --HOLE--

.data      0    20000064    00000014     UNINITIALIZED
                  20000064    00000008     rtsv7M4_T_le_v4SPD16_eabi.lib : _lock.obj (.data)
                  2000006c    00000008                                   : exit.obj (.data)
                  20000074    00000004                                   : stkdepth_vars.obj (.data)


LINKER GENERATED COPY TABLES

__TI_cinit_table @ 00000828 records: 1, size/record: 8, table size: 8
	.data: load addr=00000810, load size=0000000f bytes, run addr=20000064, run size=00000014 bytes, compression=rle


LINKER GENERATED HANDLER TABLE

__TI_handler_table @ 00000820 records: 2, size/record: 4, table size: 8
	index: 0, handler: __TI_decompress_rle24
	index: 1, handler: __TI_decompress_none


GLOBAL SYMBOLS: SORTED ALPHABETICALLY BY Name 

address    name
--------   ----
000006e1   C$$EXIT
00000725   PWMGenConfigure
00000775   PWMGenPeriodSet
00000793   ResetISR
UNDEFED    SHT$$INIT_ARRAY$$Base
UNDEFED    SHT$$INIT_ARRAY$$Limit
000003b9   SysCtlClockGet
20000064   __STACK_END
00000064   __STACK_SIZE
20000200   __STACK_TOP
00000828   __TI_CINIT_Base
00000830   __TI_CINIT_Limit
00000820   __TI_Handler_Table_Base
00000828   __TI_Handler_Table_Limit
00000001   __TI_args_main
00000561   __TI_auto_init
2000006c   __TI_cleanup_ptr
00000785   __TI_decompress_none
0000079f   __TI_decompress_rle24
20000070   __TI_dtors_ptr
00000000   __TI_static_base__
000004c5   __aeabi_memcpy
000004c5   __aeabi_memcpy4
000004c5   __aeabi_memcpy8
ffffffff   __binit__
ffffffff   __c_args__
20000000   __stack
00000749   _args_main
00000655   _c_int00
20000064   _lock
0000076f   _nop
00000767   _register_lock
00000761   _register_unlock
20000068   _unlock
000006e5   abort
ffffffff   binit
0000069d   copy_in
000006ed   exit
00000000   g_pfnVectors
0000026d   main
20000074   main_func_sp
000004c5   memcpy


GLOBAL SYMBOLS: SORTED BY Symbol Address 

address    name
--------   ----
00000000   __TI_static_base__
00000000   g_pfnVectors
00000001   __TI_args_main
00000064   __STACK_SIZE
0000026d   main
000003b9   SysCtlClockGet
000004c5   __aeabi_memcpy
000004c5   __aeabi_memcpy4
000004c5   __aeabi_memcpy8
000004c5   memcpy
00000561   __TI_auto_init
00000655   _c_int00
0000069d   copy_in
000006e1   C$$EXIT
000006e5   abort
000006ed   exit
00000725   PWMGenConfigure
00000749   _args_main
00000761   _register_unlock
00000767   _register_lock
0000076f   _nop
00000775   PWMGenPeriodSet
00000785   __TI_decompress_none
00000793   ResetISR
0000079f   __TI_decompress_rle24
00000820   __TI_Handler_Table_Base
00000828   __TI_CINIT_Base
00000828   __TI_Handler_Table_Limit
00000830   __TI_CINIT_Limit
20000000   __stack
20000064   __STACK_END
20000064   _lock
20000068   _unlock
2000006c   __TI_cleanup_ptr
20000070   __TI_dtors_ptr
20000074   main_func_sp
20000200   __STACK_TOP
ffffffff   __binit__
ffffffff   __c_args__
ffffffff   binit
UNDEFED    SHT$$INIT_ARRAY$$Base
UNDEFED    SHT$$INIT_ARRAY$$Limit

[42 symbols]
