******************************************************************************
                  TI ARM Linker PC v5.1.6                      
******************************************************************************
>> Linked Wed May 18 21:25:01 2016

OUTPUT FILE NAME:   <TIVAC_TimerInterrupt_LAB7.out>
ENTRY POINT SYMBOL: "_c_int00"  address: 00000779


MEMORY CONFIGURATION

         name            origin    length      used     unused   attr    fill
----------------------  --------  ---------  --------  --------  ----  --------
  FLASH                 00000000   00040000  000009f0  0003f610  R  X
  SRAM                  20000000   00008000  00000079  00007f87  RW X


SEGMENT ALLOCATION MAP

run origin  load origin   length   init length attrs members
----------  ----------- ---------- ----------- ----- -------
00000000    00000000    000009f0   000009f0    r-x
  00000000    00000000    0000026c   0000026c    r-- .intvecs
  0000026c    0000026c    000006f4   000006f4    r-x .text
  00000960    00000960    00000070   00000070    r-- .const
  000009d0    000009d0    00000020   00000020    r-- .cinit
20000000    20000000    00000079   00000000    rw-
  20000000    20000000    00000064   00000000    rw- .stack
  20000064    20000064    00000015   00000000    rw- .data


SECTION ALLOCATION MAP

 output                                  attributes/
section   page    origin      length       input sections
--------  ----  ----------  ----------   ----------------
.intvecs   0    00000000    0000026c     
                  00000000    0000026c     tm4c123gh6pm_startup_ccs.obj (.intvecs)

.init_array 
*          0    00000000    00000000     UNINITIALIZED

.text      0    0000026c    000006f4     
                  0000026c    00000130     driverlib.lib : gpio.obj (.text:GPIOPadConfigSet)
                  0000039c    000000f0                   : sysctl.obj (.text:SysCtlClockSet)
                  0000048c    0000009c     rtsv7M4_T_le_v4SPD16_eabi.lib : memcpy_t2.obj (.text)
                  00000528    00000094     main.obj (.text)
                  000005bc    00000094     rtsv7M4_T_le_v4SPD16_eabi.lib : auto_init.obj (.text)
                  00000650    00000068     driverlib.lib : interrupt.obj (.text:IntEnable)
                  000006b8    00000060                   : timer.obj (.text:TimerConfigure)
                  00000718    0000005e     rtsv7M4_T_le_v4SPD16_eabi.lib : copy_decompress_rle.obj (.text)
                  00000776    00000002     --HOLE-- [fill = 0]
                  00000778    00000048                                   : boot.obj (.text)
                  000007c0    00000044                                   : cpy_tbl.obj (.text)
                  00000804    00000044                                   : exit.obj (.text)
                  00000848    00000034     driverlib.lib : sysctl.obj (.text:SysCtlPeripheralEnable)
                  0000087c    0000002a                   : gpio.obj (.text:GPIODirModeSet)
                  000008a6    00000018                   : gpio.obj (.text:GPIOPinTypeGPIOOutput)
                  000008be    00000002     --HOLE-- [fill = 0]
                  000008c0    00000018     rtsv7M4_T_le_v4SPD16_eabi.lib : args_main.obj (.text)
                  000008d8    00000014                                   : _lock.obj (.text)
                  000008ec    00000012     driverlib.lib : timer.obj (.text:TimerLoadSet)
                  000008fe    00000010                   : interrupt.obj (.text:IntMasterEnable)
                  0000090e    0000000e                   : timer.obj (.text:TimerEnable)
                  0000091c    0000000e     rtsv7M4_T_le_v4SPD16_eabi.lib : copy_decompress_none.obj (.text:decompress:none)
                  0000092a    0000000c     driverlib.lib : cpu.obj (.text:CPUcpsie)
                  00000936    0000000c     tm4c123gh6pm_startup_ccs.obj (.text)
                  00000942    00000008     driverlib.lib : timer.obj (.text:TimerIntEnable)
                  0000094a    00000006                   : gpio.obj (.text:GPIOPinWrite)
                  00000950    00000006                   : sysctl.obj (.text:SysCtlDelay)
                  00000956    00000006     rtsv7M4_T_le_v4SPD16_eabi.lib : copy_decompress_rle.obj (.text:decompress:rle24)
                  0000095c    00000004     driverlib.lib : timer.obj (.text:TimerIntClear)

.const     0    00000960    00000070     
                  00000960    00000070     driverlib.lib : interrupt.obj (.const)

.cinit     0    000009d0    00000020     
                  000009d0    0000000f     (.cinit..data.load) [load image, compression = rle]
                  000009df    00000001     --HOLE-- [fill = 0]
                  000009e0    00000008     (__TI_handler_table)
                  000009e8    00000008     (__TI_cinit_table)

.stack     0    20000000    00000064     UNINITIALIZED
                  20000000    00000064     --HOLE--

.data      0    20000064    00000015     UNINITIALIZED
                  20000064    00000008     rtsv7M4_T_le_v4SPD16_eabi.lib : _lock.obj (.data)
                  2000006c    00000008                                   : exit.obj (.data)
                  20000074    00000004                                   : stkdepth_vars.obj (.data)
                  20000078    00000001     main.obj (.data)


LINKER GENERATED COPY TABLES

__TI_cinit_table @ 000009e8 records: 1, size/record: 8, table size: 8
	.data: load addr=000009d0, load size=0000000f bytes, run addr=20000064, run size=00000015 bytes, compression=rle


LINKER GENERATED HANDLER TABLE

__TI_handler_table @ 000009e0 records: 2, size/record: 4, table size: 8
	index: 0, handler: __TI_decompress_rle24
	index: 1, handler: __TI_decompress_none


GLOBAL SYMBOLS: SORTED ALPHABETICALLY BY Name 

address    name
--------   ----
00000805   C$$EXIT
0000092b   CPUcpsie
0000087d   GPIODirModeSet
0000026d   GPIOPadConfigSet
000008a7   GPIOPinTypeGPIOOutput
0000094b   GPIOPinWrite
00000651   IntEnable
000008ff   IntMasterEnable
00000937   ResetISR
UNDEFED    SHT$$INIT_ARRAY$$Base
UNDEFED    SHT$$INIT_ARRAY$$Limit
0000039d   SysCtlClockSet
00000951   SysCtlDelay
00000849   SysCtlPeripheralEnable
00000573   Timer0IntHandler
000006b9   TimerConfigure
0000090f   TimerEnable
0000095d   TimerIntClear
00000943   TimerIntEnable
000008ed   TimerLoadSet
20000064   __STACK_END
00000064   __STACK_SIZE
20000200   __STACK_TOP
000009e8   __TI_CINIT_Base
000009f0   __TI_CINIT_Limit
000009e0   __TI_Handler_Table_Base
000009e8   __TI_Handler_Table_Limit
00000001   __TI_args_main
000005bd   __TI_auto_init
2000006c   __TI_cleanup_ptr
0000091d   __TI_decompress_none
00000957   __TI_decompress_rle24
20000070   __TI_dtors_ptr
00000000   __TI_static_base__
0000048d   __aeabi_memcpy
0000048d   __aeabi_memcpy4
0000048d   __aeabi_memcpy8
ffffffff   __binit__
ffffffff   __c_args__
20000000   __stack
000008c1   _args_main
00000779   _c_int00
20000064   _lock
000008e7   _nop
000008df   _register_lock
000008d9   _register_unlock
20000068   _unlock
00000809   abort
ffffffff   binit
20000078   choice
000007c1   copy_in
00000811   exit
00000000   g_pfnVectors
00000529   main
20000074   main_func_sp
0000048d   memcpy


GLOBAL SYMBOLS: SORTED BY Symbol Address 

address    name
--------   ----
00000000   __TI_static_base__
00000000   g_pfnVectors
00000001   __TI_args_main
00000064   __STACK_SIZE
0000026d   GPIOPadConfigSet
0000039d   SysCtlClockSet
0000048d   __aeabi_memcpy
0000048d   __aeabi_memcpy4
0000048d   __aeabi_memcpy8
0000048d   memcpy
00000529   main
00000573   Timer0IntHandler
000005bd   __TI_auto_init
00000651   IntEnable
000006b9   TimerConfigure
00000779   _c_int00
000007c1   copy_in
00000805   C$$EXIT
00000809   abort
00000811   exit
00000849   SysCtlPeripheralEnable
0000087d   GPIODirModeSet
000008a7   GPIOPinTypeGPIOOutput
000008c1   _args_main
000008d9   _register_unlock
000008df   _register_lock
000008e7   _nop
000008ed   TimerLoadSet
000008ff   IntMasterEnable
0000090f   TimerEnable
0000091d   __TI_decompress_none
0000092b   CPUcpsie
00000937   ResetISR
00000943   TimerIntEnable
0000094b   GPIOPinWrite
00000951   SysCtlDelay
00000957   __TI_decompress_rle24
0000095d   TimerIntClear
000009e0   __TI_Handler_Table_Base
000009e8   __TI_CINIT_Base
000009e8   __TI_Handler_Table_Limit
000009f0   __TI_CINIT_Limit
20000000   __stack
20000064   __STACK_END
20000064   _lock
20000068   _unlock
2000006c   __TI_cleanup_ptr
20000070   __TI_dtors_ptr
20000074   main_func_sp
20000078   choice
20000200   __STACK_TOP
ffffffff   __binit__
ffffffff   __c_args__
ffffffff   binit
UNDEFED    SHT$$INIT_ARRAY$$Base
UNDEFED    SHT$$INIT_ARRAY$$Limit

[56 symbols]
