<?xml version="1.0"?>
<link_info>
   <banner>TI ARM Linker PC v5.1.6</banner>
   <copyright>Copyright (c) 1996-2014 Texas Instruments Incorporated</copyright>
   <link_time>0x573cc09e</link_time>
   <link_errors>0x0</link_errors>
   <output_file>TIVAC_TimerInterrupt_LAB7.out</output_file>
   <entry_point>
      <name>_c_int00</name>
      <address>0x709</address>
   </entry_point>
   <input_file_list>
      <input_file id="fl-2">
         <path>.\</path>
         <kind>object</kind>
         <file>main.obj</file>
         <name>main.obj</name>
      </input_file>
      <input_file id="fl-3">
         <path>.\</path>
         <kind>object</kind>
         <file>tm4c123gh6pm_startup_ccs.obj</file>
         <name>tm4c123gh6pm_startup_ccs.obj</name>
      </input_file>
      <input_file id="fl-8">
         <path>C:\ti\TivaWare_C_Series-2.1.1.71\driverlib\ccs\Debug\</path>
         <kind>archive</kind>
         <file>driverlib.lib</file>
         <name>gpio.obj</name>
      </input_file>
      <input_file id="fl-9">
         <path>C:\ti\TivaWare_C_Series-2.1.1.71\driverlib\ccs\Debug\</path>
         <kind>archive</kind>
         <file>driverlib.lib</file>
         <name>interrupt.obj</name>
      </input_file>
      <input_file id="fl-a">
         <path>C:\ti\TivaWare_C_Series-2.1.1.71\driverlib\ccs\Debug\</path>
         <kind>archive</kind>
         <file>driverlib.lib</file>
         <name>sysctl.obj</name>
      </input_file>
      <input_file id="fl-b">
         <path>C:\ti\TivaWare_C_Series-2.1.1.71\driverlib\ccs\Debug\</path>
         <kind>archive</kind>
         <file>driverlib.lib</file>
         <name>timer.obj</name>
      </input_file>
      <input_file id="fl-c">
         <path>C:\ti\TivaWare_C_Series-2.1.1.71\driverlib\ccs\Debug\</path>
         <kind>archive</kind>
         <file>driverlib.lib</file>
         <name>cpu.obj</name>
      </input_file>
      <input_file id="fl-136">
         <path>C:\ti\ccsv6\tools\compiler\arm_5.1.6\lib\</path>
         <kind>archive</kind>
         <file>rtsv7M4_T_le_v4SPD16_eabi.lib</file>
         <name>boot.obj</name>
      </input_file>
      <input_file id="fl-137">
         <path>C:\ti\ccsv6\tools\compiler\arm_5.1.6\lib\</path>
         <kind>archive</kind>
         <file>rtsv7M4_T_le_v4SPD16_eabi.lib</file>
         <name>copy_decompress_none.obj</name>
      </input_file>
      <input_file id="fl-138">
         <path>C:\ti\ccsv6\tools\compiler\arm_5.1.6\lib\</path>
         <kind>archive</kind>
         <file>rtsv7M4_T_le_v4SPD16_eabi.lib</file>
         <name>copy_decompress_rle.obj</name>
      </input_file>
      <input_file id="fl-139">
         <path>C:\ti\ccsv6\tools\compiler\arm_5.1.6\lib\</path>
         <kind>archive</kind>
         <file>rtsv7M4_T_le_v4SPD16_eabi.lib</file>
         <name>copy_zero_init.obj</name>
      </input_file>
      <input_file id="fl-13a">
         <path>C:\ti\ccsv6\tools\compiler\arm_5.1.6\lib\</path>
         <kind>archive</kind>
         <file>rtsv7M4_T_le_v4SPD16_eabi.lib</file>
         <name>exit.obj</name>
      </input_file>
      <input_file id="fl-13b">
         <path>C:\ti\ccsv6\tools\compiler\arm_5.1.6\lib\</path>
         <kind>archive</kind>
         <file>rtsv7M4_T_le_v4SPD16_eabi.lib</file>
         <name>memcpy_t2.obj</name>
      </input_file>
      <input_file id="fl-13c">
         <path>C:\ti\ccsv6\tools\compiler\arm_5.1.6\lib\</path>
         <kind>archive</kind>
         <file>rtsv7M4_T_le_v4SPD16_eabi.lib</file>
         <name>stkdepth_vars.obj</name>
      </input_file>
      <input_file id="fl-13d">
         <path>C:\ti\ccsv6\tools\compiler\arm_5.1.6\lib\</path>
         <kind>archive</kind>
         <file>rtsv7M4_T_le_v4SPD16_eabi.lib</file>
         <name>_lock.obj</name>
      </input_file>
      <input_file id="fl-13e">
         <path>C:\ti\ccsv6\tools\compiler\arm_5.1.6\lib\</path>
         <kind>archive</kind>
         <file>rtsv7M4_T_le_v4SPD16_eabi.lib</file>
         <name>args_main.obj</name>
      </input_file>
      <input_file id="fl-13f">
         <path>C:\ti\ccsv6\tools\compiler\arm_5.1.6\lib\</path>
         <kind>archive</kind>
         <file>rtsv7M4_T_le_v4SPD16_eabi.lib</file>
         <name>auto_init.obj</name>
      </input_file>
      <input_file id="fl-140">
         <path>C:\ti\ccsv6\tools\compiler\arm_5.1.6\lib\</path>
         <kind>archive</kind>
         <file>rtsv7M4_T_le_v4SPD16_eabi.lib</file>
         <name>cpy_tbl.obj</name>
      </input_file>
   </input_file_list>
   <object_component_list>
      <object_component id="oc-e">
         <name>.intvecs</name>
         <load_address>0x0</load_address>
         <run_address>0x0</run_address>
         <size>0x26c</size>
         <input_file_ref idref="fl-3"/>
      </object_component>
      <object_component id="oc-fc">
         <name>.text:GPIOPadConfigSet</name>
         <load_address>0x26c</load_address>
         <run_address>0x26c</run_address>
         <size>0x130</size>
         <input_file_ref idref="fl-8"/>
      </object_component>
      <object_component id="oc-a2">
         <name>.text:SysCtlClockSet</name>
         <load_address>0x39c</load_address>
         <run_address>0x39c</run_address>
         <size>0xf0</size>
         <input_file_ref idref="fl-a"/>
      </object_component>
      <object_component id="oc-47">
         <name>.text</name>
         <load_address>0x48c</load_address>
         <run_address>0x48c</run_address>
         <size>0x9c</size>
         <input_file_ref idref="fl-13b"/>
      </object_component>
      <object_component id="oc-32">
         <name>.text</name>
         <load_address>0x528</load_address>
         <run_address>0x528</run_address>
         <size>0x94</size>
         <input_file_ref idref="fl-13f"/>
      </object_component>
      <object_component id="oc-76">
         <name>.text</name>
         <load_address>0x5bc</load_address>
         <run_address>0x5bc</run_address>
         <size>0x8c</size>
         <input_file_ref idref="fl-2"/>
      </object_component>
      <object_component id="oc-b4">
         <name>.text:TimerConfigure</name>
         <load_address>0x648</load_address>
         <run_address>0x648</run_address>
         <size>0x60</size>
         <input_file_ref idref="fl-b"/>
      </object_component>
      <object_component id="oc-5a">
         <name>.text</name>
         <load_address>0x6a8</load_address>
         <run_address>0x6a8</run_address>
         <size>0x5e</size>
         <input_file_ref idref="fl-138"/>
      </object_component>
      <object_component id="oc-11">
         <name>.text</name>
         <load_address>0x708</load_address>
         <run_address>0x708</run_address>
         <size>0x48</size>
         <input_file_ref idref="fl-136"/>
      </object_component>
      <object_component id="oc-6f">
         <name>.text</name>
         <load_address>0x750</load_address>
         <run_address>0x750</run_address>
         <size>0x44</size>
         <input_file_ref idref="fl-140"/>
      </object_component>
      <object_component id="oc-3d">
         <name>.text</name>
         <load_address>0x794</load_address>
         <run_address>0x794</run_address>
         <size>0x44</size>
         <input_file_ref idref="fl-13a"/>
      </object_component>
      <object_component id="oc-a8">
         <name>.text:SysCtlPeripheralEnable</name>
         <load_address>0x7d8</load_address>
         <run_address>0x7d8</run_address>
         <size>0x34</size>
         <input_file_ref idref="fl-a"/>
      </object_component>
      <object_component id="oc-102">
         <name>.text:GPIODirModeSet</name>
         <load_address>0x80c</load_address>
         <run_address>0x80c</run_address>
         <size>0x2a</size>
         <input_file_ref idref="fl-8"/>
      </object_component>
      <object_component id="oc-ae">
         <name>.text:GPIOPinTypeGPIOOutput</name>
         <load_address>0x836</load_address>
         <run_address>0x836</run_address>
         <size>0x18</size>
         <input_file_ref idref="fl-8"/>
      </object_component>
      <object_component id="oc-37">
         <name>.text</name>
         <load_address>0x850</load_address>
         <run_address>0x850</run_address>
         <size>0x18</size>
         <input_file_ref idref="fl-13e"/>
      </object_component>
      <object_component id="oc-e3">
         <name>.text</name>
         <load_address>0x868</load_address>
         <run_address>0x868</run_address>
         <size>0x14</size>
         <input_file_ref idref="fl-13d"/>
      </object_component>
      <object_component id="oc-ba">
         <name>.text:TimerLoadSet</name>
         <load_address>0x87c</load_address>
         <run_address>0x87c</run_address>
         <size>0x12</size>
         <input_file_ref idref="fl-b"/>
      </object_component>
      <object_component id="oc-c0">
         <name>.text:TimerEnable</name>
         <load_address>0x88e</load_address>
         <run_address>0x88e</run_address>
         <size>0xe</size>
         <input_file_ref idref="fl-b"/>
      </object_component>
      <object_component id="oc-16">
         <name>.text:decompress:none</name>
         <load_address>0x89c</load_address>
         <run_address>0x89c</run_address>
         <size>0xe</size>
         <input_file_ref idref="fl-137"/>
      </object_component>
      <object_component id="oc-29">
         <name>.text</name>
         <load_address>0x8aa</load_address>
         <run_address>0x8aa</run_address>
         <size>0xc</size>
         <input_file_ref idref="fl-3"/>
      </object_component>
      <object_component id="oc-c6">
         <name>.text:TimerIntStatus</name>
         <load_address>0x8b6</load_address>
         <run_address>0x8b6</run_address>
         <size>0xa</size>
         <input_file_ref idref="fl-b"/>
      </object_component>
      <object_component id="oc-d2">
         <name>.text:GPIOPinWrite</name>
         <load_address>0x8c0</load_address>
         <run_address>0x8c0</run_address>
         <size>0x6</size>
         <input_file_ref idref="fl-8"/>
      </object_component>
      <object_component id="oc-f8">
         <name>.text:SysCtlDelay</name>
         <load_address>0x8c6</load_address>
         <run_address>0x8c6</run_address>
         <size>0x6</size>
         <input_file_ref idref="fl-a"/>
      </object_component>
      <object_component id="oc-22">
         <name>.text:decompress:rle24</name>
         <load_address>0x8cc</load_address>
         <run_address>0x8cc</run_address>
         <size>0x6</size>
         <input_file_ref idref="fl-138"/>
      </object_component>
      <object_component id="oc-cc">
         <name>.text:TimerIntClear</name>
         <load_address>0x8d2</load_address>
         <run_address>0x8d2</run_address>
         <size>0x4</size>
         <input_file_ref idref="fl-b"/>
      </object_component>
      <object_component id="oc-14e">
         <name>.cinit..data.load</name>
         <load_address>0x8d8</load_address>
         <run_address>0x8d8</run_address>
         <size>0xf</size>
      </object_component>
      <object_component id="oc-14c">
         <name>__TI_handler_table</name>
         <load_address>0x8e8</load_address>
         <run_address>0x8e8</run_address>
         <size>0x8</size>
      </object_component>
      <object_component id="oc-14d">
         <name>__TI_cinit_table</name>
         <load_address>0x8f0</load_address>
         <run_address>0x8f0</run_address>
         <size>0x8</size>
      </object_component>
      <object_component id="oc-43">
         <name>.data</name>
         <load_address>0x20000074</load_address>
         <run_address>0x20000074</run_address>
         <size>0x4</size>
         <input_file_ref idref="fl-13c"/>
      </object_component>
      <object_component id="oc-83">
         <name>.data</name>
         <load_address>0x20000064</load_address>
         <run_address>0x20000064</run_address>
         <size>0x8</size>
         <input_file_ref idref="fl-13d"/>
      </object_component>
      <object_component id="oc-86">
         <name>.data</name>
         <load_address>0x2000006c</load_address>
         <run_address>0x2000006c</run_address>
         <size>0x8</size>
         <input_file_ref idref="fl-13a"/>
      </object_component>
      <object_component id="oc-d8">
         <name>.data</name>
         <load_address>0x20000078</load_address>
         <run_address>0x20000078</run_address>
         <size>0x1</size>
         <input_file_ref idref="fl-2"/>
      </object_component>
      <object_component id="oc-28">
         <name>.stack</name>
         <uninitialized>true</uninitialized>
         <run_address>0x20000000</run_address>
         <size>0x0</size>
         <input_file_ref idref="fl-136"/>
      </object_component>
      <object_component id="oc-14f">
         <name>.stack</name>
         <uninitialized>true</uninitialized>
         <run_address>0x20000000</run_address>
         <size>0x0</size>
      </object_component>
      <object_component id="oc-f">
         <name>.debug_info</name>
         <load_address>0x0</load_address>
         <run_address>0x0</run_address>
         <size>0xf1</size>
         <input_file_ref idref="fl-3"/>
      </object_component>
      <object_component id="oc-14">
         <name>.debug_info</name>
         <load_address>0xf1</load_address>
         <run_address>0xf1</run_address>
         <size>0xf3</size>
         <input_file_ref idref="fl-136"/>
      </object_component>
      <object_component id="oc-19">
         <name>.debug_info</name>
         <load_address>0x1e4</load_address>
         <run_address>0x1e4</run_address>
         <size>0x194</size>
         <input_file_ref idref="fl-137"/>
      </object_component>
      <object_component id="oc-25">
         <name>.debug_info</name>
         <load_address>0x378</load_address>
         <run_address>0x378</run_address>
         <size>0x18e</size>
         <input_file_ref idref="fl-138"/>
      </object_component>
      <object_component id="oc-2b">
         <name>.debug_info</name>
         <load_address>0x506</load_address>
         <run_address>0x506</run_address>
         <size>0x26d</size>
         <input_file_ref idref="fl-3"/>
      </object_component>
      <object_component id="oc-31">
         <name>.debug_info</name>
         <load_address>0x773</load_address>
         <run_address>0x773</run_address>
         <size>0x106</size>
         <input_file_ref idref="fl-3"/>
      </object_component>
      <object_component id="oc-34">
         <name>.debug_info</name>
         <load_address>0x879</load_address>
         <run_address>0x879</run_address>
         <size>0x13d</size>
         <input_file_ref idref="fl-13f"/>
      </object_component>
      <object_component id="oc-38">
         <name>.debug_info</name>
         <load_address>0x9b6</load_address>
         <run_address>0x9b6</run_address>
         <size>0x11c</size>
         <input_file_ref idref="fl-13e"/>
      </object_component>
      <object_component id="oc-3f">
         <name>.debug_info</name>
         <load_address>0xad2</load_address>
         <run_address>0xad2</run_address>
         <size>0x1c2</size>
         <input_file_ref idref="fl-13a"/>
      </object_component>
      <object_component id="oc-44">
         <name>.debug_info</name>
         <load_address>0xc94</load_address>
         <run_address>0xc94</run_address>
         <size>0xbe</size>
         <input_file_ref idref="fl-13c"/>
      </object_component>
      <object_component id="oc-4a">
         <name>.debug_info</name>
         <load_address>0xd52</load_address>
         <run_address>0xd52</run_address>
         <size>0xcc</size>
         <input_file_ref idref="fl-13b"/>
      </object_component>
      <object_component id="oc-4d">
         <name>.debug_info</name>
         <load_address>0xe1e</load_address>
         <run_address>0xe1e</run_address>
         <size>0x46</size>
         <input_file_ref idref="fl-137"/>
      </object_component>
      <object_component id="oc-52">
         <name>.debug_info</name>
         <load_address>0xe64</load_address>
         <run_address>0xe64</run_address>
         <size>0xf2</size>
         <input_file_ref idref="fl-137"/>
      </object_component>
      <object_component id="oc-5b">
         <name>.debug_info</name>
         <load_address>0xf56</load_address>
         <run_address>0xf56</run_address>
         <size>0x1ef</size>
         <input_file_ref idref="fl-138"/>
      </object_component>
      <object_component id="oc-61">
         <name>.debug_info</name>
         <load_address>0x1145</load_address>
         <run_address>0x1145</run_address>
         <size>0xb7</size>
         <input_file_ref idref="fl-138"/>
      </object_component>
      <object_component id="oc-62">
         <name>.debug_info</name>
         <load_address>0x11fc</load_address>
         <run_address>0x11fc</run_address>
         <size>0x39</size>
         <input_file_ref idref="fl-138"/>
      </object_component>
      <object_component id="oc-6a">
         <name>.debug_info</name>
         <load_address>0x1235</load_address>
         <run_address>0x1235</run_address>
         <size>0x18b</size>
         <input_file_ref idref="fl-2"/>
      </object_component>
      <object_component id="oc-72">
         <name>.debug_info</name>
         <load_address>0x13c0</load_address>
         <run_address>0x13c0</run_address>
         <size>0x14b</size>
         <input_file_ref idref="fl-140"/>
      </object_component>
      <object_component id="oc-77">
         <name>.debug_info</name>
         <load_address>0x150b</load_address>
         <run_address>0x150b</run_address>
         <size>0x1d6</size>
         <input_file_ref idref="fl-2"/>
      </object_component>
      <object_component id="oc-7d">
         <name>.debug_info</name>
         <load_address>0x16e1</load_address>
         <run_address>0x16e1</run_address>
         <size>0x84</size>
         <input_file_ref idref="fl-2"/>
      </object_component>
      <object_component id="oc-82">
         <name>.debug_info</name>
         <load_address>0x1765</load_address>
         <run_address>0x1765</run_address>
         <size>0x11b</size>
         <input_file_ref idref="fl-13e"/>
      </object_component>
      <object_component id="oc-84">
         <name>.debug_info</name>
         <load_address>0x1880</load_address>
         <run_address>0x1880</run_address>
         <size>0xc8</size>
         <input_file_ref idref="fl-13d"/>
      </object_component>
      <object_component id="oc-87">
         <name>.debug_info</name>
         <load_address>0x1948</load_address>
         <run_address>0x1948</run_address>
         <size>0xeb</size>
         <input_file_ref idref="fl-13a"/>
      </object_component>
      <object_component id="oc-8a">
         <name>.debug_info</name>
         <load_address>0x1a33</load_address>
         <run_address>0x1a33</run_address>
         <size>0x146</size>
         <input_file_ref idref="fl-13a"/>
      </object_component>
      <object_component id="oc-8f">
         <name>.debug_info</name>
         <load_address>0x1b79</load_address>
         <run_address>0x1b79</run_address>
         <size>0x2c</size>
         <input_file_ref idref="fl-137"/>
      </object_component>
      <object_component id="oc-96">
         <name>.debug_info</name>
         <load_address>0x1ba5</load_address>
         <run_address>0x1ba5</run_address>
         <size>0x2c</size>
         <input_file_ref idref="fl-139"/>
      </object_component>
      <object_component id="oc-a1">
         <name>.debug_info</name>
         <load_address>0x1bd1</load_address>
         <run_address>0x1bd1</run_address>
         <size>0x148</size>
         <input_file_ref idref="fl-140"/>
      </object_component>
      <object_component id="oc-a3">
         <name>.debug_info</name>
         <load_address>0x1d19</load_address>
         <run_address>0x1d19</run_address>
         <size>0x2db</size>
         <input_file_ref idref="fl-a"/>
      </object_component>
      <object_component id="oc-a9">
         <name>.debug_info</name>
         <load_address>0x1ff4</load_address>
         <run_address>0x1ff4</run_address>
         <size>0x27d</size>
         <input_file_ref idref="fl-a"/>
      </object_component>
      <object_component id="oc-af">
         <name>.debug_info</name>
         <load_address>0x2271</load_address>
         <run_address>0x2271</run_address>
         <size>0x2b7</size>
         <input_file_ref idref="fl-8"/>
      </object_component>
      <object_component id="oc-b6">
         <name>.debug_info</name>
         <load_address>0x2528</load_address>
         <run_address>0x2528</run_address>
         <size>0x28c</size>
         <input_file_ref idref="fl-b"/>
      </object_component>
      <object_component id="oc-bb">
         <name>.debug_info</name>
         <load_address>0x27b4</load_address>
         <run_address>0x27b4</run_address>
         <size>0x2ba</size>
         <input_file_ref idref="fl-b"/>
      </object_component>
      <object_component id="oc-c2">
         <name>.debug_info</name>
         <load_address>0x2a6e</load_address>
         <run_address>0x2a6e</run_address>
         <size>0x27f</size>
         <input_file_ref idref="fl-b"/>
      </object_component>
      <object_component id="oc-c8">
         <name>.debug_info</name>
         <load_address>0x2ced</load_address>
         <run_address>0x2ced</run_address>
         <size>0x284</size>
         <input_file_ref idref="fl-b"/>
      </object_component>
      <object_component id="oc-ce">
         <name>.debug_info</name>
         <load_address>0x2f71</load_address>
         <run_address>0x2f71</run_address>
         <size>0x292</size>
         <input_file_ref idref="fl-b"/>
      </object_component>
      <object_component id="oc-d3">
         <name>.debug_info</name>
         <load_address>0x3203</load_address>
         <run_address>0x3203</run_address>
         <size>0x2a3</size>
         <input_file_ref idref="fl-8"/>
      </object_component>
      <object_component id="oc-d9">
         <name>.debug_info</name>
         <load_address>0x34a6</load_address>
         <run_address>0x34a6</run_address>
         <size>0xd1</size>
         <input_file_ref idref="fl-2"/>
      </object_component>
      <object_component id="oc-de">
         <name>.debug_info</name>
         <load_address>0x3577</load_address>
         <run_address>0x3577</run_address>
         <size>0x5e</size>
         <input_file_ref idref="fl-13e"/>
      </object_component>
      <object_component id="oc-e6">
         <name>.debug_info</name>
         <load_address>0x35d5</load_address>
         <run_address>0x35d5</run_address>
         <size>0x1d4</size>
         <input_file_ref idref="fl-13d"/>
      </object_component>
      <object_component id="oc-eb">
         <name>.debug_info</name>
         <load_address>0x37a9</load_address>
         <run_address>0x37a9</run_address>
         <size>0xd9</size>
         <input_file_ref idref="fl-13d"/>
      </object_component>
      <object_component id="oc-f3">
         <name>.debug_info</name>
         <load_address>0x3882</load_address>
         <run_address>0x3882</run_address>
         <size>0xcd</size>
         <input_file_ref idref="fl-140"/>
      </object_component>
      <object_component id="oc-fa">
         <name>.debug_info</name>
         <load_address>0x394f</load_address>
         <run_address>0x394f</run_address>
         <size>0x27f</size>
         <input_file_ref idref="fl-a"/>
      </object_component>
      <object_component id="oc-fd">
         <name>.debug_info</name>
         <load_address>0x3bce</load_address>
         <run_address>0x3bce</run_address>
         <size>0x316</size>
         <input_file_ref idref="fl-8"/>
      </object_component>
      <object_component id="oc-103">
         <name>.debug_info</name>
         <load_address>0x3ee4</load_address>
         <run_address>0x3ee4</run_address>
         <size>0x2b3</size>
         <input_file_ref idref="fl-8"/>
      </object_component>
      <object_component id="oc-109">
         <name>.debug_info</name>
         <load_address>0x4197</load_address>
         <run_address>0x4197</run_address>
         <size>0x230</size>
         <input_file_ref idref="fl-8"/>
      </object_component>
      <object_component id="oc-10b">
         <name>.debug_info</name>
         <load_address>0x43c7</load_address>
         <run_address>0x43c7</run_address>
         <size>0x228</size>
         <input_file_ref idref="fl-b"/>
      </object_component>
      <object_component id="oc-10f">
         <name>.debug_info</name>
         <load_address>0x45ef</load_address>
         <run_address>0x45ef</run_address>
         <size>0x8b</size>
         <input_file_ref idref="fl-8"/>
      </object_component>
      <object_component id="oc-118">
         <name>.debug_info</name>
         <load_address>0x467a</load_address>
         <run_address>0x467a</run_address>
         <size>0x2a1</size>
         <input_file_ref idref="fl-2"/>
      </object_component>
      <object_component id="oc-11e">
         <name>.debug_info</name>
         <load_address>0x491b</load_address>
         <run_address>0x491b</run_address>
         <size>0x5f</size>
         <input_file_ref idref="fl-a"/>
      </object_component>
      <object_component id="oc-12b">
         <name>.debug_info</name>
         <load_address>0x497a</load_address>
         <run_address>0x497a</run_address>
         <size>0x2c</size>
         <input_file_ref idref="fl-2"/>
      </object_component>
      <object_component id="oc-150">
         <name>.debug_info</name>
         <load_address>0x49a6</load_address>
         <run_address>0x49a6</run_address>
         <size>0xab</size>
      </object_component>
      <object_component id="oc-10">
         <name>.debug_pubnames</name>
         <load_address>0x0</load_address>
         <run_address>0x0</run_address>
         <size>0x23</size>
         <input_file_ref idref="fl-3"/>
      </object_component>
      <object_component id="oc-15">
         <name>.debug_pubnames</name>
         <load_address>0x23</load_address>
         <run_address>0x23</run_address>
         <size>0x1f</size>
         <input_file_ref idref="fl-136"/>
      </object_component>
      <object_component id="oc-1a">
         <name>.debug_pubnames</name>
         <load_address>0x42</load_address>
         <run_address>0x42</run_address>
         <size>0x2b</size>
         <input_file_ref idref="fl-137"/>
      </object_component>
      <object_component id="oc-26">
         <name>.debug_pubnames</name>
         <load_address>0x6d</load_address>
         <run_address>0x6d</run_address>
         <size>0x2c</size>
         <input_file_ref idref="fl-138"/>
      </object_component>
      <object_component id="oc-2c">
         <name>.debug_pubnames</name>
         <load_address>0x99</load_address>
         <run_address>0x99</run_address>
         <size>0x4c</size>
         <input_file_ref idref="fl-3"/>
      </object_component>
      <object_component id="oc-36">
         <name>.debug_pubnames</name>
         <load_address>0xe5</load_address>
         <run_address>0xe5</run_address>
         <size>0x37</size>
         <input_file_ref idref="fl-13f"/>
      </object_component>
      <object_component id="oc-39">
         <name>.debug_pubnames</name>
         <load_address>0x11c</load_address>
         <run_address>0x11c</run_address>
         <size>0x21</size>
         <input_file_ref idref="fl-13e"/>
      </object_component>
      <object_component id="oc-41">
         <name>.debug_pubnames</name>
         <load_address>0x13d</load_address>
         <run_address>0x13d</run_address>
         <size>0x35</size>
         <input_file_ref idref="fl-13a"/>
      </object_component>
      <object_component id="oc-45">
         <name>.debug_pubnames</name>
         <load_address>0x172</load_address>
         <run_address>0x172</run_address>
         <size>0x23</size>
         <input_file_ref idref="fl-13c"/>
      </object_component>
      <object_component id="oc-4b">
         <name>.debug_pubnames</name>
         <load_address>0x195</load_address>
         <run_address>0x195</run_address>
         <size>0x1d</size>
         <input_file_ref idref="fl-13b"/>
      </object_component>
      <object_component id="oc-5c">
         <name>.debug_pubnames</name>
         <load_address>0x1b2</load_address>
         <run_address>0x1b2</run_address>
         <size>0x2f</size>
         <input_file_ref idref="fl-138"/>
      </object_component>
      <object_component id="oc-74">
         <name>.debug_pubnames</name>
         <load_address>0x1e1</load_address>
         <run_address>0x1e1</run_address>
         <size>0x1e</size>
         <input_file_ref idref="fl-140"/>
      </object_component>
      <object_component id="oc-79">
         <name>.debug_pubnames</name>
         <load_address>0x1ff</load_address>
         <run_address>0x1ff</run_address>
         <size>0x1b</size>
         <input_file_ref idref="fl-2"/>
      </object_component>
      <object_component id="oc-85">
         <name>.debug_pubnames</name>
         <load_address>0x21a</load_address>
         <run_address>0x21a</run_address>
         <size>0x28</size>
         <input_file_ref idref="fl-13d"/>
      </object_component>
      <object_component id="oc-88">
         <name>.debug_pubnames</name>
         <load_address>0x242</load_address>
         <run_address>0x242</run_address>
         <size>0x3a</size>
         <input_file_ref idref="fl-13a"/>
      </object_component>
      <object_component id="oc-a5">
         <name>.debug_pubnames</name>
         <load_address>0x27c</load_address>
         <run_address>0x27c</run_address>
         <size>0x25</size>
         <input_file_ref idref="fl-a"/>
      </object_component>
      <object_component id="oc-ab">
         <name>.debug_pubnames</name>
         <load_address>0x2a1</load_address>
         <run_address>0x2a1</run_address>
         <size>0x2d</size>
         <input_file_ref idref="fl-a"/>
      </object_component>
      <object_component id="oc-b1">
         <name>.debug_pubnames</name>
         <load_address>0x2ce</load_address>
         <run_address>0x2ce</run_address>
         <size>0x2c</size>
         <input_file_ref idref="fl-8"/>
      </object_component>
      <object_component id="oc-b8">
         <name>.debug_pubnames</name>
         <load_address>0x2fa</load_address>
         <run_address>0x2fa</run_address>
         <size>0x25</size>
         <input_file_ref idref="fl-b"/>
      </object_component>
      <object_component id="oc-bd">
         <name>.debug_pubnames</name>
         <load_address>0x31f</load_address>
         <run_address>0x31f</run_address>
         <size>0x23</size>
         <input_file_ref idref="fl-b"/>
      </object_component>
      <object_component id="oc-c4">
         <name>.debug_pubnames</name>
         <load_address>0x342</load_address>
         <run_address>0x342</run_address>
         <size>0x22</size>
         <input_file_ref idref="fl-b"/>
      </object_component>
      <object_component id="oc-ca">
         <name>.debug_pubnames</name>
         <load_address>0x364</load_address>
         <run_address>0x364</run_address>
         <size>0x25</size>
         <input_file_ref idref="fl-b"/>
      </object_component>
      <object_component id="oc-d0">
         <name>.debug_pubnames</name>
         <load_address>0x389</load_address>
         <run_address>0x389</run_address>
         <size>0x24</size>
         <input_file_ref idref="fl-b"/>
      </object_component>
      <object_component id="oc-d5">
         <name>.debug_pubnames</name>
         <load_address>0x3ad</load_address>
         <run_address>0x3ad</run_address>
         <size>0x23</size>
         <input_file_ref idref="fl-8"/>
      </object_component>
      <object_component id="oc-da">
         <name>.debug_pubnames</name>
         <load_address>0x3d0</load_address>
         <run_address>0x3d0</run_address>
         <size>0x1d</size>
         <input_file_ref idref="fl-2"/>
      </object_component>
      <object_component id="oc-e8">
         <name>.debug_pubnames</name>
         <load_address>0x3ed</load_address>
         <run_address>0x3ed</run_address>
         <size>0x43</size>
         <input_file_ref idref="fl-13d"/>
      </object_component>
      <object_component id="oc-ff">
         <name>.debug_pubnames</name>
         <load_address>0x430</load_address>
         <run_address>0x430</run_address>
         <size>0x27</size>
         <input_file_ref idref="fl-8"/>
      </object_component>
      <object_component id="oc-105">
         <name>.debug_pubnames</name>
         <load_address>0x457</load_address>
         <run_address>0x457</run_address>
         <size>0x25</size>
         <input_file_ref idref="fl-8"/>
      </object_component>
      <object_component id="oc-12">
         <name>.debug_aranges</name>
         <load_address>0x0</load_address>
         <run_address>0x0</run_address>
         <size>0x20</size>
         <input_file_ref idref="fl-136"/>
      </object_component>
      <object_component id="oc-18">
         <name>.debug_aranges</name>
         <load_address>0x20</load_address>
         <run_address>0x20</run_address>
         <size>0x20</size>
         <input_file_ref idref="fl-137"/>
      </object_component>
      <object_component id="oc-27">
         <name>.debug_aranges</name>
         <load_address>0x40</load_address>
         <run_address>0x40</run_address>
         <size>0x20</size>
         <input_file_ref idref="fl-138"/>
      </object_component>
      <object_component id="oc-2d">
         <name>.debug_aranges</name>
         <load_address>0x60</load_address>
         <run_address>0x60</run_address>
         <size>0x38</size>
         <input_file_ref idref="fl-3"/>
      </object_component>
      <object_component id="oc-35">
         <name>.debug_aranges</name>
         <load_address>0x98</load_address>
         <run_address>0x98</run_address>
         <size>0x28</size>
         <input_file_ref idref="fl-13f"/>
      </object_component>
      <object_component id="oc-3a">
         <name>.debug_aranges</name>
         <load_address>0xc0</load_address>
         <run_address>0xc0</run_address>
         <size>0x20</size>
         <input_file_ref idref="fl-13e"/>
      </object_component>
      <object_component id="oc-40">
         <name>.debug_aranges</name>
         <load_address>0xe0</load_address>
         <run_address>0xe0</run_address>
         <size>0x30</size>
         <input_file_ref idref="fl-13a"/>
      </object_component>
      <object_component id="oc-48">
         <name>.debug_aranges</name>
         <load_address>0x110</load_address>
         <run_address>0x110</run_address>
         <size>0x20</size>
         <input_file_ref idref="fl-13b"/>
      </object_component>
      <object_component id="oc-5d">
         <name>.debug_aranges</name>
         <load_address>0x130</load_address>
         <run_address>0x130</run_address>
         <size>0x20</size>
         <input_file_ref idref="fl-138"/>
      </object_component>
      <object_component id="oc-73">
         <name>.debug_aranges</name>
         <load_address>0x150</load_address>
         <run_address>0x150</run_address>
         <size>0x20</size>
         <input_file_ref idref="fl-140"/>
      </object_component>
      <object_component id="oc-78">
         <name>.debug_aranges</name>
         <load_address>0x170</load_address>
         <run_address>0x170</run_address>
         <size>0x20</size>
         <input_file_ref idref="fl-2"/>
      </object_component>
      <object_component id="oc-a4">
         <name>.debug_aranges</name>
         <load_address>0x190</load_address>
         <run_address>0x190</run_address>
         <size>0x20</size>
         <input_file_ref idref="fl-a"/>
      </object_component>
      <object_component id="oc-aa">
         <name>.debug_aranges</name>
         <load_address>0x1b0</load_address>
         <run_address>0x1b0</run_address>
         <size>0x20</size>
         <input_file_ref idref="fl-a"/>
      </object_component>
      <object_component id="oc-b0">
         <name>.debug_aranges</name>
         <load_address>0x1d0</load_address>
         <run_address>0x1d0</run_address>
         <size>0x20</size>
         <input_file_ref idref="fl-8"/>
      </object_component>
      <object_component id="oc-b7">
         <name>.debug_aranges</name>
         <load_address>0x1f0</load_address>
         <run_address>0x1f0</run_address>
         <size>0x20</size>
         <input_file_ref idref="fl-b"/>
      </object_component>
      <object_component id="oc-bc">
         <name>.debug_aranges</name>
         <load_address>0x210</load_address>
         <run_address>0x210</run_address>
         <size>0x20</size>
         <input_file_ref idref="fl-b"/>
      </object_component>
      <object_component id="oc-c3">
         <name>.debug_aranges</name>
         <load_address>0x230</load_address>
         <run_address>0x230</run_address>
         <size>0x20</size>
         <input_file_ref idref="fl-b"/>
      </object_component>
      <object_component id="oc-c9">
         <name>.debug_aranges</name>
         <load_address>0x250</load_address>
         <run_address>0x250</run_address>
         <size>0x20</size>
         <input_file_ref idref="fl-b"/>
      </object_component>
      <object_component id="oc-cf">
         <name>.debug_aranges</name>
         <load_address>0x270</load_address>
         <run_address>0x270</run_address>
         <size>0x20</size>
         <input_file_ref idref="fl-b"/>
      </object_component>
      <object_component id="oc-d4">
         <name>.debug_aranges</name>
         <load_address>0x290</load_address>
         <run_address>0x290</run_address>
         <size>0x20</size>
         <input_file_ref idref="fl-8"/>
      </object_component>
      <object_component id="oc-e7">
         <name>.debug_aranges</name>
         <load_address>0x2b0</load_address>
         <run_address>0x2b0</run_address>
         <size>0x30</size>
         <input_file_ref idref="fl-13d"/>
      </object_component>
      <object_component id="oc-fe">
         <name>.debug_aranges</name>
         <load_address>0x2e0</load_address>
         <run_address>0x2e0</run_address>
         <size>0x20</size>
         <input_file_ref idref="fl-8"/>
      </object_component>
      <object_component id="oc-104">
         <name>.debug_aranges</name>
         <load_address>0x300</load_address>
         <run_address>0x300</run_address>
         <size>0x20</size>
         <input_file_ref idref="fl-8"/>
      </object_component>
      <object_component id="oc-13">
         <name>.debug_line</name>
         <load_address>0x0</load_address>
         <run_address>0x0</run_address>
         <size>0x4f</size>
         <input_file_ref idref="fl-136"/>
      </object_component>
      <object_component id="oc-1b">
         <name>.debug_line</name>
         <load_address>0x4f</load_address>
         <run_address>0x4f</run_address>
         <size>0x55</size>
         <input_file_ref idref="fl-137"/>
      </object_component>
      <object_component id="oc-24">
         <name>.debug_line</name>
         <load_address>0xa4</load_address>
         <run_address>0xa4</run_address>
         <size>0x4b</size>
         <input_file_ref idref="fl-138"/>
      </object_component>
      <object_component id="oc-2e">
         <name>.debug_line</name>
         <load_address>0xef</load_address>
         <run_address>0xef</run_address>
         <size>0xa1</size>
         <input_file_ref idref="fl-3"/>
      </object_component>
      <object_component id="oc-30">
         <name>.debug_line</name>
         <load_address>0x190</load_address>
         <run_address>0x190</run_address>
         <size>0x41</size>
         <input_file_ref idref="fl-3"/>
      </object_component>
      <object_component id="oc-33">
         <name>.debug_line</name>
         <load_address>0x1d1</load_address>
         <run_address>0x1d1</run_address>
         <size>0x87</size>
         <input_file_ref idref="fl-13f"/>
      </object_component>
      <object_component id="oc-3b">
         <name>.debug_line</name>
         <load_address>0x258</load_address>
         <run_address>0x258</run_address>
         <size>0x50</size>
         <input_file_ref idref="fl-13e"/>
      </object_component>
      <object_component id="oc-3e">
         <name>.debug_line</name>
         <load_address>0x2a8</load_address>
         <run_address>0x2a8</run_address>
         <size>0x7a</size>
         <input_file_ref idref="fl-13a"/>
      </object_component>
      <object_component id="oc-49">
         <name>.debug_line</name>
         <load_address>0x322</load_address>
         <run_address>0x322</run_address>
         <size>0x88</size>
         <input_file_ref idref="fl-13b"/>
      </object_component>
      <object_component id="oc-50">
         <name>.debug_line</name>
         <load_address>0x3aa</load_address>
         <run_address>0x3aa</run_address>
         <size>0x3a</size>
         <input_file_ref idref="fl-137"/>
      </object_component>
      <object_component id="oc-5f">
         <name>.debug_line</name>
         <load_address>0x3e4</load_address>
         <run_address>0x3e4</run_address>
         <size>0x8c</size>
         <input_file_ref idref="fl-138"/>
      </object_component>
      <object_component id="oc-65">
         <name>.debug_line</name>
         <load_address>0x470</load_address>
         <run_address>0x470</run_address>
         <size>0x39</size>
         <input_file_ref idref="fl-138"/>
      </object_component>
      <object_component id="oc-69">
         <name>.debug_line</name>
         <load_address>0x4a9</load_address>
         <run_address>0x4a9</run_address>
         <size>0x41</size>
         <input_file_ref idref="fl-3"/>
      </object_component>
      <object_component id="oc-6d">
         <name>.debug_line</name>
         <load_address>0x4ea</load_address>
         <run_address>0x4ea</run_address>
         <size>0x59</size>
         <input_file_ref idref="fl-2"/>
      </object_component>
      <object_component id="oc-71">
         <name>.debug_line</name>
         <load_address>0x543</load_address>
         <run_address>0x543</run_address>
         <size>0x6d</size>
         <input_file_ref idref="fl-140"/>
      </object_component>
      <object_component id="oc-7b">
         <name>.debug_line</name>
         <load_address>0x5b0</load_address>
         <run_address>0x5b0</run_address>
         <size>0x5a</size>
         <input_file_ref idref="fl-2"/>
      </object_component>
      <object_component id="oc-80">
         <name>.debug_line</name>
         <load_address>0x60a</load_address>
         <run_address>0x60a</run_address>
         <size>0x20</size>
         <input_file_ref idref="fl-2"/>
      </object_component>
      <object_component id="oc-8d">
         <name>.debug_line</name>
         <load_address>0x62a</load_address>
         <run_address>0x62a</run_address>
         <size>0x33</size>
         <input_file_ref idref="fl-13c"/>
      </object_component>
      <object_component id="oc-92">
         <name>.debug_line</name>
         <load_address>0x65d</load_address>
         <run_address>0x65d</run_address>
         <size>0x44</size>
         <input_file_ref idref="fl-137"/>
      </object_component>
      <object_component id="oc-95">
         <name>.debug_line</name>
         <load_address>0x6a1</load_address>
         <run_address>0x6a1</run_address>
         <size>0x20</size>
         <input_file_ref idref="fl-137"/>
      </object_component>
      <object_component id="oc-99">
         <name>.debug_line</name>
         <load_address>0x6c1</load_address>
         <run_address>0x6c1</run_address>
         <size>0x44</size>
         <input_file_ref idref="fl-139"/>
      </object_component>
      <object_component id="oc-9f">
         <name>.debug_line</name>
         <load_address>0x705</load_address>
         <run_address>0x705</run_address>
         <size>0x20</size>
         <input_file_ref idref="fl-138"/>
      </object_component>
      <object_component id="oc-a7">
         <name>.debug_line</name>
         <load_address>0x725</load_address>
         <run_address>0x725</run_address>
         <size>0xe8</size>
         <input_file_ref idref="fl-a"/>
      </object_component>
      <object_component id="oc-ac">
         <name>.debug_line</name>
         <load_address>0x80d</load_address>
         <run_address>0x80d</run_address>
         <size>0x94</size>
         <input_file_ref idref="fl-a"/>
      </object_component>
      <object_component id="oc-b2">
         <name>.debug_line</name>
         <load_address>0x8a1</load_address>
         <run_address>0x8a1</run_address>
         <size>0x99</size>
         <input_file_ref idref="fl-8"/>
      </object_component>
      <object_component id="oc-b9">
         <name>.debug_line</name>
         <load_address>0x93a</load_address>
         <run_address>0x93a</run_address>
         <size>0xb0</size>
         <input_file_ref idref="fl-b"/>
      </object_component>
      <object_component id="oc-be">
         <name>.debug_line</name>
         <load_address>0x9ea</load_address>
         <run_address>0x9ea</run_address>
         <size>0x9c</size>
         <input_file_ref idref="fl-b"/>
      </object_component>
      <object_component id="oc-c5">
         <name>.debug_line</name>
         <load_address>0xa86</load_address>
         <run_address>0xa86</run_address>
         <size>0x93</size>
         <input_file_ref idref="fl-b"/>
      </object_component>
      <object_component id="oc-cb">
         <name>.debug_line</name>
         <load_address>0xb19</load_address>
         <run_address>0xb19</run_address>
         <size>0x93</size>
         <input_file_ref idref="fl-b"/>
      </object_component>
      <object_component id="oc-d1">
         <name>.debug_line</name>
         <load_address>0xbac</load_address>
         <run_address>0xbac</run_address>
         <size>0x93</size>
         <input_file_ref idref="fl-b"/>
      </object_component>
      <object_component id="oc-d6">
         <name>.debug_line</name>
         <load_address>0xc3f</load_address>
         <run_address>0xc3f</run_address>
         <size>0x92</size>
         <input_file_ref idref="fl-8"/>
      </object_component>
      <object_component id="oc-dd">
         <name>.debug_line</name>
         <load_address>0xcd1</load_address>
         <run_address>0xcd1</run_address>
         <size>0x2b</size>
         <input_file_ref idref="fl-13e"/>
      </object_component>
      <object_component id="oc-e1">
         <name>.debug_line</name>
         <load_address>0xcfc</load_address>
         <run_address>0xcfc</run_address>
         <size>0x2b</size>
         <input_file_ref idref="fl-13e"/>
      </object_component>
      <object_component id="oc-e4">
         <name>.debug_line</name>
         <load_address>0xd27</load_address>
         <run_address>0xd27</run_address>
         <size>0x66</size>
         <input_file_ref idref="fl-13d"/>
      </object_component>
      <object_component id="oc-ea">
         <name>.debug_line</name>
         <load_address>0xd8d</load_address>
         <run_address>0xd8d</run_address>
         <size>0x2b</size>
         <input_file_ref idref="fl-13d"/>
      </object_component>
      <object_component id="oc-ee">
         <name>.debug_line</name>
         <load_address>0xdb8</load_address>
         <run_address>0xdb8</run_address>
         <size>0x2a</size>
         <input_file_ref idref="fl-13a"/>
      </object_component>
      <object_component id="oc-f0">
         <name>.debug_line</name>
         <load_address>0xde2</load_address>
         <run_address>0xde2</run_address>
         <size>0x43</size>
         <input_file_ref idref="fl-13a"/>
      </object_component>
      <object_component id="oc-f2">
         <name>.debug_line</name>
         <load_address>0xe25</load_address>
         <run_address>0xe25</run_address>
         <size>0x51</size>
         <input_file_ref idref="fl-140"/>
      </object_component>
      <object_component id="oc-f6">
         <name>.debug_line</name>
         <load_address>0xe76</load_address>
         <run_address>0xe76</run_address>
         <size>0x45</size>
         <input_file_ref idref="fl-140"/>
      </object_component>
      <object_component id="oc-100">
         <name>.debug_line</name>
         <load_address>0xebb</load_address>
         <run_address>0xebb</run_address>
         <size>0xd1</size>
         <input_file_ref idref="fl-8"/>
      </object_component>
      <object_component id="oc-106">
         <name>.debug_line</name>
         <load_address>0xf8c</load_address>
         <run_address>0xf8c</run_address>
         <size>0x95</size>
         <input_file_ref idref="fl-8"/>
      </object_component>
      <object_component id="oc-112">
         <name>.debug_line</name>
         <load_address>0x1021</load_address>
         <run_address>0x1021</run_address>
         <size>0x20</size>
         <input_file_ref idref="fl-8"/>
      </object_component>
      <object_component id="oc-117">
         <name>.debug_line</name>
         <load_address>0x1041</load_address>
         <run_address>0x1041</run_address>
         <size>0x2d</size>
         <input_file_ref idref="fl-2"/>
      </object_component>
      <object_component id="oc-11b">
         <name>.debug_line</name>
         <load_address>0x106e</load_address>
         <run_address>0x106e</run_address>
         <size>0x20</size>
         <input_file_ref idref="fl-13d"/>
      </object_component>
      <object_component id="oc-11d">
         <name>.debug_line</name>
         <load_address>0x108e</load_address>
         <run_address>0x108e</run_address>
         <size>0x13d</size>
         <input_file_ref idref="fl-a"/>
      </object_component>
      <object_component id="oc-121">
         <name>.debug_line</name>
         <load_address>0x11cb</load_address>
         <run_address>0x11cb</run_address>
         <size>0x7f</size>
         <input_file_ref idref="fl-a"/>
      </object_component>
      <object_component id="oc-126">
         <name>.debug_line</name>
         <load_address>0x124a</load_address>
         <run_address>0x124a</run_address>
         <size>0x82</size>
         <input_file_ref idref="fl-8"/>
      </object_component>
      <object_component id="oc-128">
         <name>.debug_line</name>
         <load_address>0x12cc</load_address>
         <run_address>0x12cc</run_address>
         <size>0x82</size>
         <input_file_ref idref="fl-b"/>
      </object_component>
      <object_component id="oc-12a">
         <name>.debug_line</name>
         <load_address>0x134e</load_address>
         <run_address>0x134e</run_address>
         <size>0xc2</size>
         <input_file_ref idref="fl-2"/>
      </object_component>
      <object_component id="oc-12e">
         <name>.debug_line</name>
         <load_address>0x1410</load_address>
         <run_address>0x1410</run_address>
         <size>0x5a</size>
         <input_file_ref idref="fl-2"/>
      </object_component>
      <object_component id="oc-17">
         <name>.debug_frame</name>
         <load_address>0x0</load_address>
         <run_address>0x0</run_address>
         <size>0x7f</size>
         <input_file_ref idref="fl-137"/>
      </object_component>
      <object_component id="oc-23">
         <name>.debug_frame</name>
         <load_address>0x7f</load_address>
         <run_address>0x7f</run_address>
         <size>0x7f</size>
         <input_file_ref idref="fl-138"/>
      </object_component>
      <object_component id="oc-2a">
         <name>.debug_frame</name>
         <load_address>0xfe</load_address>
         <run_address>0xfe</run_address>
         <size>0xb2</size>
         <input_file_ref idref="fl-3"/>
      </object_component>
      <object_component id="oc-3c">
         <name>.debug_frame</name>
         <load_address>0x1b0</load_address>
         <run_address>0x1b0</run_address>
         <size>0x7f</size>
         <input_file_ref idref="fl-13e"/>
      </object_component>
      <object_component id="oc-42">
         <name>.debug_frame</name>
         <load_address>0x22f</load_address>
         <run_address>0x22f</run_address>
         <size>0xb3</size>
         <input_file_ref idref="fl-13a"/>
      </object_component>
      <object_component id="oc-5e">
         <name>.debug_frame</name>
         <load_address>0x2e2</load_address>
         <run_address>0x2e2</run_address>
         <size>0x8a</size>
         <input_file_ref idref="fl-138"/>
      </object_component>
      <object_component id="oc-70">
         <name>.debug_frame</name>
         <load_address>0x36c</load_address>
         <run_address>0x36c</run_address>
         <size>0x8a</size>
         <input_file_ref idref="fl-140"/>
      </object_component>
      <object_component id="oc-7a">
         <name>.debug_frame</name>
         <load_address>0x3f6</load_address>
         <run_address>0x3f6</run_address>
         <size>0x86</size>
         <input_file_ref idref="fl-2"/>
      </object_component>
      <object_component id="oc-a6">
         <name>.debug_frame</name>
         <load_address>0x47c</load_address>
         <run_address>0x47c</run_address>
         <size>0x91</size>
         <input_file_ref idref="fl-a"/>
      </object_component>
      <object_component id="oc-ad">
         <name>.debug_frame</name>
         <load_address>0x50d</load_address>
         <run_address>0x50d</run_address>
         <size>0x7f</size>
         <input_file_ref idref="fl-a"/>
      </object_component>
      <object_component id="oc-b3">
         <name>.debug_frame</name>
         <load_address>0x58c</load_address>
         <run_address>0x58c</run_address>
         <size>0x8a</size>
         <input_file_ref idref="fl-8"/>
      </object_component>
      <object_component id="oc-b5">
         <name>.debug_frame</name>
         <load_address>0x616</load_address>
         <run_address>0x616</run_address>
         <size>0x8a</size>
         <input_file_ref idref="fl-b"/>
      </object_component>
      <object_component id="oc-bf">
         <name>.debug_frame</name>
         <load_address>0x6a0</load_address>
         <run_address>0x6a0</run_address>
         <size>0x7f</size>
         <input_file_ref idref="fl-b"/>
      </object_component>
      <object_component id="oc-c1">
         <name>.debug_frame</name>
         <load_address>0x71f</load_address>
         <run_address>0x71f</run_address>
         <size>0x7f</size>
         <input_file_ref idref="fl-b"/>
      </object_component>
      <object_component id="oc-c7">
         <name>.debug_frame</name>
         <load_address>0x79e</load_address>
         <run_address>0x79e</run_address>
         <size>0x7f</size>
         <input_file_ref idref="fl-b"/>
      </object_component>
      <object_component id="oc-cd">
         <name>.debug_frame</name>
         <load_address>0x81d</load_address>
         <run_address>0x81d</run_address>
         <size>0x7f</size>
         <input_file_ref idref="fl-b"/>
      </object_component>
      <object_component id="oc-d7">
         <name>.debug_frame</name>
         <load_address>0x89c</load_address>
         <run_address>0x89c</run_address>
         <size>0x7f</size>
         <input_file_ref idref="fl-8"/>
      </object_component>
      <object_component id="oc-e5">
         <name>.debug_frame</name>
         <load_address>0x91b</load_address>
         <run_address>0x91b</run_address>
         <size>0xa1</size>
         <input_file_ref idref="fl-13d"/>
      </object_component>
      <object_component id="oc-101">
         <name>.debug_frame</name>
         <load_address>0x9bc</load_address>
         <run_address>0x9bc</run_address>
         <size>0x8f</size>
         <input_file_ref idref="fl-8"/>
      </object_component>
      <object_component id="oc-107">
         <name>.debug_frame</name>
         <load_address>0xa4b</load_address>
         <run_address>0xa4b</run_address>
         <size>0x7f</size>
         <input_file_ref idref="fl-8"/>
      </object_component>
      <object_component id="oc-2f">
         <name>.debug_abbrev</name>
         <load_address>0x0</load_address>
         <run_address>0x0</run_address>
         <size>0x29</size>
         <input_file_ref idref="fl-3"/>
      </object_component>
      <object_component id="oc-46">
         <name>.debug_abbrev</name>
         <load_address>0x29</load_address>
         <run_address>0x29</run_address>
         <size>0x3d</size>
         <input_file_ref idref="fl-136"/>
      </object_component>
      <object_component id="oc-4c">
         <name>.debug_abbrev</name>
         <load_address>0x66</load_address>
         <run_address>0x66</run_address>
         <size>0x74</size>
         <input_file_ref idref="fl-137"/>
      </object_component>
      <object_component id="oc-4f">
         <name>.debug_abbrev</name>
         <load_address>0xda</load_address>
         <run_address>0xda</run_address>
         <size>0x24</size>
         <input_file_ref idref="fl-137"/>
      </object_component>
      <object_component id="oc-60">
         <name>.debug_abbrev</name>
         <load_address>0xfe</load_address>
         <run_address>0xfe</run_address>
         <size>0x74</size>
         <input_file_ref idref="fl-138"/>
      </object_component>
      <object_component id="oc-64">
         <name>.debug_abbrev</name>
         <load_address>0x172</load_address>
         <run_address>0x172</run_address>
         <size>0x24</size>
         <input_file_ref idref="fl-138"/>
      </object_component>
      <object_component id="oc-67">
         <name>.debug_abbrev</name>
         <load_address>0x196</load_address>
         <run_address>0x196</run_address>
         <size>0x79</size>
         <input_file_ref idref="fl-3"/>
      </object_component>
      <object_component id="oc-68">
         <name>.debug_abbrev</name>
         <load_address>0x20f</load_address>
         <run_address>0x20f</run_address>
         <size>0x54</size>
         <input_file_ref idref="fl-3"/>
      </object_component>
      <object_component id="oc-6c">
         <name>.debug_abbrev</name>
         <load_address>0x263</load_address>
         <run_address>0x263</run_address>
         <size>0x35</size>
         <input_file_ref idref="fl-2"/>
      </object_component>
      <object_component id="oc-75">
         <name>.debug_abbrev</name>
         <load_address>0x298</load_address>
         <run_address>0x298</run_address>
         <size>0x80</size>
         <input_file_ref idref="fl-13f"/>
      </object_component>
      <object_component id="oc-7c">
         <name>.debug_abbrev</name>
         <load_address>0x318</load_address>
         <run_address>0x318</run_address>
         <size>0x68</size>
         <input_file_ref idref="fl-13e"/>
      </object_component>
      <object_component id="oc-7f">
         <name>.debug_abbrev</name>
         <load_address>0x380</load_address>
         <run_address>0x380</run_address>
         <size>0x1f</size>
         <input_file_ref idref="fl-2"/>
      </object_component>
      <object_component id="oc-89">
         <name>.debug_abbrev</name>
         <load_address>0x39f</load_address>
         <run_address>0x39f</run_address>
         <size>0xba</size>
         <input_file_ref idref="fl-13a"/>
      </object_component>
      <object_component id="oc-8c">
         <name>.debug_abbrev</name>
         <load_address>0x459</load_address>
         <run_address>0x459</run_address>
         <size>0x27</size>
         <input_file_ref idref="fl-13c"/>
      </object_component>
      <object_component id="oc-8e">
         <name>.debug_abbrev</name>
         <load_address>0x480</load_address>
         <run_address>0x480</run_address>
         <size>0x3d</size>
         <input_file_ref idref="fl-13b"/>
      </object_component>
      <object_component id="oc-91">
         <name>.debug_abbrev</name>
         <load_address>0x4bd</load_address>
         <run_address>0x4bd</run_address>
         <size>0x24</size>
         <input_file_ref idref="fl-137"/>
      </object_component>
      <object_component id="oc-94">
         <name>.debug_abbrev</name>
         <load_address>0x4e1</load_address>
         <run_address>0x4e1</run_address>
         <size>0x4c</size>
         <input_file_ref idref="fl-137"/>
      </object_component>
      <object_component id="oc-98">
         <name>.debug_abbrev</name>
         <load_address>0x52d</load_address>
         <run_address>0x52d</run_address>
         <size>0x24</size>
         <input_file_ref idref="fl-139"/>
      </object_component>
      <object_component id="oc-9d">
         <name>.debug_abbrev</name>
         <load_address>0x551</load_address>
         <run_address>0x551</run_address>
         <size>0x6d</size>
         <input_file_ref idref="fl-138"/>
      </object_component>
      <object_component id="oc-9e">
         <name>.debug_abbrev</name>
         <load_address>0x5be</load_address>
         <run_address>0x5be</run_address>
         <size>0x2c</size>
         <input_file_ref idref="fl-138"/>
      </object_component>
      <object_component id="oc-a0">
         <name>.debug_abbrev</name>
         <load_address>0x5ea</load_address>
         <run_address>0x5ea</run_address>
         <size>0x8c</size>
         <input_file_ref idref="fl-140"/>
      </object_component>
      <object_component id="oc-db">
         <name>.debug_abbrev</name>
         <load_address>0x676</load_address>
         <run_address>0x676</run_address>
         <size>0x54</size>
         <input_file_ref idref="fl-2"/>
      </object_component>
      <object_component id="oc-dc">
         <name>.debug_abbrev</name>
         <load_address>0x6ca</load_address>
         <run_address>0x6ca</run_address>
         <size>0x8e</size>
         <input_file_ref idref="fl-13e"/>
      </object_component>
      <object_component id="oc-e0">
         <name>.debug_abbrev</name>
         <load_address>0x758</load_address>
         <run_address>0x758</run_address>
         <size>0x49</size>
         <input_file_ref idref="fl-13e"/>
      </object_component>
      <object_component id="oc-e9">
         <name>.debug_abbrev</name>
         <load_address>0x7a1</load_address>
         <run_address>0x7a1</run_address>
         <size>0x29</size>
         <input_file_ref idref="fl-13d"/>
      </object_component>
      <object_component id="oc-ed">
         <name>.debug_abbrev</name>
         <load_address>0x7ca</load_address>
         <run_address>0x7ca</run_address>
         <size>0x29</size>
         <input_file_ref idref="fl-13a"/>
      </object_component>
      <object_component id="oc-ef">
         <name>.debug_abbrev</name>
         <load_address>0x7f3</load_address>
         <run_address>0x7f3</run_address>
         <size>0x6b</size>
         <input_file_ref idref="fl-13a"/>
      </object_component>
      <object_component id="oc-f1">
         <name>.debug_abbrev</name>
         <load_address>0x85e</load_address>
         <run_address>0x85e</run_address>
         <size>0x8c</size>
         <input_file_ref idref="fl-140"/>
      </object_component>
      <object_component id="oc-f5">
         <name>.debug_abbrev</name>
         <load_address>0x8ea</load_address>
         <run_address>0x8ea</run_address>
         <size>0x4b</size>
         <input_file_ref idref="fl-140"/>
      </object_component>
      <object_component id="oc-f9">
         <name>.debug_abbrev</name>
         <load_address>0x935</load_address>
         <run_address>0x935</run_address>
         <size>0x7a</size>
         <input_file_ref idref="fl-a"/>
      </object_component>
      <object_component id="oc-fb">
         <name>.debug_abbrev</name>
         <load_address>0x9af</load_address>
         <run_address>0x9af</run_address>
         <size>0x6c</size>
         <input_file_ref idref="fl-a"/>
      </object_component>
      <object_component id="oc-108">
         <name>.debug_abbrev</name>
         <load_address>0xa1b</load_address>
         <run_address>0xa1b</run_address>
         <size>0x7a</size>
         <input_file_ref idref="fl-8"/>
      </object_component>
      <object_component id="oc-10a">
         <name>.debug_abbrev</name>
         <load_address>0xa95</load_address>
         <run_address>0xa95</run_address>
         <size>0x6c</size>
         <input_file_ref idref="fl-b"/>
      </object_component>
      <object_component id="oc-10c">
         <name>.debug_abbrev</name>
         <load_address>0xb01</load_address>
         <run_address>0xb01</run_address>
         <size>0x6c</size>
         <input_file_ref idref="fl-b"/>
      </object_component>
      <object_component id="oc-10d">
         <name>.debug_abbrev</name>
         <load_address>0xb6d</load_address>
         <run_address>0xb6d</run_address>
         <size>0x6c</size>
         <input_file_ref idref="fl-b"/>
      </object_component>
      <object_component id="oc-10e">
         <name>.debug_abbrev</name>
         <load_address>0xbd9</load_address>
         <run_address>0xbd9</run_address>
         <size>0x6e</size>
         <input_file_ref idref="fl-b"/>
      </object_component>
      <object_component id="oc-111">
         <name>.debug_abbrev</name>
         <load_address>0xc47</load_address>
         <run_address>0xc47</run_address>
         <size>0x1f</size>
         <input_file_ref idref="fl-8"/>
      </object_component>
      <object_component id="oc-114">
         <name>.debug_abbrev</name>
         <load_address>0xc66</load_address>
         <run_address>0xc66</run_address>
         <size>0x6c</size>
         <input_file_ref idref="fl-b"/>
      </object_component>
      <object_component id="oc-115">
         <name>.debug_abbrev</name>
         <load_address>0xcd2</load_address>
         <run_address>0xcd2</run_address>
         <size>0x6c</size>
         <input_file_ref idref="fl-8"/>
      </object_component>
      <object_component id="oc-116">
         <name>.debug_abbrev</name>
         <load_address>0xd3e</load_address>
         <run_address>0xd3e</run_address>
         <size>0x29</size>
         <input_file_ref idref="fl-2"/>
      </object_component>
      <object_component id="oc-119">
         <name>.debug_abbrev</name>
         <load_address>0xd67</load_address>
         <run_address>0xd67</run_address>
         <size>0x6f</size>
         <input_file_ref idref="fl-13d"/>
      </object_component>
      <object_component id="oc-11a">
         <name>.debug_abbrev</name>
         <load_address>0xdd6</load_address>
         <run_address>0xdd6</run_address>
         <size>0x45</size>
         <input_file_ref idref="fl-13d"/>
      </object_component>
      <object_component id="oc-11c">
         <name>.debug_abbrev</name>
         <load_address>0xe1b</load_address>
         <run_address>0xe1b</run_address>
         <size>0xb0</size>
         <input_file_ref idref="fl-a"/>
      </object_component>
      <object_component id="oc-120">
         <name>.debug_abbrev</name>
         <load_address>0xecb</load_address>
         <run_address>0xecb</run_address>
         <size>0x49</size>
         <input_file_ref idref="fl-a"/>
      </object_component>
      <object_component id="oc-123">
         <name>.debug_abbrev</name>
         <load_address>0xf14</load_address>
         <run_address>0xf14</run_address>
         <size>0x6c</size>
         <input_file_ref idref="fl-8"/>
      </object_component>
      <object_component id="oc-124">
         <name>.debug_abbrev</name>
         <load_address>0xf80</load_address>
         <run_address>0xf80</run_address>
         <size>0x6c</size>
         <input_file_ref idref="fl-8"/>
      </object_component>
      <object_component id="oc-125">
         <name>.debug_abbrev</name>
         <load_address>0xfec</load_address>
         <run_address>0xfec</run_address>
         <size>0x72</size>
         <input_file_ref idref="fl-8"/>
      </object_component>
      <object_component id="oc-127">
         <name>.debug_abbrev</name>
         <load_address>0x105e</load_address>
         <run_address>0x105e</run_address>
         <size>0x72</size>
         <input_file_ref idref="fl-b"/>
      </object_component>
      <object_component id="oc-129">
         <name>.debug_abbrev</name>
         <load_address>0x10d0</load_address>
         <run_address>0x10d0</run_address>
         <size>0x6e</size>
         <input_file_ref idref="fl-2"/>
      </object_component>
      <object_component id="oc-12d">
         <name>.debug_abbrev</name>
         <load_address>0x113e</load_address>
         <run_address>0x113e</run_address>
         <size>0x24</size>
         <input_file_ref idref="fl-2"/>
      </object_component>
      <object_component id="oc-151">
         <name>.debug_abbrev</name>
         <load_address>0x1162</load_address>
         <run_address>0x1162</run_address>
         <size>0xf</size>
      </object_component>
      <object_component id="oc-4e">
         <name>.debug_pubtypes</name>
         <load_address>0x0</load_address>
         <run_address>0x0</run_address>
         <size>0x48</size>
         <input_file_ref idref="fl-137"/>
      </object_component>
      <object_component id="oc-63">
         <name>.debug_pubtypes</name>
         <load_address>0x48</load_address>
         <run_address>0x48</run_address>
         <size>0x37</size>
         <input_file_ref idref="fl-138"/>
      </object_component>
      <object_component id="oc-6b">
         <name>.debug_pubtypes</name>
         <load_address>0x7f</load_address>
         <run_address>0x7f</run_address>
         <size>0x1c6</size>
         <input_file_ref idref="fl-2"/>
      </object_component>
      <object_component id="oc-7e">
         <name>.debug_pubtypes</name>
         <load_address>0x245</load_address>
         <run_address>0x245</run_address>
         <size>0xed</size>
         <input_file_ref idref="fl-2"/>
      </object_component>
      <object_component id="oc-8b">
         <name>.debug_pubtypes</name>
         <load_address>0x332</load_address>
         <run_address>0x332</run_address>
         <size>0x1f</size>
         <input_file_ref idref="fl-13a"/>
      </object_component>
      <object_component id="oc-90">
         <name>.debug_pubtypes</name>
         <load_address>0x351</load_address>
         <run_address>0x351</run_address>
         <size>0x1d</size>
         <input_file_ref idref="fl-137"/>
      </object_component>
      <object_component id="oc-97">
         <name>.debug_pubtypes</name>
         <load_address>0x36e</load_address>
         <run_address>0x36e</run_address>
         <size>0x1d</size>
         <input_file_ref idref="fl-139"/>
      </object_component>
      <object_component id="oc-df">
         <name>.debug_pubtypes</name>
         <load_address>0x38b</load_address>
         <run_address>0x38b</run_address>
         <size>0x1b</size>
         <input_file_ref idref="fl-13e"/>
      </object_component>
      <object_component id="oc-ec">
         <name>.debug_pubtypes</name>
         <load_address>0x3a6</load_address>
         <run_address>0x3a6</run_address>
         <size>0x1f</size>
         <input_file_ref idref="fl-13d"/>
      </object_component>
      <object_component id="oc-f4">
         <name>.debug_pubtypes</name>
         <load_address>0x3c5</load_address>
         <run_address>0x3c5</run_address>
         <size>0x50</size>
         <input_file_ref idref="fl-140"/>
      </object_component>
      <object_component id="oc-110">
         <name>.debug_pubtypes</name>
         <load_address>0x415</load_address>
         <run_address>0x415</run_address>
         <size>0xff</size>
         <input_file_ref idref="fl-8"/>
      </object_component>
      <object_component id="oc-11f">
         <name>.debug_pubtypes</name>
         <load_address>0x514</load_address>
         <run_address>0x514</run_address>
         <size>0x28</size>
         <input_file_ref idref="fl-a"/>
      </object_component>
      <object_component id="oc-12c">
         <name>.debug_pubtypes</name>
         <load_address>0x53c</load_address>
         <run_address>0x53c</run_address>
         <size>0x1c</size>
         <input_file_ref idref="fl-2"/>
      </object_component>
      <object_component id="oc-51">
         <name>.debug_str</name>
         <load_address>0x0</load_address>
         <run_address>0x0</run_address>
         <size>0xb5</size>
         <input_file_ref idref="fl-137"/>
      </object_component>
      <object_component id="oc-66">
         <name>.debug_str</name>
         <load_address>0xb5</load_address>
         <run_address>0xb5</run_address>
         <size>0xa7</size>
         <input_file_ref idref="fl-138"/>
      </object_component>
      <object_component id="oc-6e">
         <name>.debug_str</name>
         <load_address>0x15c</load_address>
         <run_address>0x15c</run_address>
         <size>0x212</size>
         <input_file_ref idref="fl-2"/>
      </object_component>
      <object_component id="oc-81">
         <name>.debug_str</name>
         <load_address>0x36e</load_address>
         <run_address>0x36e</run_address>
         <size>0xf5</size>
         <input_file_ref idref="fl-2"/>
      </object_component>
      <object_component id="oc-93">
         <name>.debug_str</name>
         <load_address>0x463</load_address>
         <run_address>0x463</run_address>
         <size>0x9c</size>
         <input_file_ref idref="fl-137"/>
      </object_component>
      <object_component id="oc-9a">
         <name>.debug_str</name>
         <load_address>0x4ff</load_address>
         <run_address>0x4ff</run_address>
         <size>0x9c</size>
         <input_file_ref idref="fl-139"/>
      </object_component>
      <object_component id="oc-e2">
         <name>.debug_str</name>
         <load_address>0x59b</load_address>
         <run_address>0x59b</run_address>
         <size>0x8b</size>
         <input_file_ref idref="fl-13e"/>
      </object_component>
      <object_component id="oc-f7">
         <name>.debug_str</name>
         <load_address>0x626</load_address>
         <run_address>0x626</run_address>
         <size>0xf3</size>
         <input_file_ref idref="fl-140"/>
      </object_component>
      <object_component id="oc-113">
         <name>.debug_str</name>
         <load_address>0x719</load_address>
         <run_address>0x719</run_address>
         <size>0xf5</size>
         <input_file_ref idref="fl-8"/>
      </object_component>
      <object_component id="oc-122">
         <name>.debug_str</name>
         <load_address>0x80e</load_address>
         <run_address>0x80e</run_address>
         <size>0x141</size>
         <input_file_ref idref="fl-a"/>
      </object_component>
      <object_component id="oc-12f">
         <name>.debug_str</name>
         <load_address>0x94f</load_address>
         <run_address>0x94f</run_address>
         <size>0xd5</size>
         <input_file_ref idref="fl-2"/>
      </object_component>
   </object_component_list>
   <logical_group_list>
      <logical_group id="lg-3" display="no" color="cyan">
         <name>.intvecs</name>
         <load_address>0x0</load_address>
         <run_address>0x0</run_address>
         <size>0x26c</size>
         <contents>
            <object_component_ref idref="oc-e"/>
         </contents>
      </logical_group>
      <logical_group id="lg-4" display="no" color="cyan">
         <name>.text</name>
         <load_address>0x26c</load_address>
         <run_address>0x26c</run_address>
         <size>0x66a</size>
         <contents>
            <object_component_ref idref="oc-fc"/>
            <object_component_ref idref="oc-a2"/>
            <object_component_ref idref="oc-47"/>
            <object_component_ref idref="oc-32"/>
            <object_component_ref idref="oc-76"/>
            <object_component_ref idref="oc-b4"/>
            <object_component_ref idref="oc-5a"/>
            <object_component_ref idref="oc-11"/>
            <object_component_ref idref="oc-6f"/>
            <object_component_ref idref="oc-3d"/>
            <object_component_ref idref="oc-a8"/>
            <object_component_ref idref="oc-102"/>
            <object_component_ref idref="oc-ae"/>
            <object_component_ref idref="oc-37"/>
            <object_component_ref idref="oc-e3"/>
            <object_component_ref idref="oc-ba"/>
            <object_component_ref idref="oc-c0"/>
            <object_component_ref idref="oc-16"/>
            <object_component_ref idref="oc-29"/>
            <object_component_ref idref="oc-c6"/>
            <object_component_ref idref="oc-d2"/>
            <object_component_ref idref="oc-f8"/>
            <object_component_ref idref="oc-22"/>
            <object_component_ref idref="oc-cc"/>
         </contents>
      </logical_group>
      <logical_group id="lg-5" display="no" color="cyan">
         <name>.const</name>
         <run_address>0x0</run_address>
         <size>0x0</size>
         <contents>
         </contents>
      </logical_group>
      <logical_group id="lg-6" display="no" color="cyan">
         <name>.cinit</name>
         <load_address>0x8d8</load_address>
         <run_address>0x8d8</run_address>
         <size>0x20</size>
         <contents>
            <object_component_ref idref="oc-14e"/>
            <object_component_ref idref="oc-14c"/>
            <object_component_ref idref="oc-14d"/>
         </contents>
      </logical_group>
      <logical_group id="lg-7" display="no" color="cyan">
         <name>.pinit</name>
         <run_address>0x0</run_address>
         <size>0x0</size>
         <contents>
         </contents>
      </logical_group>
      <logical_group id="lg-8" display="no" color="cyan">
         <name>.init_array</name>
         <run_address>0x0</run_address>
         <size>0x0</size>
         <contents>
         </contents>
      </logical_group>
      <logical_group id="lg-9" display="no" color="cyan">
         <name>.vtable</name>
         <run_address>0x0</run_address>
         <size>0x0</size>
         <contents>
         </contents>
      </logical_group>
      <logical_group id="lg-a" display="no" color="cyan">
         <name>.data</name>
         <run_address>0x20000064</run_address>
         <size>0x15</size>
         <contents>
            <object_component_ref idref="oc-43"/>
            <object_component_ref idref="oc-83"/>
            <object_component_ref idref="oc-86"/>
            <object_component_ref idref="oc-d8"/>
         </contents>
      </logical_group>
      <logical_group id="lg-b" display="no" color="cyan">
         <name>.bss</name>
         <run_address>0x0</run_address>
         <size>0x0</size>
         <contents>
         </contents>
      </logical_group>
      <logical_group id="lg-c" display="no" color="cyan">
         <name>.sysmem</name>
         <run_address>0x0</run_address>
         <size>0x0</size>
         <contents>
         </contents>
      </logical_group>
      <logical_group id="lg-d" display="no" color="cyan">
         <name>.stack</name>
         <run_address>0x20000000</run_address>
         <size>0x64</size>
         <contents>
            <object_component_ref idref="oc-28"/>
            <object_component_ref idref="oc-14f"/>
         </contents>
      </logical_group>
      <logical_group id="lg-13c" display="never" color="cyan">
         <name>.debug_info</name>
         <load_address>0x0</load_address>
         <run_address>0x0</run_address>
         <size>0x4a51</size>
         <contents>
            <object_component_ref idref="oc-f"/>
            <object_component_ref idref="oc-14"/>
            <object_component_ref idref="oc-19"/>
            <object_component_ref idref="oc-25"/>
            <object_component_ref idref="oc-2b"/>
            <object_component_ref idref="oc-31"/>
            <object_component_ref idref="oc-34"/>
            <object_component_ref idref="oc-38"/>
[...]
            <object_component_ref idref="oc-104"/>
         </contents>
      </logical_group>
      <logical_group id="lg-142" display="never" color="cyan">
         <name>.debug_line</name>
         <load_address>0x0</load_address>
         <run_address>0x0</run_address>
         <size>0x146a</size>
         <contents>
            <object_component_ref idref="oc-13"/>
            <object_component_ref idref="oc-1b"/>
            <object_component_ref idref="oc-24"/>
            <object_component_ref idref="oc-2e"/>
            <object_component_ref idref="oc-30"/>
            <object_component_ref idref="oc-33"/>
            <object_component_ref idref="oc-3b"/>
            <object_component_ref idref="oc-3e"/>
            <object_component_ref idref="oc-49"/>
            <object_component_ref idref="oc-50"/>
            <object_component_ref idref="oc-5f"/>
            <object_component_ref idref="oc-65"/>
            <object_component_ref idref="oc-69"/>
            <object_component_ref idref="oc-6d"/>
            <object_component_ref idref="oc-71"/>
            <object_component_ref idref="oc-7b"/>
            <object_component_ref idref="oc-80"/>
            <object_component_ref idref="oc-8d"/>
            <object_component_ref idref="oc-92"/>
            <object_component_ref idref="oc-95"/>
            <object_component_ref idref="oc-99"/>
            <object_component_ref idref="oc-9f"/>
            <object_component_ref idref="oc-a7"/>
            <object_component_ref idref="oc-ac"/>
            <object_component_ref idref="oc-b2"/>
            <object_component_ref idref="oc-b9"/>
            <object_component_ref idref="oc-be"/>
            <object_component_ref idref="oc-c5"/>
            <object_component_ref idref="oc-cb"/>
            <object_component_ref idref="oc-d1"/>
            <object_component_ref idref="oc-d6"/>
            <object_component_ref idref="oc-dd"/>
            <object_component_ref idref="oc-e1"/>
            <object_component_ref idref="oc-e4"/>
            <object_component_ref idref="oc-ea"/>
            <object_component_ref idref="oc-ee"/>
            <object_component_ref idref="oc-f0"/>
            <object_component_ref idref="oc-f2"/>
            <object_component_ref idref="oc-f6"/>
            <object_component_ref idref="oc-100"/>
            <object_component_ref idref="oc-106"/>
            <object_component_ref idref="oc-112"/>
            <object_component_ref idref="oc-117"/>
            <object_component_ref idref="oc-11b"/>
            <object_component_ref idref="oc-11d"/>
            <object_component_ref idref="oc-121"/>
            <object_component_ref idref="oc-126"/>
            <object_component_ref idref="oc-128"/>
            <object_component_ref idref="oc-12a"/>
            <object_component_ref idref="oc-12e"/>
         </contents>
      </logical_group>
      <logical_group id="lg-144" display="never" color="cyan">
         <name>.debug_frame</name>
         <load_address>0x0</load_address>
         <run_address>0x0</run_address>
         <size>0xaca</size>
         <contents>
            <object_component_ref idref="oc-17"/>
            <object_component_ref idref="oc-23"/>
            <object_component_ref idref="oc-2a"/>
            <object_component_ref idref="oc-3c"/>
            <object_component_ref idref="oc-42"/>
            <object_component_ref idref="oc-5e"/>
            <object_component_ref idref="oc-70"/>
            <object_component_ref idref="oc-7a"/>
            <object_component_ref idref="oc-a6"/>
            <object_component_ref idref="oc-ad"/>
            <object_component_ref idref="oc-b3"/>
            <object_component_ref idref="oc-b5"/>
            <object_component_ref idref="oc-bf"/>
            <object_component_ref idref="oc-c1"/>
            <object_component_ref idref="oc-c7"/>
            <object_component_ref idref="oc-cd"/>
            <object_component_ref idref="oc-d7"/>
            <object_component_ref idref="oc-e5"/>
            <object_component_ref idref="oc-101"/>
            <object_component_ref idref="oc-107"/>
         </contents>
      </logical_group>
      <logical_group id="lg-146" display="never" color="cyan">
         <name>.debug_abbrev</name>
         <load_address>0x0</load_address>
         <run_address>0x0</run_address>
         <size>0x1171</size>
         <contents>
            <object_component_ref idref="oc-2f"/>
            <object_component_ref idref="oc-46"/>
            <object_component_ref idref="oc-4c"/>
            <object_component_ref idref="oc-4f"/>
            <object_component_ref idref="oc-60"/>
            <object_component_ref idref="oc-64"/>
            <object_component_ref idref="oc-67"/>
            <object_component_ref idref="oc-68"/>
            <object_component_ref idref="oc-6c"/>
            <object_component_ref idref="oc-75"/>
            <object_component_ref idref="oc-7c"/>
            <object_component_ref idref="oc-7f"/>
            <object_component_ref idref="oc-89"/>
            <object_component_ref idref="oc-8c"/>
            <object_component_ref idref="oc-8e"/>
            <object_component_ref idref="oc-91"/>
            <object_component_ref idref="oc-94"/>
            <object_component_ref idref="oc-98"/>
            <object_component_ref idref="oc-9d"/>
            <object_component_ref idref="oc-9e"/>
            <object_component_ref idref="oc-a0"/>
            <object_component_ref idref="oc-db"/>
            <object_component_ref idref="oc-dc"/>
            <object_component_ref idref="oc-e0"/>
            <object_component_ref idref="oc-e9"/>
            <object_component_ref idref="oc-ed"/>
            <object_component_ref idref="oc-ef"/>
            <object_component_ref idref="oc-f1"/>
            <object_component_ref idref="oc-f5"/>
            <object_component_ref idref="oc-f9"/>
            <object_component_ref idref="oc-fb"/>
            <object_component_ref idref="oc-108"/>
            <object_component_ref idref="oc-10a"/>
            <object_component_ref idref="oc-10c"/>
            <object_component_ref idref="oc-10d"/>
            <object_component_ref idref="oc-10e"/>
            <object_component_ref idref="oc-111"/>
            <object_component_ref idref="oc-114"/>
            <object_component_ref idref="oc-115"/>
            <object_component_ref idref="oc-116"/>
            <object_component_ref idref="oc-119"/>
            <object_component_ref idref="oc-11a"/>
            <object_component_ref idref="oc-11c"/>
            <object_component_ref idref="oc-120"/>
            <object_component_ref idref="oc-123"/>
            <object_component_ref idref="oc-124"/>
            <object_component_ref idref="oc-125"/>
            <object_component_ref idref="oc-127"/>
            <object_component_ref idref="oc-129"/>
            <object_component_ref idref="oc-12d"/>
            <object_component_ref idref="oc-151"/>
         </contents>
      </logical_group>
      <logical_group id="lg-148" display="never" color="cyan">
         <name>.debug_pubtypes</name>
         <load_address>0x0</load_address>
         <run_address>0x0</run_address>
         <size>0x558</size>
         <contents>
            <object_component_ref idref="oc-4e"/>
            <object_component_ref idref="oc-63"/>
            <object_component_ref idref="oc-6b"/>
            <object_component_ref idref="oc-7e"/>
            <object_component_ref idref="oc-8b"/>
            <object_component_ref idref="oc-90"/>
            <object_component_ref idref="oc-97"/>
            <object_component_ref idref="oc-df"/>
            <object_component_ref idref="oc-ec"/>
            <object_component_ref idref="oc-f4"/>
            <object_component_ref idref="oc-110"/>
            <object_component_ref idref="oc-11f"/>
            <object_component_ref idref="oc-12c"/>
         </contents>
      </logical_group>
      <logical_group id="lg-14a" display="never" color="cyan">
         <name>.debug_str</name>
         <load_address>0x0</load_address>
         <run_address>0x0</run_address>
         <size>0xa24</size>
         <contents>
            <object_component_ref idref="oc-51"/>
            <object_component_ref idref="oc-66"/>
            <object_component_ref idref="oc-6e"/>
            <object_component_ref idref="oc-81"/>
            <object_component_ref idref="oc-93"/>
            <object_component_ref idref="oc-9a"/>
            <object_component_ref idref="oc-e2"/>
            <object_component_ref idref="oc-f7"/>
            <object_component_ref idref="oc-113"/>
            <object_component_ref idref="oc-122"/>
            <object_component_ref idref="oc-12f"/>
         </contents>
      </logical_group>
      <load_segment id="lg-155" display="no" color="cyan">
         <name>SEGMENT_0</name>
         <load_address>0x0</load_address>
         <run_address>0x0</run_address>
         <size>0x8f8</size>
         <flags>0x5</flags>
         <contents>
            <logical_group_ref idref="lg-3"/>
            <logical_group_ref idref="lg-4"/>
            <logical_group_ref idref="lg-6"/>
         </contents>
      </load_segment>
      <load_segment id="lg-156" display="no" color="cyan">
         <name>SEGMENT_1</name>
         <run_address>0x20000000</run_address>
         <size>0x79</size>
         <flags>0x6</flags>
         <contents>
            <logical_group_ref idref="lg-d"/>
            <logical_group_ref idref="lg-a"/>
         </contents>
      </load_segment>
   </logical_group_list>
   <placement_map>
      <memory_area display="yes" color="green">
         <name>FLASH</name>
         <page_id>0x0</page_id>
         <origin>0x0</origin>
         <length>0x40000</length>
         <used_space>0x8f6</used_space>
         <unused_space>0x3f70a</unused_space>
         <attributes>RX</attributes>
         <usage_details>
            <allocated_space>
               <start_address>0x0</start_address>
               <size>0x26c</size>
               <logical_group_ref idref="lg-3"/>
            </allocated_space>
            <allocated_space>
               <start_address>0x26c</start_address>
               <size>0x66a</size>
               <logical_group_ref idref="lg-4"/>
            </allocated_space>
            <available_space>
               <start_address>0x8d6</start_address>
               <size>0x2</size>
            </available_space>
            <allocated_space>
               <start_address>0x8d8</start_address>
               <size>0x20</size>
               <logical_group_ref idref="lg-6"/>
            </allocated_space>
            <available_space>
               <start_address>0x8f8</start_address>
               <size>0x3f708</size>
            </available_space>
         </usage_details>
      </memory_area>
      <memory_area display="yes" color="green">
         <name>SRAM</name>
         <page_id>0x0</page_id>
         <origin>0x20000000</origin>
         <length>0x8000</length>
         <used_space>0x79</used_space>
         <unused_space>0x7f87</unused_space>
         <attributes>RWX</attributes>
         <usage_details>
            <allocated_space>
               <start_address>0x20000000</start_address>
               <size>0x64</size>
               <logical_group_ref idref="lg-d"/>
            </allocated_space>
            <allocated_space>
               <start_address>0x20000064</start_address>
               <size>0x15</size>
               <logical_group_ref idref="lg-a"/>
            </allocated_space>
            <available_space>
               <start_address>0x20000079</start_address>
               <size>0x7f87</size>
            </available_space>
         </usage_details>
      </memory_area>
   </placement_map>
   <cptbl_list>
      <cptbl>
         <name>__TI_cinit_table</name>
         <cprec>
            <name>.data</name>
            <load_address>0x8d8</load_address>
            <load_size>0xf</load_size>
            <run_address>0x20000064</run_address>
            <run_size>0x15</run_size>
            <compression>rle</compression>
         </cprec>
      </cptbl>
   </cptbl_list>
   <handler_table>
      <handler_table_name>__TI_handler_table</handler_table_name>
      <handler>
         <index>0x0</index>
         <name>__TI_decompress_rle24</name>
      </handler>
      <handler>
         <index>0x1</index>
         <name>__TI_decompress_none</name>
      </handler>
   </handler_table>
   <symbol_table>
      <symbol id="sm-1">
         <name>__STACK_TOP</name>
         <value>0x20000200</value>
      </symbol>
      <symbol id="sm-2">
         <name>__TI_CINIT_Base</name>
         <value>0x8f0</value>
      </symbol>
      <symbol id="sm-3">
         <name>__TI_CINIT_Limit</name>
         <value>0x8f8</value>
      </symbol>
      <symbol id="sm-4">
         <name>__TI_Handler_Table_Base</name>
         <value>0x8e8</value>
      </symbol>
      <symbol id="sm-5">
         <name>__TI_Handler_Table_Limit</name>
         <value>0x8f0</value>
      </symbol>
      <symbol id="sm-6">
         <name>binit</name>
         <value>0xffffffff</value>
      </symbol>
      <symbol id="sm-7">
         <name>__binit__</name>
         <value>0xffffffff</value>
      </symbol>
      <symbol id="sm-8">
         <name>__STACK_SIZE</name>
         <value>0x64</value>
      </symbol>
      <symbol id="sm-9">
         <name>__STACK_END</name>
         <value>0x20000064</value>
      </symbol>
      <symbol id="sm-a">
         <name>__c_args__</name>
         <value>0xffffffff</value>
      </symbol>
      <symbol id="sm-48">
         <name>main</name>
         <value>0x5bd</value>
         <object_component_ref idref="oc-76"/>
      </symbol>
      <symbol id="sm-49">
         <name>choice</name>
         <value>0x20000078</value>
         <object_component_ref idref="oc-d8"/>
      </symbol>
      <symbol id="sm-65">
         <name>ResetISR</name>
         <value>0x8ab</value>
         <object_component_ref idref="oc-29"/>
      </symbol>
      <symbol id="sm-66">
         <name>g_pfnVectors</name>
         <value>0x0</value>
         <object_component_ref idref="oc-e"/>
      </symbol>
      <symbol id="sm-92">
         <name>GPIOPinTypeGPIOOutput</name>
         <value>0x837</value>
         <object_component_ref idref="oc-ae"/>
      </symbol>
      <symbol id="sm-93">
         <name>GPIODirModeSet</name>
         <value>0x80d</value>
         <object_component_ref idref="oc-102"/>
      </symbol>
      <symbol id="sm-94">
         <name>GPIOPinWrite</name>
         <value>0x8c1</value>
         <object_component_ref idref="oc-d2"/>
      </symbol>
      <symbol id="sm-95">
         <name>GPIOPadConfigSet</name>
         <value>0x26d</value>
         <object_component_ref idref="oc-fc"/>
      </symbol>
      <symbol id="sm-c2">
         <name>SysCtlClockSet</name>
         <value>0x39d</value>
         <object_component_ref idref="oc-a2"/>
      </symbol>
      <symbol id="sm-c3">
         <name>SysCtlDelay</name>
         <value>0x8c7</value>
         <object_component_ref idref="oc-f8"/>
      </symbol>
      <symbol id="sm-c4">
         <name>SysCtlPeripheralEnable</name>
         <value>0x7d9</value>
         <object_component_ref idref="oc-a8"/>
      </symbol>
      <symbol id="sm-f8">
         <name>TimerLoadSet</name>
         <value>0x87d</value>
         <object_component_ref idref="oc-ba"/>
      </symbol>
      <symbol id="sm-f9">
         <name>TimerEnable</name>
         <value>0x88f</value>
         <object_component_ref idref="oc-c0"/>
      </symbol>
      <symbol id="sm-fa">
         <name>TimerIntStatus</name>
         <value>0x8b7</value>
         <object_component_ref idref="oc-c6"/>
      </symbol>
      <symbol id="sm-fb">
         <name>TimerConfigure</name>
         <value>0x649</value>
         <object_component_ref idref="oc-b4"/>
      </symbol>
      <symbol id="sm-fc">
         <name>TimerIntClear</name>
         <value>0x8d3</value>
         <object_component_ref idref="oc-cc"/>
      </symbol>
      <symbol id="sm-10d">
         <name>_c_int00</name>
         <value>0x709</value>
         <object_component_ref idref="oc-11"/>
      </symbol>
      <symbol id="sm-10e">
         <name>__stack</name>
         <value>0x20000000</value>
         <object_component_ref idref="oc-28"/>
      </symbol>
      <symbol id="sm-125">
         <name>__TI_decompress_none</name>
         <value>0x89d</value>
         <object_component_ref idref="oc-16"/>
      </symbol>
      <symbol id="sm-149">
         <name>__TI_decompress_rle24</name>
         <value>0x8cd</value>
         <object_component_ref idref="oc-22"/>
      </symbol>
      <symbol id="sm-16e">
         <name>C$$EXIT</name>
         <value>0x795</value>
         <object_component_ref idref="oc-3d"/>
      </symbol>
      <symbol id="sm-16f">
         <name>abort</name>
         <value>0x799</value>
         <object_component_ref idref="oc-3d"/>
      </symbol>
      <symbol id="sm-170">
         <name>exit</name>
         <value>0x7a1</value>
         <object_component_ref idref="oc-3d"/>
      </symbol>
      <symbol id="sm-171">
         <name>__TI_dtors_ptr</name>
         <value>0x20000070</value>
         <object_component_ref idref="oc-86"/>
      </symbol>
      <symbol id="sm-172">
         <name>__TI_cleanup_ptr</name>
         <value>0x2000006c</value>
         <object_component_ref idref="oc-86"/>
      </symbol>
      <symbol id="sm-18d">
         <name>memcpy</name>
         <value>0x48d</value>
         <object_component_ref idref="oc-47"/>
      </symbol>
      <symbol id="sm-18e">
         <name>__aeabi_memcpy</name>
         <value>0x48d</value>
         <object_component_ref idref="oc-47"/>
      </symbol>
      <symbol id="sm-18f">
         <name>__aeabi_memcpy8</name>
         <value>0x48d</value>
         <object_component_ref idref="oc-47"/>
      </symbol>
      <symbol id="sm-190">
         <name>__aeabi_memcpy4</name>
         <value>0x48d</value>
         <object_component_ref idref="oc-47"/>
      </symbol>
      <symbol id="sm-198">
         <name>main_func_sp</name>
         <value>0x20000074</value>
         <object_component_ref idref="oc-43"/>
      </symbol>
      <symbol id="sm-1b1">
         <name>_nop</name>
         <value>0x877</value>
         <object_component_ref idref="oc-e3"/>
      </symbol>
      <symbol id="sm-1b2">
         <name>_lock</name>
         <value>0x20000064</value>
         <object_component_ref idref="oc-83"/>
      </symbol>
      <symbol id="sm-1b3">
         <name>_unlock</name>
         <value>0x20000068</value>
         <object_component_ref idref="oc-83"/>
      </symbol>
      <symbol id="sm-1b4">
         <name>_register_lock</name>
         <value>0x86f</value>
         <object_component_ref idref="oc-e3"/>
      </symbol>
      <symbol id="sm-1b5">
         <name>_register_unlock</name>
         <value>0x869</value>
         <object_component_ref idref="oc-e3"/>
      </symbol>
      <symbol id="sm-1c9">
         <name>_args_main</name>
         <value>0x851</value>
         <object_component_ref idref="oc-37"/>
      </symbol>
      <symbol id="sm-1e6">
         <name>__TI_auto_init</name>
         <value>0x529</value>
         <object_component_ref idref="oc-32"/>
      </symbol>
      <symbol id="sm-1ff">
         <name>copy_in</name>
         <value>0x751</value>
         <object_component_ref idref="oc-6f"/>
      </symbol>
      <symbol id="sm-200">
         <name>__TI_static_base__</name>
         <value>0x0</value>
      </symbol>
      <symbol id="sm-201">
         <name>__TI_args_main</name>
         <value>0x1</value>
      </symbol>
      <symbol id="sm-202">
         <name>SHT$$INIT_ARRAY$$Limit</name>
         <value>0x0</value>
      </symbol>
      <symbol id="sm-203">
         <name>SHT$$INIT_ARRAY$$Base</name>
         <value>0x0</value>
      </symbol>
   </symbol_table>
   <title>Link successful</title>
</link_info>
