******************************************************************************
                  TI ARM Linker PC v5.1.6                      
******************************************************************************
>> Linked Wed May 18 21:21:02 2016

OUTPUT FILE NAME:   <TIVAC_TimerInterrupt_LAB7.out>
ENTRY POINT SYMBOL: "_c_int00"  address: 00000709


MEMORY CONFIGURATION

         name            origin    length      used     unused   attr    fill
----------------------  --------  ---------  --------  --------  ----  --------
  FLASH                 00000000   00040000  000008f6  0003f70a  R  X
  SRAM                  20000000   00008000  00000079  00007f87  RW X


SEGMENT ALLOCATION MAP

run origin  load origin   length   init length attrs members
----------  ----------- ---------- ----------- ----- -------
00000000    00000000    000008f8   000008f8    r-x
  00000000    00000000    0000026c   0000026c    r-- .intvecs
  0000026c    0000026c    0000066a   0000066a    r-x .text
  000008d8    000008d8    00000020   00000020    r-- .cinit
20000000    20000000    00000079   00000000    rw-
  20000000    20000000    00000064   00000000    rw- .stack
  20000064    20000064    00000015   00000000    rw- .data


SECTION ALLOCATION MAP

 output                                  attributes/
section   page    origin      length       input sections
--------  ----  ----------  ----------   ----------------
.intvecs   0    00000000    0000026c     
                  00000000    0000026c     tm4c123gh6pm_startup_ccs.obj (.intvecs)

.init_array 
*          0    00000000    00000000     UNINITIALIZED

.text      0    0000026c    0000066a     
                  0000026c    00000130     driverlib.lib : gpio.obj (.text:GPIOPadConfigSet)
                  0000039c    000000f0                   : sysctl.obj (.text:SysCtlClockSet)
                  0000048c    0000009c     rtsv7M4_T_le_v4SPD16_eabi.lib : memcpy_t2.obj (.text)
                  00000528    00000094                                   : auto_init.obj (.text)
                  000005bc    0000008c     main.obj (.text)
                  00000648    00000060     driverlib.lib : timer.obj (.text:TimerConfigure)
                  000006a8    0000005e     rtsv7M4_T_le_v4SPD16_eabi.lib : copy_decompress_rle.obj (.text)
                  00000706    00000002     --HOLE-- [fill = 0]
                  00000708    00000048                                   : boot.obj (.text)
                  00000750    00000044                                   : cpy_tbl.obj (.text)
                  00000794    00000044                                   : exit.obj (.text)
                  000007d8    00000034     driverlib.lib : sysctl.obj (.text:SysCtlPeripheralEnable)
                  0000080c    0000002a                   : gpio.obj (.text:GPIODirModeSet)
                  00000836    00000018                   : gpio.obj (.text:GPIOPinTypeGPIOOutput)
                  0000084e    00000002     --HOLE-- [fill = 0]
                  00000850    00000018     rtsv7M4_T_le_v4SPD16_eabi.lib : args_main.obj (.text)
                  00000868    00000014                                   : _lock.obj (.text)
                  0000087c    00000012     driverlib.lib : timer.obj (.text:TimerLoadSet)
                  0000088e    0000000e                   : timer.obj (.text:TimerEnable)
                  0000089c    0000000e     rtsv7M4_T_le_v4SPD16_eabi.lib : copy_decompress_none.obj (.text:decompress:none)
                  000008aa    0000000c     tm4c123gh6pm_startup_ccs.obj (.text)
                  000008b6    0000000a     driverlib.lib : timer.obj (.text:TimerIntStatus)
                  000008c0    00000006                   : gpio.obj (.text:GPIOPinWrite)
                  000008c6    00000006                   : sysctl.obj (.text:SysCtlDelay)
                  000008cc    00000006     rtsv7M4_T_le_v4SPD16_eabi.lib : copy_decompress_rle.obj (.text:decompress:rle24)
                  000008d2    00000004     driverlib.lib : timer.obj (.text:TimerIntClear)

.cinit     0    000008d8    00000020     
                  000008d8    0000000f     (.cinit..data.load) [load image, compression = rle]
                  000008e7    00000001     --HOLE-- [fill = 0]
                  000008e8    00000008     (__TI_handler_table)
                  000008f0    00000008     (__TI_cinit_table)

.stack     0    20000000    00000064     UNINITIALIZED
                  20000000    00000064     --HOLE--

.data      0    20000064    00000015     UNINITIALIZED
                  20000064    00000008     rtsv7M4_T_le_v4SPD16_eabi.lib : _lock.obj (.data)
                  2000006c    00000008                                   : exit.obj (.data)
                  20000074    00000004                                   : stkdepth_vars.obj (.data)
                  20000078    00000001     main.obj (.data)


LINKER GENERATED COPY TABLES

__TI_cinit_table @ 000008f0 records: 1, size/record: 8, table size: 8
	.data: load addr=000008d8, load size=0000000f bytes, run addr=20000064, run size=00000015 bytes, compression=rle


LINKER GENERATED HANDLER TABLE

__TI_handler_table @ 000008e8 records: 2, size/record: 4, table size: 8
	index: 0, handler: __TI_decompress_rle24
	index: 1, handler: __TI_decompress_none


GLOBAL SYMBOLS: SORTED ALPHABETICALLY BY Name 

address    name
--------   ----
00000795   C$$EXIT
0000080d   GPIODirModeSet
0000026d   GPIOPadConfigSet
00000837   GPIOPinTypeGPIOOutput
000008c1   GPIOPinWrite
000008ab   ResetISR
UNDEFED    SHT$$INIT_ARRAY$$Base
UNDEFED    SHT$$INIT_ARRAY$$Limit
0000039d   SysCtlClockSet
000008c7   SysCtlDelay
000007d9   SysCtlPeripheralEnable
00000649   TimerConfigure
0000088f   TimerEnable
000008d3   TimerIntClear
000008b7   TimerIntStatus
0000087d   TimerLoadSet
20000064   __STACK_END
00000064   __STACK_SIZE
20000200   __STACK_TOP
000008f0   __TI_CINIT_Base
000008f8   __TI_CINIT_Limit
000008e8   __TI_Handler_Table_Base
000008f0   __TI_Handler_Table_Limit
00000001   __TI_args_main
00000529   __TI_auto_init
2000006c   __TI_cleanup_ptr
0000089d   __TI_decompress_none
000008cd   __TI_decompress_rle24
20000070   __TI_dtors_ptr
00000000   __TI_static_base__
0000048d   __aeabi_memcpy
0000048d   __aeabi_memcpy4
0000048d   __aeabi_memcpy8
ffffffff   __binit__
ffffffff   __c_args__
20000000   __stack
00000851   _args_main
00000709   _c_int00
20000064   _lock
00000877   _nop
0000086f   _register_lock
00000869   _register_unlock
20000068   _unlock
00000799   abort
ffffffff   binit
20000078   choice
00000751   copy_in
000007a1   exit
00000000   g_pfnVectors
000005bd   main
20000074   main_func_sp
0000048d   memcpy


GLOBAL SYMBOLS: SORTED BY Symbol Address 

address    name
--------   ----
00000000   __TI_static_base__
00000000   g_pfnVectors
00000001   __TI_args_main
00000064   __STACK_SIZE
0000026d   GPIOPadConfigSet
0000039d   SysCtlClockSet
0000048d   __aeabi_memcpy
0000048d   __aeabi_memcpy4
0000048d   __aeabi_memcpy8
0000048d   memcpy
00000529   __TI_auto_init
000005bd   main
00000649   TimerConfigure
00000709   _c_int00
00000751   copy_in
00000795   C$$EXIT
00000799   abort
000007a1   exit
000007d9   SysCtlPeripheralEnable
0000080d   GPIODirModeSet
00000837   GPIOPinTypeGPIOOutput
00000851   _args_main
00000869   _register_unlock
0000086f   _register_lock
00000877   _nop
0000087d   TimerLoadSet
0000088f   TimerEnable
0000089d   __TI_decompress_none
000008ab   ResetISR
000008b7   TimerIntStatus
000008c1   GPIOPinWrite
000008c7   SysCtlDelay
000008cd   __TI_decompress_rle24
000008d3   TimerIntClear
000008e8   __TI_Handler_Table_Base
000008f0   __TI_CINIT_Base
000008f0   __TI_Handler_Table_Limit
000008f8   __TI_CINIT_Limit
20000000   __stack
20000064   __STACK_END
20000064   _lock
20000068   _unlock
2000006c   __TI_cleanup_ptr
20000070   __TI_dtors_ptr
20000074   main_func_sp
20000078   choice
20000200   __STACK_TOP
ffffffff   __binit__
ffffffff   __c_args__
ffffffff   binit
UNDEFED    SHT$$INIT_ARRAY$$Base
UNDEFED    SHT$$INIT_ARRAY$$Limit

[52 symbols]
